D/MDP     (  161): DpBlit: in: (1280, 736, 40960, 20480, C12), crop: (0, 0, 1280, 720)
D/MDP     (  161): DpBlit: out: (1920, 1080, 3840, 0, C5), misc: (R:0, F:0, S:1, D:0)
V/OKPRFL_37zv2ah_RSB(31410):            "title": {
V/OKPRFL_37zv2ah_RSB(31410):                         "runs": [
V/OKPRFL_37zv2ah_RSB(31410):                           {
V/OKPRFL_37zv2ah_RSB(31410):                             "text": "Maggie Lindemann - Friends Go feat. Travis Barker [Official Video]"
V/OKPRFL_37zv2ah_RSB(31410):                           }
V/OKPRFL_37zv2ah_RSB(31410):                         ]
V/OKPRFL_37zv2ah_RSB(31410):                       },
V/OKPRFL_37zv2ah_RSB(31410):                       "subtitle": {
V/OKPRFL_37zv2ah_RSB(31410):                         "runs": [
V/OKPRFL_37zv2ah_RSB(31410):                           {
V/OKPRFL_37zv2ah_RSB(31410):                             "text": "Next"
V/OKPRFL_37zv2ah_RSB(31410):                           }
V/OKPRFL_37zv2ah_RSB(31410):                         ]
V/OKPRFL_37zv2ah_RSB(31410):                       },
V/OKPRFL_37zv2ah_RSB(31410):                       "thumbnail": {
V/OKPRFL_37zv2ah_RSB(31410):                         "thumbnails": [
V/OKPRFL_37zv2ah_RSB(31410):                           {
V/OKPRFL_37zv2ah_RSB(31410):                             "url": "https://i.ytimg.com/vi/NANEqgRauns/default.jpg",
V/OKPRFL_37zv2ah_RSB(31410):                             "width": 120,
V/OKPRFL_37zv2ah_RSB(31410):                             "height": 90
V/OKPRFL_37zv2ah_RSB(31410):                           },
V/OKPRFL_37zv2ah_RSB(31410):                           {
V/OKPRFL_37zv2ah_RSB(31410):                             "url": "https://i.ytimg.com/vi/NANEqgRauns/mqdefault.jpg",
V/OKPRFL_37zv2ah_RSB(31410):                             "width": 320,
V/OKPRFL_37zv2ah_RSB(31410):                             "height": 180
V/OKPRFL_37zv2ah_RSB(31410):                           },
V/OKPRFL_37zv2ah_RSB(31410):                           {
V/OKPRFL_37zv2ah_RSB(31410):                             "url": "https://i.ytimg.com/vi/NANEqgRauns/hqdefault.jpg?sqp=-oaymwEXCLwDEPoBSFryq4qpAwkIARUAAIhCGAE=&rs=AOn4CLAc1_Qg51dPu8cwMtg_QK3RBTv9rg",
V/OKPRFL_37zv2ah_RSB(31410):                             "width": 444,
V/OKPRFL_37zv2ah_RSB(31410):                             "height": 250
V/OKPRFL_37zv2ah_RSB(31410):                           },
V/OKPRFL_37zv2ah_RSB(31410):                           {
V/OKPRFL_37zv2ah_RSB(31410):                             "url": "https://i.ytimg.com/vi/NANEqgRauns/hqdefault.jpg",
V/OKPRFL_37zv2ah_RSB(31410):                             "width": 480,
V/OKPRFL_37zv2ah_RSB(31410):                             "height": 360
V/OKPRFL_37zv2ah_RSB(31410):                           },
V/OKPRFL_37zv2ah_RSB(31410):                           {
V/OKPRFL_37zv2ah_RSB(31410):                             "url": "https://i.ytimg.com/vi/NANEqgRauns/sddefault.jpg",
V/OKPRFL_37zv2ah_RSB(31410):                             "width": 640,
V/OKPRFL_37zv2ah_RSB(31410):                             "height": 480
V/OKPRFL_37zv2ah_RSB(31410):                           },
V/OKPRFL_37zv2ah_RSB(31410):                           {
V/OKPRFL_37zv2ah_RSB(31410):                             "url": "https://i.ytimg.com/vi/NANEqgRauns/maxresdefault.jpg",
V/OKPRFL_37zv2ah_RSB(31410):                             "width": 1920,
V/OKPRFL_37zv2ah_RSB(31410):                             "height": 1080
V/OKPRFL_37zv2ah_RSB(31410):                           }
V/OKPRFL_37zv2ah_RSB(31410):                         ]
V/OKPRFL_37zv2ah_RSB(31410):                       },
V/OKPRFL_37zv2ah_RSB(31410):                       "byline": {
V/OKPRFL_37zv2ah_RSB(31410):                         "runs": [
V/OKPRFL_37zv2ah_RSB(31410):                           {
V/OKPRFL_37zv2ah_RSB(31410):                             "text": "Maggie Lindemann",
V/OKPRFL_37zv2ah_RSB(31410):                             "navigationEndpoint": {
V/OKPRFL_37zv2ah_RSB(31410):                               "clickTrackingParams": "CL8BEKP2ASITCMCFtuan7-MCFUtlsgodcd0OsA==",
V/OKPRFL_37zv2ah_RSB(31410):                               "browseEndpoint": {
V/OKPRFL_37zv2ah_RSB(31410):                                 "browseId": "UCv011hIm-QqpgDGt32xrIRA",
V/OKPRFL_37zv2ah_RSB(31410):                                 "canonicalBaseUrl": "/channel/UCv011hIm-QqpgDGt32xrIRA"
V/OKPRFL_37zv2ah_RSB(31410):                               }
V/OKPRFL_37zv2ah_RSB(31410):                             }
V/OKPRFL_37zv2ah_RSB(31410):                           }
V/OKPRFL_37zv2ah_RSB(31410):                         ]
V/OKPRFL_37zv2ah_RSB(31410):                       }
V/OKPRFL_37zv2ah_RSB(31410):                     }
V/OKPRFL_37zv2ah_RSB(31410):                   },
V/OKPRFL_37zv2ah_RSB(31410):                   "trackingParams": "CL8BEKP2ASITCMCFtuan7-MCFUtlsgodcd0OsA=="
V/OKPRFL_37zv2ah_RSB(31410):                 }
V/OKPRFL_37zv2ah_RSB(31410):               },
V/OKPRFL_37zv2ah_RSB(31410):               "previousVideoRenderer": {
V/OKPRFL_37zv2ah_RSB(31410):                 "autoplayEndpointRenderer": {
V/OKPRFL_37zv2ah_RSB(31410):                   "endpoint": {
V/OKPRFL_37zv2ah_RSB(31410):                     "clickTrackingParams": "CL4BEKT2ASITCMCFtuan7-MCFUtlsgodcd0OsDIHYmZfcHJldki776mDpqfpqrkB",
V/OKPRFL_37zv2ah_RSB(31410):                     "watchPlaylistEndpoint": {
V/OKPRFL_37zv2ah_RSB(31410):                       "playlistId": "PLbl01QFpbBY3k5A8412DEqxwNuHBDudBz",
V/OKPRFL_37zv2ah_RSB(31410):                       "index": 629,
V/OKPRFL_37zv2ah_RSB(31410):                       "params": "EAMYAzgBYgt1VldsT21CcWQ3c2gA"
V/OKPRFL_37zv2ah_RSB(31410):                     }
V/OKPRFL_37zv2ah_RSB(31410):                   },
V/OKPRFL_37zv2ah_RSB(31410):                   "trackingParams": "CL4BEKT2ASITCMCFtuan7-MCFUtlsgodcd0OsA=="
V/OKPRFL_37zv2ah_RSB(31410):                 }
V/OKPRFL_37zv2ah_RSB(31410):               }
V/OKPRFL_37zv2ah_RSB(31410):             },
V/OKPRFL_37zv2ah_RSB(31410):             {
V/OKPRFL_37zv2ah_RSB(31410):               "mode": "SHUFFLE",
V/OKPRFL_37zv2ah_RSB(31410):               "autoplayVideoRenderer": {
V/OKPRFL_37zv2ah_RSB(31410):                 "autoplayEndpointRenderer": {
V/OKPRFL_37zv2ah_RSB(31410):                   "endpoint": {
V/OKPRFL_37zv2ah_RSB(31410):                     "clickTrackingParams": "CL0BELAwIhMIwIW25qfv4wIVS2WyCh1x3Q6wMghhdXRvcGxheUi776mDpqfpqrkB",
V/OKPRFL_37zv2ah_RSB(31410):                     "watchEndpoint": {
V/OKPRFL_37zv2ah_RSB(31410):                       "videoId": "6ONRf7h3Mdk",
V/OKPRFL_37zv2ah_RSB(31410):                       "playlistId": "PLbl01QFpbBY3k5A8412DEqxwNuHBDudBz",
V/OKPRFL_37zv2ah_RSB(31410):                       "index": 26,
V/OKPRFL_37zv2ah_RSB(31410):                       "params
D/MDP     (  161): DpBlit: time 10 ms
D/MDP     (  161): DpBlit: in: (1280, 736, 40960, 20480, C12), crop: (0, 0, 1280, 720)
D/MDP     (  161): DpBlit: out: (1920, 1080, 3840, 0, C5), misc: (R:0, F:0, S:1, D:0)
D/MDP     (  161): DpBlit: time 9 ms
D/MDP     (  161): DpBlit: in: (1280, 736, 40960, 20480, C12), crop: (0, 0, 1280, 720)
D/MDP     (  161): DpBlit: out: (1920, 1080, 3840, 0, C5), misc: (R:0, F:0, S:1, D:0)
D/MDP     (  161): DpBlit: time 9 ms
V/OKPRFL_37zv2ah_RSB(31410): ": "CMwZEAEYAiAAOAFiC3VWV2xPbUJxZDdzaAA%3D"
V/OKPRFL_37zv2ah_RSB(31410):                     }
V/OKPRFL_37zv2ah_RSB(31410):                   },
V/OKPRFL_37zv2ah_RSB(31410):                   "trackingParams": "CL0BELAwIhMIwIW25qfv4wIVS2WyCh1x3Q6w"
V/OKPRFL_37zv2ah_RSB(31410):                 }
V/OKPRFL_37zv2ah_RSB(31410):               },
V/OKPRFL_37zv2ah_RSB(31410):               "nextVideoRenderer": {
V/OKPRFL_37zv2ah_RSB(31410):                 "autoplayEndpointRenderer": {
V/OKPRFL_37zv2ah_RSB(31410):                   "endpoint": {
V/OKPRFL_37zv2ah_RSB(31410):                     "clickTrackingParams": "CLwBEKP2ASITCMCFtuan7-MCFUtlsgodcd0OsDIHYmZfbmV4dEi776mDpqfpqrkB",
V/OKPRFL_37zv2ah_RSB(31410):                     "watchEndpoint": {
V/OKPRFL_37zv2ah_RSB(31410):                       "videoId": "6ONRf7h3Mdk",
V/OKPRFL_37zv2ah_RSB(31410):                       "playlistId": "PLbl01QFpbBY3k5A8412DEqxwNuHBDudBz",
V/OKPRFL_37zv2ah_RSB(31410):                       "index": 26,
V/OKPRFL_37zv2ah_RSB(31410):                       "params": "CMwZEAIYAiAAOAFiC3VWV2xPbUJxZDdzaAA%3D"
V/OKPRFL_37zv2ah_RSB(31410):                     }
V/OKPRFL_37zv2ah_RSB(31410):                   },
V/OKPRFL_37zv2ah_RSB(31410):                   "item": {
V/OKPRFL_37zv2ah_RSB(31410):                     "previewButtonRenderer": {
V/OKPRFL_37zv2ah_RSB(31410):                       "title": {
V/OKPRFL_37zv2ah_RSB(31410):                         "runs": [
V/OKPRFL_37zv2ah_RSB(31410):                           {
V/OKPRFL_37zv2ah_RSB(31410):                             "text": "Travis Scott - SICKO MODE ft. Drake (Official Video)"
V/OKPRFL_37zv2ah_RSB(31410):                           }
V/OKPRFL_37zv2ah_RSB(31410):                         ]
V/OKPRFL_37zv2ah_RSB(31410):                       },
V/OKPRFL_37zv2ah_RSB(31410):                       "subtitle": {
V/OKPRFL_37zv2ah_RSB(31410):                         "runs": [
V/OKPRFL_37zv2ah_RSB(31410):                           {
V/OKPRFL_37zv2ah_RSB(31410):                             "text": "Next"
V/OKPRFL_37zv2ah_RSB(31410):                           }
V/OKPRFL_37zv2ah_RSB(31410):                         ]
V/OKPRFL_37zv2ah_RSB(31410):                       },
V/OKPRFL_37zv2ah_RSB(31410):                       "thumbnail": {
V/OKPRFL_37zv2ah_RSB(31410):                         "thumbnails": [
V/OKPRFL_37zv2ah_RSB(31410):                           {
V/OKPRFL_37zv2ah_RSB(31410):                             "url": "https://i.ytimg.com/vi/6ONRf7h3Mdk/default.jpg",
V/OKPRFL_37zv2ah_RSB(31410):                             "width": 120,
V/OKPRFL_37zv2ah_RSB(31410):                             "height": 90
V/OKPRFL_37zv2ah_RSB(31410):                           },
V/OKPRFL_37zv2ah_RSB(31410):                           {
V/OKPRFL_37zv2ah_RSB(31410):                             "url": "https://i.ytimg.com/vi/6ONRf7h3Mdk/mqdefault.jpg",
V/OKPRFL_37zv2ah_RSB(31410):                             "width": 320,
V/OKPRFL_37zv2ah_RSB(31410):                             "height": 180
V/OKPRFL_37zv2ah_RSB(31410):                           },
V/OKPRFL_37zv2ah_RSB(31410):                           {
V/OKPRFL_37zv2ah_RSB(31410):                             "url": "https://i.ytimg.com/vi/6ONRf7h3Mdk/hqdefault.jpg?sqp=-oaymwEXCLwDEPoBSFryq4qpAwkIARUAAIhCGAE=&rs=AOn4CLAF6Y65S7Svqs00Zxx278Xf5HwDdw",
V/OKPRFL_37zv2ah_RSB(31410):                             "width": 444,
V/OKPRFL_37zv2ah_RSB(31410):                             "height": 250
V/OKPRFL_37zv2ah_RSB(31410):                           },
V/OKPRFL_37zv2ah_RSB(31410):                           {
V/OKPRFL_37zv2ah_RSB(31410):                             "url": "https://i.ytimg.com/vi/6ONRf7h3Mdk/hqdefault.jpg",
V/OKPRFL_37zv2ah_RSB(31410):                             "width": 480,
V/OKPRFL_37zv2ah_RSB(31410):                             "height": 360
V/OKPRFL_37zv2ah_RSB(31410):                           },
V/OKPRFL_37zv2ah_RSB(31410):                           {
V/OKPRFL_37zv2ah_RSB(31410):                             "url": "https://i.ytimg.com/vi/6ONRf7h3Mdk/sddefault.jpg",
V/OKPRFL_37zv2ah_RSB(31410):                             "width": 640,
V/OKPRFL_37zv2ah_RSB(31410):                             "height": 480
V/OKPRFL_37zv2ah_RSB(31410):                           },
V/OKPRFL_37zv2ah_RSB(31410):                           {
V/OKPRFL_37zv2ah_RSB(31410):                             "url": "https://i.ytimg.com/vi/6ONRf7h3Mdk/maxresdefault.jpg",
V/OKPRFL_37zv2ah_RSB(31410):                             "width": 1920,
V/OKPRFL_37zv2ah_RSB(31410):                             "height": 1080
V/OKPRFL_37zv2ah_RSB(31410):                           }
V/OKPRFL_37zv2ah_RSB(31410):                         ]
V/OKPRFL_37zv2ah_RSB(31410):                       },
V/OKPRFL_37zv2ah_RSB(31410):                       "byline": {
V/OKPRFL_37zv2ah_RSB(31410):                         "runs": [
V/OKPRFL_37zv2ah_RSB(31410):                           {
V/OKPRFL_37zv2ah_RSB(31410):                             "text": "Travis Scott",
V/OKPRFL_37zv2ah_RSB(31410):                             "navigationEndpoint": {
V/OKPRFL_37zv2ah_RSB(31410):                               "clickTrackingParams": "CLwBEKP2ASITCMCFtuan7-MCFUtlsgodcd0OsA==",
V/OKPRFL_37zv2ah_RSB(31410):                               "browseEndpoint": {
V/OKPRFL_37zv2ah_RSB(31410):                                 "browseId": "UCtxdfwb9wfkoGocVUAJ-Bmg",
V/OKPRFL_37zv2ah_RSB(31410):                                 "canonicalBaseUrl": "/channel/UCtxdfwb9wfkoGocVUAJ-Bmg"
V/OKPRFL_37zv2ah_RSB(31410):                               }
V/OKPRFL_37zv2ah_RSB(31410):                             }
V/OKPRFL_37zv2ah_RSB(31410):                           }
V/OKPRFL_37zv2ah_RSB(31410):                         ]
V/OKPRFL_37zv2ah_RSB(31410):                       }
V/OKPRFL_37zv2ah_RSB(31410):                     }
V/OKPRFL_37zv2ah_RSB(31410):                   },
V/OKPRFL_37zv2ah_RSB(31410):                   "trackingParams": "CLwBEKP2ASITCMCFtuan7-MCFUtlsgodcd0OsA=="
V/OKPRFL_37zv2ah_RSB(31410):                 }
V/OKPRFL_37zv2ah_RSB(31410):               }
V/OKPRFL_37zv2ah_RSB(31410):             },
V/OKPRFL_37zv2ah_RSB(31410):             {
V/OKPRFL_37zv2ah_RSB(31410):               "mode": "LOOP_SHUFFLE",
V/OKPRFL_37zv2ah_RSB(31410):               "autoplayVideoRenderer": {
V/OKPRFL_37zv2ah_RSB(31410):                 "autoplayEndpointRenderer": {
V/OKPRFL_37zv2ah_RSB(31410):                   "endpoint": {
V/OKPRFL_37zv2ah_RSB(31410):                     "clickTrackingParams": "CLsBELAwIhMIwIW25qfv4wIVS2WyCh1x3Q6wMghhdXRvcGxheUi776mDpqfpqrkB",
V/OKPRFL_37zv2ah_RSB(31410):                     "wat
D/MDP     (  161): DpBlit: in: (1280, 736, 40960, 20480, C12), crop: (0, 0, 1280, 720)
D/MDP     (  161): DpBlit: out: (1920, 1080, 3840, 0, C5), misc: (R:0, F:0, S:1, D:0)
D/MDP     (  161): DpBlit: time 9 ms
V/OKPRFL_37zv2ah_RSB(31410): chEndpoint": {
V/OKPRFL_37zv2ah_RSB(31410):                       "videoId": "6ONRf7h3Mdk",
V/OKPRFL_37zv2ah_RSB(31410):                       "playlistId": "PLbl01QFpbBY3k5A8412DEqxwNuHBDudBz",
V/OKPRFL_37zv2ah_RSB(31410):                       "index": 26,
V/OKPRFL_37zv2ah_RSB(31410):                       "params": "CMwZEAEYBCAAOAFiC3VWV2xPbUJxZDdzaAA%3D"
V/OKPRFL_37zv2ah_RSB(31410):                     }
V/OKPRFL_37zv2ah_RSB(31410):                   },
V/OKPRFL_37zv2ah_RSB(31410):                   "trackingParams": "CLsBELAwIhMIwIW25qfv4wIVS2WyCh1x3Q6w"
V/OKPRFL_37zv2ah_RSB(31410):                 }
V/OKPRFL_37zv2ah_RSB(31410):               },
V/OKPRFL_37zv2ah_RSB(31410):               "nextVideoRenderer": {
V/OKPRFL_37zv2ah_RSB(31410):                 "autoplayEndpointRenderer": {
V/OKPRFL_37zv2ah_RSB(31410):                   "endpoint": {
V/OKPRFL_37zv2ah_RSB(31410):                     "clickTrackingParams": "CLoBEKP2ASITCMCFtuan7-MCFUtlsgodcd0OsDIHYmZfbmV4dEi776mDpqfpqrkB",
V/OKPRFL_37zv2ah_RSB(31410):                     "watchEndpoint": {
V/OKPRFL_37zv2ah_RSB(31410):                       "videoId": "6ONRf7h3Mdk",
V/OKPRFL_37zv2ah_RSB(31410):                       "playlistId": "PLbl01QFpbBY3k5A8412DEqxwNuHBDudBz",
V/OKPRFL_37zv2ah_RSB(31410):                       "index": 26,
V/OKPRFL_37zv2ah_RSB(31410):                       "params": "CMwZEAIYBCAAOAFiC3VWV2xPbUJxZDdzaAA%3D"
V/OKPRFL_37zv2ah_RSB(31410):                     }
V/OKPRFL_37zv2ah_RSB(31410):                   },
V/OKPRFL_37zv2ah_RSB(31410):                   "item": {
V/OKPRFL_37zv2ah_RSB(31410):                     "previewButtonRenderer": {
V/OKPRFL_37zv2ah_RSB(31410):                       "title": {
V/OKPRFL_37zv2ah_RSB(31410):                         "runs": [
V/OKPRFL_37zv2ah_RSB(31410):                           {
V/OKPRFL_37zv2ah_RSB(31410):                             "text": "Travis Scott - SICKO MODE ft. Drake (Official Video)"
V/OKPRFL_37zv2ah_RSB(31410):                           }
V/OKPRFL_37zv2ah_RSB(31410):                         ]
V/OKPRFL_37zv2ah_RSB(31410):                       },
V/OKPRFL_37zv2ah_RSB(31410):                       "subtitle": {
V/OKPRFL_37zv2ah_RSB(31410):                         "runs": [
V/OKPRFL_37zv2ah_RSB(31410):                           {
V/OKPRFL_37zv2ah_RSB(31410):                             "text": "Next"
V/OKPRFL_37zv2ah_RSB(31410):                           }
V/OKPRFL_37zv2ah_RSB(31410):                         ]
V/OKPRFL_37zv2ah_RSB(31410):                       },
V/OKPRFL_37zv2ah_RSB(31410):                       "thumbnail": {
V/OKPRFL_37zv2ah_RSB(31410):                         "thumbnails": [
V/OKPRFL_37zv2ah_RSB(31410):                           {
V/OKPRFL_37zv2ah_RSB(31410):                             "url": "https://i.ytimg.com/vi/6ONRf7h3Mdk/default.jpg",
V/OKPRFL_37zv2ah_RSB(31410):                             "width": 120,
V/OKPRFL_37zv2ah_RSB(31410):                             "height": 90
V/OKPRFL_37zv2ah_RSB(31410):                           },
V/OKPRFL_37zv2ah_RSB(31410):                           {
V/OKPRFL_37zv2ah_RSB(31410):                             "url": "https://i.ytimg.com/vi/6ONRf7h3Mdk/mqdefault.jpg",
V/OKPRFL_37zv2ah_RSB(31410):                             "width": 320,
V/OKPRFL_37zv2ah_RSB(31410):                             "height": 180
V/OKPRFL_37zv2ah_RSB(31410):                           },
V/OKPRFL_37zv2ah_RSB(31410):                           {
V/OKPRFL_37zv2ah_RSB(31410):                             "url": "https://i.ytimg.com/vi/6ONRf7h3Mdk/hqdefault.jpg?sqp=-oaymwEXCLwDEPoBSFryq4qpAwkIARUAAIhCGAE=&rs=AOn4CLAF6Y65S7Svqs00Zxx278Xf5HwDdw",
V/OKPRFL_37zv2ah_RSB(31410):                             "width": 444,
V/OKPRFL_37zv2ah_RSB(31410):                             "height": 250
V/OKPRFL_37zv2ah_RSB(31410):                           },
V/OKPRFL_37zv2ah_RSB(31410):                           {
V/OKPRFL_37zv2ah_RSB(31410):                             "url": "https://i.ytimg.com/vi/6ONRf7h3Mdk/hqdefault.jpg",
V/OKPRFL_37zv2ah_RSB(31410):                             "width": 480,
V/OKPRFL_37zv2ah_RSB(31410):                             "height": 360
V/OKPRFL_37zv2ah_RSB(31410):                           },
V/OKPRFL_37zv2ah_RSB(31410):                           {
V/OKPRFL_37zv2ah_RSB(31410):                             "url": "https://i.ytimg.com/vi/6ONRf7h3Mdk/sddefault.jpg",
V/OKPRFL_37zv2ah_RSB(31410):                             "width": 640,
V/OKPRFL_37zv2ah_RSB(31410):                             "height": 480
V/OKPRFL_37zv2ah_RSB(31410):                           },
V/OKPRFL_37zv2ah_RSB(31410):                           {
V/OKPRFL_37zv2ah_RSB(31410):                             "url": "https://i.ytimg.com/vi/6ONRf7h3Mdk/maxresdefault.jpg",
V/OKPRFL_37zv2ah_RSB(31410):                             "width": 1920,
V/OKPRFL_37zv2ah_RSB(31410):                             "height": 1080
V/OKPRFL_37zv2ah_RSB(31410):                           }
V/OKPRFL_37zv2ah_RSB(31410):                         ]
V/OKPRFL_37zv2ah_RSB(31410):                       },
V/OKPRFL_37zv2ah_RSB(31410):                       "byline": {
V/OKPRFL_37zv2ah_RSB(31410):                         "runs": [
V/OKPRFL_37zv2ah_RSB(31410):                           {
V/OKPRFL_37zv2ah_RSB(31410):                             "text": "Travis Scott",
V/OKPRFL_37zv2ah_RSB(31410):                             "navigationEndpoint": {
V/OKPRFL_37zv2ah_RSB(31410):                               "clickTrackingParams": "CLoBEKP2ASITCMCFtuan7-MCFUtlsgodcd0OsA==",
V/OKPRFL_37zv2ah_RSB(31410):                               "browseEndpoint": {
V/OKPRFL_37zv2ah_RSB(31410):                                 "browseId": "UCtxdfwb9wfkoGocVUAJ-Bmg",
V/OKPRFL_37zv2ah_RSB(31410):                                 "canonicalBaseUrl": "/channel/UCtxdfwb9wfkoGocVUAJ-Bmg"
V/OKPRFL_37zv2ah_RSB(31410):                               }
V/OKPRFL_37zv2ah_RSB(31410):                             }
V/OKPRFL_37zv2ah_RSB(31410):                           }
V/OKPRFL_37zv2ah_RSB(31410):                         ]
V/OKPRFL_37zv2ah_RSB(31410):                       }
V/OKPRFL_37zv2ah_RSB(31410):                     }
V/OKPRFL_37zv2ah_RSB(31410):                   },
V/OKPRFL_37zv2ah_RSB(31410):                   "trackingParams": "CLoBEKP2ASITCMCFtuan7-MCFUtlsgodcd0OsA=="
V/OKPRFL_37zv2ah_RSB(31410):                 }
V/OKPRFL_37zv2ah_RSB(31410):               },
V/OKPRFL_37zv2ah_RSB(31410):               "previousVideoRenderer": {
V/OKPRFL_37zv2ah_RSB(31410):                 "autoplayEndpointRenderer": {
V/OKPRFL_37zv2ah_RSB(31410):                   "endpoint": {
V/OKPRFL_37zv2ah_RSB(31410):                     "clickTrackingParams": "CLkBEKT2ASITCMCFtuan7-MCFUtlsgodcd0OsDIHYmZfcHJldki776mDpqfpqrkB",
V/OKPRFL_37zv2ah_RSB(31410):                     "watchPlaylistEndpoint": {
V/OKPRFL_37zv2ah_RSB(31410):                       "playlistId": "PLbl01QFpbBY3k5A8412DEqxwNuHBDudBz",
V/OKPRFL_37zv2ah_RSB(31410):                       "index": 297,
V/OKPRFL_37zv2ah_RSB(31410):                       "params": "CMwZEAMYBCAAOAFiC3VWV2xPbUJxZDdzaAA%3D"
V/OKPRFL_37zv2ah_RSB(31410):                     }
V/OKPRFL_37zv2ah_RSB(31410):                   },
V/OKPRFL_37zv2ah_RSB(31410):                   "trackingParams": "CLkBEKT2ASITCMCFtuan7-MCFUtlsgodcd0OsA=="
V/OKPRFL_37zv2ah_RSB(31410):                 }
V/OKPRFL_37zv2ah_RSB(31410):               }
V/OKPRFL_37zv2ah_RSB(31410):             }
V/OKPRFL_37zv2ah_RSB(31410):           ],
V/OKPRFL_37zv2ah_RSB(31410):           "modifiedSets": [
V/OKPRFL_37zv2ah_RSB(31410):             {
V/OKPRFL_37zv2ah_RSB(31410):               "autoplayVideoRenderer": {
V/OKPRFL_37zv2ah_RSB(31410):                 "autoplayEndpointRenderer": {
V/OKPRFL_37zv2ah_RSB(31410):                   "endpoint": {
V/OKPRFL_37zv2ah_RSB(31410):                     "clickTrackingParams": "CLgBELAwIhMIwIW25qfv4wIVS2WyCh1x3Q6wMghhdXRvcGxheUi776mDpqfpqrkB",
V/OKPRFL_37zv2ah_RSB(31410):                     "watchPlaylistEndpoint": {
V/OKPRFL_37zv2ah_RSB(31410):                       "playlistId": "PLbl01QFpbBY3k5A8412DEqxwNuHBDudBz",
V/OKPRFL_37zv2ah_RSB(31410):                       "index": 1,
V/OKPRFL_37zv2ah_RSB(31410):                       "params": "EAEYATgBYgt1VldsT21CcWQ3c2gA"
V/OKPRFL_37zv2ah_RSB(31410):                     }
V/OKPRFL_37zv2ah_RSB(31410):                   },
V/OKPRFL_37zv2ah_RSB(31410):                   "trackingParams": "CLgBELAwIhMIwIW25qfv4wIVS2WyCh1x3Q6w"
V/OKPRFL_37zv2ah_RSB(31410):                 }
V/OKPRFL_37zv2ah_RSB(31410):               },
V/OKPRFL_37zv2ah_RSB(31410):               "nextVideoRenderer": {
V/OKPRFL_37zv2ah_RSB(31410):                 "autoplayEndpointRenderer": {
V/OKPRFL_37zv2ah_RSB(31410):                   "endpoint": {
V/OKPRFL_37zv2ah_RSB(31410):                     "clickTrackingParams": "CLcBEKP2ASITCMCFtuan7-MCFUtlsgodcd0OsDIHYmZfbmV4dEi776mDpqfpqrkB",
V/OKPRFL_37zv2ah_RSB(31410):                     "watchPlaylistEndpoint": {
V/OKPRFL_37zv2ah_RSB(31410):                       "playlistId": "PLbl01QFpbBY3k5A8412DEqxwNuHBDudBz",
V/OKPRFL_37zv2ah_RSB(31410):                       "index": 1,
V/OKPRFL_37zv2ah_RSB(31410):                       "params": "EAIYATgBYgt1VldsT21CcWQ3c2gA"
V/OKPRFL_37zv2ah_RSB(31410):                     }
V/OKPRFL_37zv2ah_RSB(31410):                   },
V/OKPRFL_37zv2ah_RSB(31410):                   "trackingParams": "CLcBEKP2ASITCMCFtuan7-MCFUtlsgodcd0OsA=="
V/OKPRFL_37zv2ah_RSB(31410):                 }
V/OKPRFL_37zv2ah_RSB(31410):               }
V/OKPRFL_37zv2ah_RSB(31410):             },
V/OKPRFL_37zv2ah_RSB(31410):             {
V/OKPRFL_37zv2ah_RSB(31410):               "autoplayVideoRenderer": {
V/OKPRFL_37zv2ah_RSB(31410):                 "autoplayEndpointRenderer": {
V/OKPRFL_37zv2ah_RSB(31410):                   "endpoint": {
V/OKPRFL_37zv2ah_RSB(31410):                     "clickTrackingParams": "CLYBELAwIhMIwIW25qfv4wIVS2WyCh1x3Q6wMghhdXRvcGxheUi776mDpqfpqrkB",
V/OKPRFL_37zv2ah_RSB(31410):                     "watchPlaylistEndpoint": {
V/OKPRFL_37zv2ah_RSB(31410):                       "playlistId": "PLbl01QFpbBY3k5A8412DEqxwNuHBDudBz",
V/OKPRFL_37zv2ah_RSB(31410):                       "index": 1,
V/OKPRFL_37zv2ah_RSB(31410):                       "params": "EAEYAzgBYgt1VldsT21CcWQ3c2gA"
V/OKPRFL_37zv2ah_RSB(31410):                     }
V/OKPRFL_37zv2ah_RSB(31410):                   },
V/OKPRFL_37zv2ah_RSB(31410):                   "trackingParams": "CLYBELAwIhMIwIW25qfv4wIVS2WyCh1x3Q6w"
V/OKPRFL_37zv2ah_RSB(31410):                 }
V/OKPRFL_37zv2ah_RSB(31410):               },
V/OKPRFL_37zv2ah_RSB(31410):               "nextVideoRenderer": {
V/OKPRFL_37zv2ah_RSB(31410):                 "autoplayEndpointRenderer": {
V/OKPRFL_37zv2ah_RSB(31410):                   "endpoint": {
V/OKPRFL_37zv2ah_RSB(31410):                     "clickTrackingParams": "CLUBEKP2ASITCMCFtuan7-MCFUtlsgodcd0OsDIHYmZfbmV4dEi776mDpqfpqrkB",
V/OKPRFL_37zv2ah_RSB(31410):                     "watchPlaylistEndpoint": {
V/OKPRFL_37zv2ah_RSB(31410):                       "playlistId": "PLbl01QFpbBY3k5A8412DEqxwNuHBDudBz",
V/OKPRFL_37zv2ah_RSB(31410):                       "index": 1,
V/OKPRFL_37zv2ah_RSB(31410):                       "params": "EAIYAzgBYgt1VldsT21CcWQ3c2gA"
V/OKPRFL_37zv2ah_RSB(31410):                     }
V/OKPRFL_37zv2ah_RSB(31410):                   },
V/OKPRFL_37zv2ah_RSB(31410):                   "trackingParams": "CLUBEKP2ASITCMCFtuan7-MCFUtlsgodcd0OsA=="
V/OKPRFL_37zv2ah_RSB(31410):                 }
V/OKPRFL_37zv2ah_RSB(31410):               },
V/OKPRFL_37zv2ah_RSB(31410):               "previousVideoRenderer": {
V/OKPRFL_37zv2ah_RSB(31410):                 "autoplayEndpointRenderer": {
V/OKPRFL_37zv2ah_RSB(31410):                   "endpoint": {
V/OKPRFL_37zv2ah_RSB(31410):                     "clickTrackingParams": "CLQBEKT2ASITCMCFtuan7-MCFUtlsgodcd0OsDIHYmZfcHJldki776mDpqfpqrkB",
V/OKPRFL_37zv2ah_RSB(31410):                     "watchPlaylistEndpoint": {
V/OKPRFL_37zv2ah_RSB(31410):                       "playlistId": "PLbl01QFpbBY3k5A8412DEqxwNuHBDudBz",
V/OKPRFL_37zv2ah_RSB(31410):                       "index": 629,
V/OKPRFL_37zv2ah_RSB(31410):                       "params": "EAMYAzgBYgt1VldsT21CcWQ3c2gA"
V/OKPRFL_37zv2ah_RSB(31410):                     }
V/OKPRFL_37zv2ah_RSB(31410):                   },
V/OKPRFL_37zv2ah_RSB(31410):                   "trackingParams": "CLQBEKT2ASITCMCFtuan7-MCFUtlsgodcd0OsA=="
V/OKPRFL_37zv2ah_RSB(31410):                 }
V/OKPRFL_37zv2ah_RSB(31410):               }
V/OKPRFL_37zv2ah_RSB(31410):             },
V/OKPRFL_37zv2ah_RSB(31410):             {
V/OKPRFL_37zv2ah_RSB(31410):               "autoplayVideoRenderer": {
V/OKPRFL_37zv2ah_RSB(31410):                 "autoplayEndpointRenderer": {
V/OKPRFL_37zv2ah_RSB(31410):                   "endpoint": {
V/OKPRFL_37zv2ah_RSB(31410):                     "clickTrackingParams": "CLMBELAwIhMIwIW25qfv4wIVS2WyCh1x3Q6wMghhdXRvcGxheUi776mDpqfpqrkB",
V/OKPRFL_37zv2ah_RSB(31410):                     "watchPlaylistEndpoint": {
V/OKPRFL_37zv2ah_RSB(31410):                       "playlistId": "PLbl01QFpbBY3k5A8412DEqxwNuHBDudBz",
V/OKPRFL_37zv2ah_RSB(31410):                 
D/MDP     (  161): DpBlit: in: (1280, 736, 40960, 20480, C12), crop: (0, 0, 1280, 720)
D/MDP     (  161): DpBlit: out: (1920, 1080, 3840, 0, C5), misc: (R:0, F:0, S:1, D:0)
V/OKPRFL_37zv2ah_RSB(31410):       "index": 26,
V/OKPRFL_37zv2ah_RSB(31410):                       "params": "CMwZEAEYAiAAOAFiC3VWV2xPbUJxZDdzaAA%3D"
V/OKPRFL_37zv2ah_RSB(31410):                     }
V/OKPRFL_37zv2ah_RSB(31410):                   },
V/OKPRFL_37zv2ah_RSB(31410):                   "trackingParams": "CLMBELAwIhMIwIW25qfv4wIVS2WyCh1x3Q6w"
V/OKPRFL_37zv2ah_RSB(31410):                 }
V/OKPRFL_37zv2ah_RSB(31410):               },
V/OKPRFL_37zv2ah_RSB(31410):               "nextVideoRenderer": {
V/OKPRFL_37zv2ah_RSB(31410):                 "autoplayEndpointRenderer": {
V/OKPRFL_37zv2ah_RSB(31410):                   "endpoint": {
V/OKPRFL_37zv2ah_RSB(31410):                     "clickTrackingParams": "CLIBEKP2ASITCMCFtuan7-MCFUtlsgodcd0OsDIHYmZfbmV4dEi776mDpqfpqrkB",
V/OKPRFL_37zv2ah_RSB(31410):                     "watchPlaylistEndpoint": {
V/OKPRFL_37zv2ah_RSB(31410):                       "playlistId": "PLbl01QFpbBY3k5A8412DEqxwNuHBDudBz",
V/OKPRFL_37zv2ah_RSB(31410):                       "index": 26,
V/OKPRFL_37zv2ah_RSB(31410):                       "params": "CMwZEAIYAiAAOAFiC3VWV2xPbUJxZDdzaAA%3D"
V/OKPRFL_37zv2ah_RSB(31410):                     }
V/OKPRFL_37zv2ah_RSB(31410):                   },
V/OKPRFL_37zv2ah_RSB(31410):                   "trackingParams": "CLIBEKP2ASITCMCFtuan7-MCFUtlsgodcd0OsA=="
V/OKPRFL_37zv2ah_RSB(31410):                 }
V/OKPRFL_37zv2ah_RSB(31410):               }
V/OKPRFL_37zv2ah_RSB(31410):             },
V/OKPRFL_37zv2ah_RSB(31410):             {
V/OKPRFL_37zv2ah_RSB(31410):               "autoplayVideoRenderer": {
V/OKPRFL_37zv2ah_RSB(31410):                 "autoplayEndpointRenderer": {
V/OKPRFL_37zv2ah_RSB(31410):                   "endpoint": {
V/OKPRFL_37zv2ah_RSB(31410):                     "clickTrackingParams": "CLEBELAwIhMIwIW25qfv4wIVS2WyCh1x3Q6wMghhdXRvcGxheUi776mDpqfpqrkB",
V/OKPRFL_37zv2ah_RSB(31410):                     "watchPlaylistEndpoint": {
V/OKPRFL_37zv2ah_RSB(31410):                       "playlistId": "PLbl01QFpbBY3k5A8412DEqxwNuHBDudBz",
V/OKPRFL_37zv2ah_RSB(31410):                       "index": 26,
V/OKPRFL_37zv2ah_RSB(31410):                       "params": "CMwZEAEYBCAAOAFiC3VWV2xPbUJxZDdzaAA%3D"
V/OKPRFL_37zv2ah_RSB(31410):                     }
V/OKPRFL_37zv2ah_RSB(31410):                   },
V/OKPRFL_37zv2ah_RSB(31410):                   "trackingParams": "CLEBELAwIhMIwIW25qfv4wIVS2WyCh1x3Q6w"
V/OKPRFL_37zv2ah_RSB(31410):                 }
V/OKPRFL_37zv2ah_RSB(31410):               },
V/OKPRFL_37zv2ah_RSB(31410):               "nextVideoRenderer": {
V/OKPRFL_37zv2ah_RSB(31410):                 "autoplayEndpointRenderer": {
V/OKPRFL_37zv2ah_RSB(31410):                   "endpoint": {
V/OKPRFL_37zv2ah_RSB(31410):                     "clickTrackingParams": "CLABEKP2ASITCMCFtuan7-MCFUtlsgodcd0OsDIHYmZfbmV4dEi776mDpqfpqrkB",
V/OKPRFL_37zv2ah_RSB(31410):                     "watchPlaylistEndpoint": {
V/OKPRFL_37zv2ah_RSB(31410):                       "playlistId": "PLbl01QFpbBY3k5A8412DEqxwNuHBDudBz",
V/OKPRFL_37zv2ah_RSB(31410):                       "index": 26,
V/OKPRFL_37zv2ah_RSB(31410):                       "params": "CMwZEAIYBCAAOAFiC3VWV2xPbUJxZDdzaAA%3D"
V/OKPRFL_37zv2ah_RSB(31410):                     }
V/OKPRFL_37zv2ah_RSB(31410):                   },
V/OKPRFL_37zv2ah_RSB(31410):                   "trackingParams": "CLABEKP2ASITCMCFtuan7-MCFUtlsgodcd0OsA=="
V/OKPRFL_37zv2ah_RSB(31410):                 }
V/OKPRFL_37zv2ah_RSB(31410):               },
V/OKPRFL_37zv2ah_RSB(31410):               "previousVideoRenderer": {
V/OKPRFL_37zv2ah_RSB(31410):                 "autoplayEndpointRenderer": {
V/OKPRFL_37zv2ah_RSB(31410):                   "endpoint": {
V/OKPRFL_37zv2ah_RSB(31410):                     "clickTrackingParams": "CK8BEKT2ASITCMCFtuan7-MCFUtlsgodcd0OsDIHYmZfcHJldki776mDpqfpqrkB",
V/OKPRFL_37zv2ah_RSB(31410):                     "watchPlaylistEndpoint": {
V/OKPRFL_37zv2ah_RSB(31410):                       "playlistId": "PLbl01QFpbBY3k5A8412DEqxwNuHBDudBz",
V/OKPRFL_37zv2ah_RSB(31410):                       "index": 297,
V/OKPRFL_37zv2ah_RSB(31410):                       "params": "CMwZEAMYBCAAOAFiC3VWV2xPbUJxZDdzaAA%3D"
V/OKPRFL_37zv2ah_RSB(31410):                     }
V/OKPRFL_37zv2ah_RSB(31410):                   },
V/OKPRFL_37zv2ah_RSB(31410):                   "trackingParams": "CK8BEKT2ASITCMCFtuan7-MCFUtlsgodcd0OsA=="
V/OKPRFL_37zv2ah_RSB(31410):                 }
V/OKPRFL_37zv2ah_RSB(31410):               }
V/OKPRFL_37zv2ah_RSB(31410):             }
V/OKPRFL_37zv2ah_RSB(31410):           ],
V/OKPRFL_37zv2ah_RSB(31410):           "replayVideoRenderer": {
V/OKPRFL_37zv2ah_RSB(31410):             "pivotVideoRenderer": {
V/OKPRFL_37zv2ah_RSB(31410):               "videoId": "uVWlOmBqd7s",
V/OKPRFL_37zv2ah_RSB(31410):               "thumbnail": {
V/OKPRFL_37zv2ah_RSB(31410):                 "thumbnails": [
V/OKPRFL_37zv2ah_RSB(31410):                   {
V/OKPRFL_37zv2ah_RSB(31410):                     "url": "https://i.ytimg.com/vi/uVWlOmBqd7s/default.jpg",
V/OKPRFL_37zv2ah_RSB(31410):                     "width": 120,
V/OKPRFL_37zv2ah_RSB(31410):                     "height": 90
V/OKPRFL_37zv2ah_RSB(31410):                   },
V/OKPRFL_37zv2ah_RSB(31410):                   {
V/OKPRFL_37zv2ah_RSB(31410):                     "url": "https://i.ytimg.com/vi/uVWlOmBqd7s/mqdefault.jpg",
V/OKPRFL_37zv2ah_RSB(31410):                     "width": 320,
V/OKPRFL_37zv2ah_RSB(31410):                     "height": 180
V/OKPRFL_37zv2ah_RSB(31410):                   },
V/OKPRFL_37zv2ah_RSB(31410):                   {
V/OKPRFL_37zv2ah_RSB(31410):                     "url": "https://i.ytimg.com/vi/uVWlOmBqd7s/hqdefault.jpg?sqp=-oaymwEXCLwDEPoBSFryq4qpAwkIARUAAIhCGAE=&rs=AOn4CLDnvnM2YG0dMDjgzqydNUcLGuA2BQ",
V/OKPRFL_37zv2ah_RSB(31410):                     "width": 444,
V/OKPRFL_37zv2ah_RSB(31410):                     "height": 250
V/OKPRFL_37zv2ah_RSB(31410):                   },
V/OKPRFL_37zv2ah_RSB(31410):                   {
V/OKPRFL_37zv2ah_RSB(31410):                     "url": "https://i.ytimg.com/vi/uVWlOmBqd7s/hqdefault.jpg",
V/OKPRFL_37zv2ah_RSB(31410):                     "width": 480,
V/OKPRFL_37zv2ah_RSB(31410):                     "height": 360
V/OKPRFL_37zv2ah_RSB(31410):                   },
V/OKPRFL_37zv2ah_RSB(31410):                   {
V/OKPRFL_37zv2ah_RSB(31410):                     "url": "https://i.ytimg.com/vi/uVWlOmBqd7s/sddefault.jpg",
V/OKPRFL_37zv2ah_RSB(31410):                     "width": 640,
V/OKPRFL_37zv2ah_RSB(31410):                     "height": 480
V/OKPRFL_37zv2ah_RSB(31410):                   }
V/OKPRFL_37zv2ah_RSB(31410):                 ]
V/OKPRFL_37zv2ah_RSB(31410):               },
V/OKPRFL_37zv2ah_RSB(31410):               "title":
D/MDP     (  161): DpBlit: time 9 ms
V/OKPRFL_37zv2ah_RSB(31410):  {
V/OKPRFL_37zv2ah_RSB(31410):                 "runs": [
V/OKPRFL_37zv2ah_RSB(31410):                   {
V/OKPRFL_37zv2ah_RSB(31410):                     "text": "David Guetta feat Raye - Stay (Don't Go Away) (Official Video)"
V/OKPRFL_37zv2ah_RSB(31410):                   }
V/OKPRFL_37zv2ah_RSB(31410):                 ]
V/OKPRFL_37zv2ah_RSB(31410):               },
V/OKPRFL_37zv2ah_RSB(31410):               "shortBylineText": {
V/OKPRFL_37zv2ah_RSB(31410):                 "runs": [
V/OKPRFL_37zv2ah_RSB(31410):                   {
V/OKPRFL_37zv2ah_RSB(31410):                     "text": "David Guetta",
V/OKPRFL_37zv2ah_RSB(31410):                     "navigationEndpoint": {
V/OKPRFL_37zv2ah_RSB(31410):                       "clickTrackingParams": "CK4BEItcIhMIwIW25qfv4wIVS2WyCh1x3Q6w",
V/OKPRFL_37zv2ah_RSB(31410):                       "browseEndpoint": {
V/OKPRFL_37zv2ah_RSB(31410):                         "browseId": "UC1l7wYrva1qCH-wgqcHaaRg",
V/OKPRFL_37zv2ah_RSB(31410):                         "canonicalBaseUrl": "/channel/UC1l7wYrva1qCH-wgqcHaaRg"
V/OKPRFL_37zv2ah_RSB(31410):                       }
V/OKPRFL_37zv2ah_RSB(31410):                     }
V/OKPRFL_37zv2ah_RSB(31410):                   }
V/OKPRFL_37zv2ah_RSB(31410):                 ]
V/OKPRFL_37zv2ah_RSB(31410):               },
V/OKPRFL_37zv2ah_RSB(31410):               "viewCountText": {
V/OKPRFL_37zv2ah_RSB(31410):                 "runs": [
V/OKPRFL_37zv2ah_RSB(31410):                   {
V/OKPRFL_37zv2ah_RSB(31410):                     "text": "6.9M views"
V/OKPRFL_37zv2ah_RSB(31410):                   }
V/OKPRFL_37zv2ah_RSB(31410):                 ]
V/OKPRFL_37zv2ah_RSB(31410):               },
V/OKPRFL_37zv2ah_RSB(31410):               "lengthText": {
V/OKPRFL_37zv2ah_RSB(31410):                 "runs": [
V/OKPRFL_37zv2ah_RSB(31410):                   {
V/OKPRFL_37zv2ah_RSB(31410):                     "text": "3:09"
V/OKPRFL_37zv2ah_RSB(31410):                   }
V/OKPRFL_37zv2ah_RSB(31410):                 ],
V/OKPRFL_37zv2ah_RSB(31410):                 "accessibility": {
V/OKPRFL_37zv2ah_RSB(31410):                   "accessibilityData": {
V/OKPRFL_37zv2ah_RSB(31410):                     "label": "3 minutes, 9 seconds"
V/OKPRFL_37zv2ah_RSB(31410):                   }
V/OKPRFL_37zv2ah_RSB(31410):                 }
V/OKPRFL_37zv2ah_RSB(31410):               },
V/OKPRFL_37zv2ah_RSB(31410):               "navigationEndpoint": {
V/OKPRFL_37zv2ah_RSB(31410):                 "clickTrackingParams": "CK4BEItcIhMIwIW25qfv4wIVS2WyCh1x3Q6w",
V/OKPRFL_37zv2ah_RSB(31410):                 "watchEndpoint": {
V/OKPRFL_37zv2ah_RSB(31410):                   "videoId": "uVWlOmBqd7s",
V/OKPRFL_37zv2ah_RSB(31410):                   "playlistId": "PLbl01QFpbBY3k5A8412DEqxwNuHBDudBz"
V/OKPRFL_37zv2ah_RSB(31410):                 }
V/OKPRFL_37zv2ah_RSB(31410):               },
V/OKPRFL_37zv2ah_RSB(31410):               "trackingParams": "CK4BEItcIhMIwIW25qfv4wIVS2WyCh1x3Q6wQLvvqYOmp-mquQE=",
V/OKPRFL_37zv2ah_RSB(31410):               "overlayIcon": {
V/OKPRFL_37zv2ah_RSB(31410):                 "iconType": "REPLAY"
V/OKPRFL_37zv2ah_RSB(31410):               },
V/OKPRFL_37zv2ah_RSB(31410):               "overlayLabel": {
V/OKPRFL_37zv2ah_RSB(31410):                 "runs": [
V/OKPRFL_37zv2ah_RSB(31410):                   {
V/OKPRFL_37zv2ah_RSB(31410):                     "text": "Replay"
V/OKPRFL_37zv2ah_RSB(31410):                   }
V/OKPRFL_37zv2ah_RSB(31410):                 ]
V/OKPRFL_37zv2ah_RSB(31410):               }
V/OKPRFL_37zv2ah_RSB(31410):             }
V/OKPRFL_37zv2ah_RSB(31410):           }
V/OKPRFL_37zv2ah_RSB(31410):         }
V/OKPRFL_37zv2ah_RSB(31410):       },
V/OKPRFL_37zv2ah_RSB(31410):       "pivot": {
V/OKPRFL_37zv2ah_RSB(31410):         "pivot": {
V/OKPRFL_37zv2ah_RSB(31410):           "contents": [
V/OKPRFL_37zv2ah_RSB(31410):             {
V/OKPRFL_37zv2ah_RSB(31410):               "shelfRenderer": {
V/OKPRFL_37zv2ah_RSB(31410):                 "title": {
V/OKPRFL_37zv2ah_RSB(31410):                   "runs": [
V/OKPRFL_37zv2ah_RSB(31410):                     {
V/OKPRFL_37zv2ah_RSB(31410):                       "text": "Music"
V/OKPRFL_37zv2ah_RSB(31410):                     }
V/OKPRFL_37zv2ah_RSB(31410):                   ]
V/OKPRFL_37zv2ah_RSB(31410):                 },
V/OKPRFL_37zv2ah_RSB(31410):                 "playEndpoint": {
V/OKPRFL_37zv2ah_RSB(31410):                   "clickTrackingParams": "CJUBENwcGAAiEwjAhbbmp-_jAhVLZbIKHXHdDrA=",
V/OKPRFL_37zv2ah_RSB(31410):                   "watchPlaylistEndpoint": {
V/OKPRFL_37zv2ah_RSB(31410):                     "playlistId": "PLbl01QFpbBY3k5A8412DEqxwNuHBDudBz"
V/OKPRFL_37zv2ah_RSB(31410):                   }
V/OKPRFL_37zv2ah_RSB(31410):                 },
V/OKPRFL_37zv2ah_RSB(31410):                 "content": {
V/OKPRFL_37zv2ah_RSB(31410):                   "horizontalListRenderer": {
V/OKPRFL_37zv2ah_RSB(31410):                     "items": [
V/OKPRFL_37zv2ah_RSB(31410):                       {
V/OKPRFL_37zv2ah_RSB(31410):                         "pivotVideoRenderer": {
V/OKPRFL_37zv2ah_RSB(31410):                           "videoId": "uVWlOmBqd7s",
V/OKPRFL_37zv2ah_RSB(31410):                           "thumbnail": {
V/OKPRFL_37zv2ah_RSB(31410):                             "thumbnails": [
V/OKPRFL_37zv2ah_RSB(31410):                               {
V/OKPRFL_37zv2ah_RSB(31410):                                 "url": "https://i.ytimg.com/vi/uVWlOmBqd7s/default.jpg",
V/OKPRFL_37zv2ah_RSB(31410):                                 "width": 120,
V/OKPRFL_37zv2ah_RSB(31410):                                 "height": 90
V/OKPRFL_37zv2ah_RSB(31410):                               },
V/OKPRFL_37zv2ah_RSB(31410):                               {
V/OKPRFL_37zv2ah_RSB(31410):                                 "url": "https://i.ytimg.com/vi/uVWlOmBqd7s/mqdefault.jpg",
V/OKPRFL_37zv2ah_RSB(31410):                                 "width": 320,
V/OKPRFL_37zv2ah_RSB(31410):                                 "height": 180
V/OKPRFL_37zv2ah_RSB(31410):                               },
V/OKPRFL_37zv2ah_RSB(31410):                               {
V/OKPRFL_37zv2ah_RSB(31410):                                 "url": "https://i.ytimg.com/vi/uVWlOmBqd7s/hqdefault.jpg?sqp=-oaymwEXCLwDEPoBSFryq4qpAwkIARUAAIhCGAE=&rs=AOn4CLDnvnM2YG0dMDjgzqydNUcLGuA2BQ",
V/OKPRFL_37zv2ah_RSB(31410):                                 "width": 444,
V/OKPRFL_37zv2ah_RSB(31410):                                 "height": 250
V/OKPRFL_37zv2ah_RSB(31410):                               },
V/OKPRFL_37zv2ah_RSB(31410):                               {
V/OKPRFL_37zv2ah_RSB(31410):                                 "url": "https://i.ytimg.com/vi/uVWlOmBqd7s/hqdefault.jpg",
V/OKPRFL_37zv2ah_RSB(31410):                                 "width": 480,
V/OKPRFL_37zv2ah_RSB(31410):                                 "height": 360
V/OKPRFL_37zv2ah_RSB(31410):                               },
V/OKPRFL_37zv2ah_RSB(31410):                               {
V/OKPRFL_37zv2ah_RSB(31410):                                 "url": "https://i.ytimg.com/vi/uVWlOmBqd7s/sddefault.jpg",
V/OKPRFL_37zv2ah_RSB(31410):                                 "width": 640,
V/OKPRFL_37zv2ah_RSB(31410):                                 "height": 480
V/OKPRFL_37zv2ah_RSB(31410):                               }
V/OKPRFL_37zv2ah_RSB(31410):                             ]
V/OKPRFL_37zv2ah_RSB(31410):                           },
V/OKPRFL_37zv2ah_RSB(31410):                           "title": {
V/OKPRFL_37zv2ah_RSB(31410):                             "runs": [
V/OKPRFL_37zv2ah_RSB(31410):                               {
V/OKPRFL_37zv2ah_RSB(31410):                                 "text": "David Guetta feat Raye - Stay (Don't Go Away) (Official Video)"
V/OKPRFL_37zv2ah_RSB(31410):                               }
V/OKPRFL_37zv2ah_RSB(31410):                             ]
V/OKPRFL_37zv2ah_RSB(31410):                           },
V/OKPRFL_37zv2ah_RSB(31410):                           "shortBylineText": {
V/OKPRFL_37zv2ah_RSB(31410):                             "runs": [
V/OKPRFL_37zv2ah_RSB(31410):                               {
V/OKPRFL_37zv2ah_RSB(31410):                                 "text": "David Guetta",
V/OKPRFL_37zv2ah_RSB(31410):                                 "navigationEndpoint": {
V/OKPRFL_37zv2ah_RSB(31410):                                   "clickTrackingParams": "CKwBEItcGAAiEwjAhbbmp-_jAhVLZbIKHXHdDrA=",
V/OKPRFL_37zv2ah_RSB(31410):                                   "browseEndpoint": {
V/OKPRFL_37zv2ah_RSB(31410):                                     "browseId": "UC1l7wYrva1qCH-wgqcHaaRg",
V/OKPRFL_37zv2ah_RSB(31410):                                     "canonicalBaseUrl": "/channel/UC1l7wYrva1qCH-wgqcHaaRg"
V/OKPRFL_37zv2ah_RSB(31410):                                   }
V/OKPRFL_37zv2ah_RSB(31410):                                 }
V/OKPRFL_37zv2ah_RSB(31410):                               }
V/OKPRFL_37zv2ah_RSB(31410):                             ]
V/OKPRFL_37zv2ah_RSB(31410):                           },
V/OKPRFL_37zv2ah_RSB(31410):                           "viewCountText": {
V/OKPRFL_37zv2ah_RSB(31410):                             "runs": [
V/OKPRFL_37zv2ah_RSB(31410):                               {
V/OKPRFL_37zv2ah_RSB(31410):                                 "text": "6.9M views"
V/OKPRFL_37zv2ah_RSB(31410):                               }
V/OKPRFL_37zv2ah_RSB(31410):                             ]
V/OKPRFL_37zv2ah_RSB(31410):                           },
V/OKPRFL_37zv2ah_RSB(31410):                           "lengthText": {
V/OKPRFL_37zv2ah_RSB(31410):                             "runs": [
V/OKPRFL_37zv2ah_RSB(31410):                               {
V/OKPRFL_37zv2ah_RSB(31410):                                 "text": "3:09"
V/OKPRFL_37zv2ah_RSB(31410):                               }
V/OKPRFL_37zv2ah_RSB(31410):                             ],
V/OKPRFL_37zv2ah_RSB(31410):                             "accessibility": {
V/OKPRFL_37zv2ah_RSB(31410):                               "accessibilityData": {
V/OKPRFL_37zv2ah_RSB(31410):                                 "label": "3 minutes, 9 seconds"
V/OKPRFL_37zv2ah_RSB(31410):                               }
V/OKPRFL_37zv2ah_RSB(31410):                             }
V/OKPRFL_37zv2ah_RSB(31410):                           },
V/OKPRFL_37zv2ah_RSB(31410):                           "navigationEndpoint": {
V/OKPRFL_37zv2ah_RSB(31410):                             "clickTrackingParams": "CKwBEItcGAAiEwjAhbbmp-_jAhVLZbIKHXHdDrAyA0JGYUi776mDpqfpqrkB",
V/OKPRFL_37zv2ah_RSB(31410):                             "watchEndpoint": {
V/OKPRFL_37zv2ah_RSB(31410):                               "videoId": "uVWlOmBqd7s",
V/OKPRFL_37zv2ah_RSB(31410):                               "playlistId": "PLbl01QFpbBY3k5A8412DEqxwNuHBDudBz",
V/OKPRFL_37zv2ah_RSB(31410):                               "index": 0
V/OKPRFL_37zv2ah_RSB(31410):                             }
V/OKPRFL_37zv2ah_RSB(31410):                           },
V/OKPRFL_37zv2ah_RSB(31410):                           "trackingParams": "CKwBEItcGAAiEwjAhbbmp-_jAhVLZbIKHXHdDrBAu--pg6an6aq5AQ==",
V/OKPRFL_37zv2ah_RSB(31410):                           "playlistIndexText": {
V/OKPRFL_37zv2ah_RSB(31410):                             "runs": [
V/OKPRFL_37zv2ah_RSB(31410):                               {
V/OKPRFL_37zv2ah_RSB(31410):                                 "text": "1 of 630"
V/OKPRFL_37zv2ah_RSB(31410):                               }
V/OKPRFL_37zv2ah_RSB(31410):                             ]
V/OKPRFL_37zv2ah_RSB(31410):                           },
V/OKPRFL_37zv2ah_RSB(31410):                           "overlayIcon": {
V/OKPRFL_37zv2ah_RSB(31410):                             "iconType": "PLAYING"
V/OKPRFL_37zv2ah_RSB(31410):                           },
V/OKPRFL_37zv2ah_RSB(31410):                           "overlayLabel": {
V/OKPRFL_37zv2ah_RSB(31410):                             "runs": [
V/OKPRFL_37zv2ah_RSB(31410):                               {
V/OKPRFL_37zv2ah_RSB(31410):                                 "text": "Playing"
V/OKPRFL_37zv2ah_RSB(31410):                               }
V/OKPRFL_37zv2ah_RSB(31410):                             ]
V/OKPRFL_37zv2ah_RSB(31410):                           }
V/OKPRFL_37zv2ah_RSB(31410):                         }
V/OKPRFL_37zv2ah_RSB(31410):                       },
V/OKPRFL_37zv2ah_RSB(31410):                       {
V/OKPRFL_37zv2ah_RSB(31410):                         "pivotVideoRenderer": {
V/OKPRFL_37zv2ah_RSB(31410):                           "videoId": "NANEqgRauns",
V/OKPRFL_37zv2ah_RSB(31410):                           "thumbnail": {
V/OKPRFL_37zv2ah_RSB(31410):                             "thumbnails": [
V/OKPRFL_37zv2ah_RSB(31410):                               {
V/OKPRFL_37zv2ah_RSB(31410):                                 "url": "https://i.ytimg.com/vi/NANEqgRauns/default.jpg",
V/OKPRFL_37zv2ah_RSB(31410):                                 "width": 120,
V/OKPRFL_37zv2ah_RSB(31410):                                 "height": 90
V/OKPRFL_37zv2ah_RSB(31410):                               },
V/OKPRFL_37zv2ah_RSB(31410):                               {
V/OKPRFL_37zv2ah_RSB(31410):                                 "url": "https://i.ytimg.com/vi/NANEqgRauns/mqdefault.jpg",
V/OKPRFL_37zv2ah_RSB(31410):                                 "width": 320,
V/OKPRFL_37zv2ah_RSB(31410):                                 "height": 180
V/OKPRFL_37zv2ah_RSB(31410):                               },
V/OKPRFL_37zv2ah_RSB(31410):                               {
V/OKPRFL_37zv2ah_RSB(31410):                                 "url": "https://i.ytimg.com/vi/NANEqgRauns/hqdefault.jpg?
D/ConnectivityService(  659): getActiveNetworkInfo:NetworkInfo: type: WIFI[], state: CONNECTED/CONNECTED, reason: (unspecified), extra: "Xiaomi_E405_5G", roaming: false, failover: false, isAvailable: true, isConnectedToProvisioningNetwork: false, simId: 0/1000
D/MDP     (  161): DpBlit: in: (1280, 736, 40960, 20480, C12), crop: (0, 0, 1280, 720)
D/MDP     (  161): DpBlit: out: (1920, 1080, 3840, 0, C5), misc: (R:0, F:0, S:1, D:0)
V/OKPRFL_37zv2ah_RSB(31410): sqp=-oaymwEXCLwDEPoBSFryq4qpAwkIARUAAIhCGAE=&rs=AOn4CLAc1_Qg51dPu8cwMtg_QK3RBTv9rg",
V/OKPRFL_37zv2ah_RSB(31410):                                 "width": 444,
V/OKPRFL_37zv2ah_RSB(31410):                                 "height": 250
V/OKPRFL_37zv2ah_RSB(31410):                               },
V/OKPRFL_37zv2ah_RSB(31410):                               {
V/OKPRFL_37zv2ah_RSB(31410):                                 "url": "https://i.ytimg.com/vi/NANEqgRauns/hqdefault.jpg",
