V/ActivityManager(  659): Broadcast: Intent { act=com.android.server.action.NETWORK_STATS_UPDATED flg=0x40000010 } ordered=false userid=-1 callerApp=ProcessRecord{41fb5680 659:system/1000}
V/NetworkPolicy(  659): ensureActiveMobilePolicyLocked()
D/PowerManagerNotifier(  659): onWakeLockReleased: flags=1, tag="NetworkStats", packageName=android, ownerUid=1000, ownerPid=659, workSource=null
I/PowerManagerService(  659): setBrightness mButtonLight 0.
D/NetdConnector(  659): SND -> {44665 bandwidth setglobalalert 2097152}
D/NetdConnector(  659): RCV <- {200 44665 Bandwidth command succeeeded}
V/NetworkPolicy(  659): updateNetworkEnabledLocked()
V/NetworkPolicy(  659): updateNotificationsLocked()
D/NetdConnector(  659): RMV <- {200 44665 Bandwidth command succeeeded}
D/ConnectivityService(  659): getActiveNetworkInfo:NetworkInfo: type: WIFI[], state: CONNECTED/CONNECTED, reason: (unspecified), extra: "Xiaomi_E405_5G", roaming: false, failover: false, isAvailable: true, isConnectedToProvisioningNetwork: false, simId: 0/1000
W/PppoeConnector(  659): Communications error: java.io.IOException: No such file or directory
W/PppoeConnector(  659): Error in NativeDaemonConnector: java.io.IOException: No such file or directory
I/ANRManager(  659): updateProcessStats
D/NetdConnector(  659): RCV <- {601 limit alert globalAlert wlan0}
D/NetworkManagementService(  659): onEvent:601 limit alert globalAlert wlan0:5
D/PowerManagerNotifier(  659): onWakeLockAcquired: flags=1, tag="NetworkStats", packageName=android, ownerUid=1000, ownerPid=659, workSource=null
I/PowerManagerService(  659): setBrightness mButtonLight 0.
V/NetworkStats(  659): performPollLocked(flags=0x3)
D/NetdConnector(  659): SND -> {44666 bandwidth gettetherstats}
D/NetdConnector(  659): RCV <- {200 44666 Tethering stats list completed}
D/NetdConnector(  659): RMV <- {200 44666 Tethering stats list completed}
W/NetworkStatsRecorder(  659): unknown interfaces [lo, p2p0], ignoring those stats
W/NetworkStatsRecorder(  659): unknown interfaces [lo, p2p0], ignoring those stats
W/NetworkStatsRecorder(  659): unknown interfaces [lo, p2p0], ignoring those stats
W/NetworkStatsRecorder(  659): unknown interfaces [lo, p2p0], ignoring those stats
D/NetworkStatsRecorder(  659): forcePersistLocked() writing for dev
D/NetworkStatsRecorder(  659): forcePersistLocked() writing for xt
D/NetworkStatsRecorder(  659): forcePersistLocked() writing for uid
V/NetworkStats(  659): performPollLocked() took 109ms
V/ActivityManager(  659): Broadcast: Intent { act=com.android.server.action.NETWORK_STATS_UPDATED flg=0x40000010 } ordered=false userid=-1 callerApp=ProcessRecord{41fb5680 659:system/1000}
D/PowerManagerNotifier(  659): onWakeLockReleased: flags=1, tag="NetworkStats", packageName=android, ownerUid=1000, ownerPid=659, workSource=null
V/NetworkPolicy(  659): ensureActiveMobilePolicyLocked()
I/PowerManagerService(  659): setBrightness mButtonLight 0.
D/NetdConnector(  659): SND -> {44667 bandwidth setglobalalert 2097152}
D/NetdConnector(  659): RCV <- {200 44667 Bandwidth command succeeeded}
V/NetworkPolicy(  659): updateNetworkEnabledLocked()
V/NetworkPolicy(  659): updateNotificationsLocked()
D/NetdConnector(  659): RMV <- {200 44667 Bandwidth command succeeeded}
D/NetdConnector(  659): RCV <- {601 limit alert globalAlert wlan0}
D/NetworkManagementService(  659): onEvent:601 limit alert globalAlert wlan0:5
D/PowerManagerNotifier(  659): onWakeLockAcquired: flags=1, tag="NetworkStats", packageName=android, ownerUid=1000, ownerPid=659, workSource=null
I/PowerManagerService(  659): setBrightness mButtonLight 0.
V/NetworkStats(  659): performPollLocked(flags=0x3)
D/NetdConnector(  659): SND -> {44668 bandwidth gettetherstats}
D/NetdConnector(  659): RCV <- {200 44668 Tethering stats list completed}
D/NetdConnector(  659): RMV <- {200 44668 Tethering stats list completed}
W/NetworkStatsRecorder(  659): unknown interfaces [lo, p2p0], ignoring those stats
W/NetworkStatsRecorder(  659): unknown interfaces [lo, p2p0], ignoring those stats
W/NetworkStatsRecorder(  659): unknown interfaces [lo, p2p0], ignoring those stats
W/NetworkStatsRecorder(  659): unknown interfaces [lo, p2p0], ignoring those stats
D/NetworkStatsRecorder(  659): forcePersistLocked() writing for dev
D/NetworkStatsRecorder(  659): forcePersistLocked() writing for xt
D/NetworkStatsRecorder(  659): forcePersistLocked() writing for uid
V/NetworkStats(  659): performPollLocked() took 74ms
V/ActivityManager(  659): Broadcast: Intent { act=com.android.server.action.NETWORK_STATS_UPDATED flg=0x40000010 } ordered=false userid=-1 callerApp=ProcessRecord{41fb5680 659:system/1000}
V/NetworkPolicy(  659): ensureActiveMobilePolicyLocked()
D/PowerManagerNotifier(  659): onWakeLockReleased: flags=1, tag="NetworkStats", packageName=android, ownerUid=1000, ownerPid=659, workSource=null
I/PowerManagerService(  659): setBrightness mButtonLight 0.
D/NetdConnector(  659): SND -> {44669 bandwidth setglobalalert 2097152}
D/NetdConnector(  659): RCV <- {200 44669 Bandwidth command succeeeded}
V/NetworkPolicy(  659): updateNetworkEnabledLocked()
V/NetworkPolicy(  659): updateNotificationsLocked()
D/NetdConnector(  659): RMV <- {200 44669 Bandwidth command succeeeded}
D/ConnectivityService(  659): getActiveNetworkInfo:NetworkInfo: type: WIFI[], state: CONNECTED/CONNECTED, reason: (unspecified), extra: "Xiaomi_E405_5G", roaming: false, failover: false, isAvailable: true, isConnectedToProvisioningNetwork: false, simId: 0/1000
W/PppoeConnector(  659): Communications error: java.io.IOException: No such file or directory
W/PppoeConnector(  659): Error in NativeDaemonConnector: java.io.IOException: No such file or directory
D/PowerManagerService(  659): checkScreenSaverTimeoutLocked come 240000 reason=userActivity
D/PowerManagerNotifier(  659): onUserActivity: event=1, uid=1000
I/PowerManagerService(  659): setBrightness mButtonLight, screenBrightness=102
D/NetdConnector(  659): RCV <- {601 limit alert globalAlert wlan0}
D/NetworkManagementService(  659): onEvent:601 limit alert globalAlert wlan0:5
D/PowerManagerNotifier(  659): onWakeLockAcquired: flags=1, tag="NetworkStats", packageName=android, ownerUid=1000, ownerPid=659, workSource=null
I/PowerManagerService(  659): setBrightness mButtonLight, screenBrightness=102
V/NetworkStats(  659): performPollLocked(flags=0x3)
D/NetdConnector(  659): SND -> {44670 bandwidth gettetherstats}
D/NetdConnector(  659): RCV <- {200 44670 Tethering stats list completed}
D/NetdConnector(  659): RMV <- {200 44670 Tethering stats list completed}
W/NetworkStatsRecorder(  659): unknown interfaces [lo, p2p0], ignoring those stats
W/NetworkStatsRecorder(  659): unknown interfaces [lo, p2p0], ignoring those stats
W/NetworkStatsRecorder(  659): unknown interfaces [lo, p2p0], ignoring those stats
W/NetworkStatsRecorder(  659): unknown interfaces [lo, p2p0], ignoring those stats
D/NetworkStatsRecorder(  659): forcePersistLocked() writing for dev
D/NetworkStatsRecorder(  659): forcePersistLocked() writing for xt
D/NetworkStatsRecorder(  659): forcePersistLocked() writing for uid
V/NetworkStats(  659): performPollLocked() took 171ms
V/ActivityManager(  659): Broadcast: Intent { act=com.android.server.action.NETWORK_STATS_UPDATED flg=0x40000010 } ordered=false userid=-1 callerApp=ProcessRecord{41fb5680 659:system/1000}
V/NetworkPolicy(  659): ensureActiveMobilePolicyLocked()
D/PowerManagerNotifier(  659): onWakeLockReleased: flags=1, tag="NetworkStats", packageName=android, ownerUid=1000, ownerPid=659, workSource=null
I/PowerManagerService(  659): setBrightness mButtonLight, screenBrightness=102
V/NetworkPolicy(  659): updateNetworkEnabledLocked()
V/NetworkPolicy(  659): updateNotificationsLocked()
D/NetdConnector(  659): SND -> {44671 bandwidth setglobalalert 2097152}
D/NetdConnector(  659): RCV <- {200 44671 Bandwidth command succeeeded}
D/NetdConnector(  659): RMV <- {200 44671 Bandwidth command succeeeded}
D/ConnectivityService(  659): getActiveNetworkInfo:NetworkInfo: type: WIFI[], state: CONNECTED/CONNECTED, reason: (unspecified), extra: "Xiaomi_E405_5G", roaming: false, failover: false, isAvailable: true, isConnectedToProvisioningNetwork: false, simId: 0/1000
D/ConnectivityService(  659): getActiveNetworkInfo:NetworkInfo: type: WIFI[], state: CONNECTED/CONNECTED, reason: (unspecified), extra: "Xiaomi_E405_5G", roaming: false, failover: false, isAvailable: true, isConnectedToProvisioningNetwork: false, simId: 0/10466
D/ConnectivityService(  659): getActiveNetworkInfo:NetworkInfo: type: WIFI[], state: CONNECTED/CONNECTED, reason: (unspecified), extra: "Xiaomi_E405_5G", roaming: false, failover: false, isAvailable: true, isConnectedToProvisioningNetwork: false, simId: 0/10466
W/PppoeConnector(  659): Communications error: java.io.IOException: No such file or directory
W/PppoeConnector(  659): Error in NativeDaemonConnector: java.io.IOException: No such file or directory
D/NetdConnector(  659): RCV <- {601 limit alert globalAlert wlan0}
D/NetworkManagementService(  659): onEvent:601 limit alert globalAlert wlan0:5
D/PowerManagerNotifier(  659): onWakeLockAcquired: flags=1, tag="NetworkStats", packageName=android, ownerUid=1000, ownerPid=659, workSource=null
I/PowerManagerService(  659): setBrightness mButtonLight, screenBrightness=102
V/NetworkStats(  659): performPollLocked(flags=0x3)
D/NetdConnector(  659): SND -> {44672 bandwidth gettetherstats}
D/NetdConnector(  659): RCV <- {200 44672 Tethering stats list completed}
D/NetdConnector(  659): RMV <- {200 44672 Tethering stats list completed}
W/NetworkStatsRecorder(  659): unknown interfaces [lo, p2p0], ignoring those stats
W/NetworkStatsRecorder(  659): unknown interfaces [lo, p2p0], ignoring those stats
W/NetworkStatsRecorder(  659): unknown interfaces [lo, p2p0], ignoring those stats
W/NetworkStatsRecorder(  659): unknown interfaces [lo, p2p0], ignoring those stats
D/NetworkStatsRecorder(  659): forcePersistLocked() writing for dev
D/PowerManagerNotifier(  659): onWakeLockAcquired: flags=1, tag="AudioUnknown", packageName=media, ownerUid=1013, ownerPid=164, workSource=null
I/PowerManagerService(  659): setBrightness mButtonLight, screenBrightness=102
D/PowerManagerNotifier(  659): onWakeLockAcquired: flags=1, tag="AudioMix", packageName=media, ownerUid=1013, ownerPid=164, workSource=null
I/PowerManagerService(  659): setBrightness mButtonLight, screenBrightness=102
D/PowerManagerNotifier(  659): onWakeLockAcquired: flags=1, tag="AudioMix", packageName=media, ownerUid=1013, ownerPid=164, workSource=null
I/PowerManagerService(  659): setBrightness mButtonLight, screenBrightness=102
D/NetworkStatsRecorder(  659): forcePersistLocked() writing for xt
D/NetworkStatsRecorder(  659): forcePersistLocked() writing for uid
V/NetworkStats(  659): performPollLocked() took 300ms
V/ActivityManager(  659): Broadcast: Intent { act=com.android.server.action.NETWORK_STATS_UPDATED flg=0x40000010 } ordered=false userid=-1 callerApp=ProcessRecord{41fb5680 659:system/1000}
D/PowerManagerNotifier(  659): onWakeLockReleased: flags=1, tag="NetworkStats", packageName=android, ownerUid=1000, ownerPid=659, workSource=null
V/NetworkPolicy(  659): ensureActiveMobilePolicyLocked()
I/PowerManagerService(  659): setBrightness mButtonLight, screenBrightness=102
D/NetdConnector(  659): SND -> {44673 bandwidth setglobalalert 2097152}
D/NetdConnector(  659): RCV <- {200 44673 Bandwidth command succeeeded}
D/NetdConnector(  659): RMV <- {200 44673 Bandwidth command succeeeded}
V/NetworkPolicy(  659): updateNetworkEnabledLocked()
V/NetworkPolicy(  659): updateNotificationsLocked()
D/PowerManagerNotifier(  659): onWakeLockAcquired: flags=536870922, tag="WindowManager", packageName=android, ownerUid=1000, ownerPid=659, workSource=WorkSource{10466}
I/PowerManagerService(  659): setBrightness mButtonLight, screenBrightness=102
D/PowerManagerService(  659): checkScreenSaverTimeoutLocked come 240000 reason=KEEP_SCREEN_ON wakelock true
D/PowerManagerNotifier(  659): onWakeLockReleased: flags=1, tag="AudioMix", packageName=media, ownerUid=1013, ownerPid=164, workSource=null
D/PowerManagerNotifier(  659): onWakeLockAcquired: flags=1, tag="AudioMix", packageName=media, ownerUid=1013, ownerPid=164, workSource=WorkSource{10466}
D/NetdConnector(  659): RCV <- {601 limit alert globalAlert wlan0}
D/NetworkManagementService(  659): onEvent:601 limit alert globalAlert wlan0:5
D/PowerManagerNotifier(  659): onWakeLockAcquired: flags=1, tag="NetworkStats", packageName=android, ownerUid=1000, ownerPid=659, workSource=null
I/PowerManagerService(  659): setBrightness mButtonLight, screenBrightness=102
V/NetworkStats(  659): performPollLocked(flags=0x3)
D/NetdConnector(  659): SND -> {44674 bandwidth gettetherstats}
D/NetdConnector(  659): RCV <- {200 44674 Tethering stats list completed}
D/NetdConnector(  659): RMV <- {200 44674 Tethering stats list completed}
W/NetworkStatsRecorder(  659): unknown interfaces [lo, p2p0], ignoring those stats
W/NetworkStatsRecorder(  659): unknown interfaces [lo, p2p0], ignoring those stats
W/NetworkStatsRecorder(  659): unknown interfaces [lo, p2p0], ignoring those stats
W/NetworkStatsRecorder(  659): unknown interfaces [lo, p2p0], ignoring those stats
D/NetworkStatsRecorder(  659): forcePersistLocked() writing for dev
D/NetworkStatsRecorder(  659): forcePersistLocked() writing for xt
D/NetworkStatsRecorder(  659): forcePersistLocked() writing for uid
V/NetworkStats(  659): performPollLocked() took 58ms
V/ActivityManager(  659): Broadcast: Intent { act=com.android.server.action.NETWORK_STATS_UPDATED flg=0x40000010 } ordered=false userid=-1 callerApp=ProcessRecord{41fb5680 659:system/1000}
D/PowerManagerNotifier(  659): onWakeLockReleased: flags=1, tag="NetworkStats", packageName=android, ownerUid=1000, ownerPid=659, workSource=null
V/NetworkPolicy(  659): ensureActiveMobilePolicyLocked()
I/PowerManagerService(  659): setBrightness mButtonLight, screenBrightness=102
D/NetdConnector(  659): SND -> {44675 bandwidth setglobalalert 2097152}
D/NetdConnector(  659): RCV <- {200 44675 Bandwidth command succeeeded}
D/NetdConnector(  659): RMV <- {200 44675 Bandwidth command succeeeded}
V/NetworkPolicy(  659): updateNetworkEnabledLocked()
V/NetworkPolicy(  659): updateNotificationsLocked()
D/PowerManagerNotifier(  659): onWakeLockReleased: flags=1, tag="AudioMix", packageName=media, ownerUid=1013, ownerPid=164, workSource=null
I/PowerManagerService(  659): setBrightness mButtonLight, screenBrightness=102
D/PowerManagerNotifier(  659): onWakeLockReleased: flags=1, tag="AudioUnknown", packageName=media, ownerUid=1013, ownerPid=164, workSource=null
I/PowerManagerService(  659): setBrightness mButtonLight, screenBrightness=102
D/NetdConnector(  659): RCV <- {601 limit alert globalAlert wlan0}
D/NetworkManagementService(  659): onEvent:601 limit alert globalAlert wlan0:5
D/PowerManagerNotifier(  659): onWakeLockAcquired: flags=1, tag="NetworkStats", packageName=android, ownerUid=1000, ownerPid=659, workSource=null
I/PowerManagerService(  659): setBrightness mButtonLight, screenBrightness=102
V/NetworkStats(  659): performPollLocked(flags=0x3)
D/NetdConnector(  659): SND -> {44676 bandwidth gettetherstats}
D/NetdConnector(  659): RCV <- {200 44676 Tethering stats list completed}
D/NetdConnector(  659): RMV <- {200 44676 Tethering stats list completed}
W/NetworkStatsRecorder(  659): unknown interfaces [lo, p2p0], ignoring those stats
W/NetworkStatsRecorder(  659): unknown interfaces [lo, p2p0], ignoring those stats
W/NetworkStatsRecorder(  659): unknown interfaces [lo, p2p0], ignoring those stats
W/NetworkStatsRecorder(  659): unknown interfaces [lo, p2p0], ignoring those stats
D/NetworkStatsRecorder(  659): forcePersistLocked() writing for dev
D/NetworkStatsRecorder(  659): forcePersistLocked() writing for xt
D/NetworkStatsRecorder(  659): forcePersistLocked() writing for uid
V/NetworkStats(  659): performPollLocked() took 84ms
V/ActivityManager(  659): Broadcast: Intent { act=com.android.server.action.NETWORK_STATS_UPDATED flg=0x40000010 } ordered=false userid=-1 callerApp=ProcessRecord{41fb5680 659:system/1000}
D/PowerManagerNotifier(  659): onWakeLockReleased: flags=1, tag="NetworkStats", packageName=android, ownerUid=1000, ownerPid=659, workSource=null
I/PowerManagerService(  659): setBrightness mButtonLight, screenBrightness=102
D/NetdConnector(  659): SND -> {44677 bandwidth setglobalalert 2097152}
V/NetworkPolicy(  659): ensureActiveMobilePolicyLocked()
D/NetdConnector(  659): RCV <- {200 44677 Bandwidth command succeeeded}
D/NetdConnector(  659): RMV <- {200 44677 Bandwidth command succeeeded}
V/NetworkPolicy(  659): updateNetworkEnabledLocked()
V/NetworkPolicy(  659): updateNotificationsLocked()
D/NetdConnector(  659): RCV <- {601 limit alert globalAlert wlan0}
D/NetworkManagementService(  659): onEvent:601 limit alert globalAlert wlan0:5
D/PowerManagerNotifier(  659): onWakeLockAcquired: flags=1, tag="NetworkStats", packageName=android, ownerUid=1000, ownerPid=659, workSource=null
I/PowerManagerService(  659): setBrightness mButtonLight, screenBrightness=102
V/NetworkStats(  659): performPollLocked(flags=0x3)
D/NetdConnector(  659): SND -> {44678 bandwidth gettetherstats}
D/NetdConnector(  659): RCV <- {200 44678 Tethering stats list completed}
D/NetdConnector(  659): RMV <- {200 44678 Tethering stats list completed}
W/NetworkStatsRecorder(  659): unknown interfaces [lo, p2p0], ignoring those stats
W/NetworkStatsRecorder(  659): unknown interfaces [lo, p2p0], ignoring those stats
W/NetworkStatsRecorder(  659): unknown interfaces [lo, p2p0], ignoring those stats
W/NetworkStatsRecorder(  659): unknown interfaces [lo, p2p0], ignoring those stats
D/NetworkStatsRecorder(  659): forcePersistLocked() writing for dev
D/NetworkStatsRecorder(  659): forcePersistLocked() writing for xt
D/NetworkStatsRecorder(  659): forcePersistLocked() writing for uid
V/NetworkStats(  659): performPollLocked() took 120ms
V/ActivityManager(  659): Broadcast: Intent { act=com.android.server.action.NETWORK_STATS_UPDATED flg=0x40000010 } ordered=false userid=-1 callerApp=ProcessRecord{41fb5680 659:system/1000}
D/PowerManagerNotifier(  659): onWakeLockReleased: flags=1, tag="NetworkStats", packageName=android, ownerUid=1000, ownerPid=659, workSource=null
V/NetworkPolicy(  659): ensureActiveMobilePolicyLocked()
I/PowerManagerService(  659): setBrightness mButtonLight, screenBrightness=102
D/NetdConnector(  659): SND -> {44679 bandwidth setglobalalert 2097152}
D/NetdConnector(  659): RCV <- {200 44679 Bandwidth command succeeeded}
D/NetdConnector(  659): RMV <- {200 44679 Bandwidth command succeeeded}
V/NetworkPolicy(  659): updateNetworkEnabledLocked()
V/NetworkPolicy(  659): updateNotificationsLocked()
D/NetdConnector(  659): RCV <- {601 limit alert globalAlert wlan0}
D/NetworkManagementService(  659): onEvent:601 limit alert globalAlert wlan0:5
D/PowerManagerNotifier(  659): onWakeLockAcquired: flags=1, tag="NetworkStats", packageName=android, ownerUid=1000, ownerPid=659, workSource=null
I/PowerManagerService(  659): setBrightness mButtonLight, screenBrightness=102
V/NetworkStats(  659): performPollLocked(flags=0x3)
D/NetdConnector(  659): SND -> {44680 bandwidth gettetherstats}
D/NetdConnector(  659): RCV <- {200 44680 Tethering stats list completed}
D/NetdConnector(  659): RMV <- {200 44680 Tethering stats list completed}
W/NetworkStatsRecorder(  659): unknown interfaces [lo, p2p0], ignoring those stats
W/NetworkStatsRecorder(  659): unknown interfaces [lo, p2p0], ignoring those stats
W/NetworkStatsRecorder(  659): unknown interfaces [lo, p2p0], ignoring those stats
W/NetworkStatsRecorder(  659): unknown interfaces [lo, p2p0], ignoring those stats
D/NetworkStatsRecorder(  659): forcePersistLocked() writing for dev
D/NetworkStatsRecorder(  659): forcePersistLocked() writing for xt
D/NetworkStatsRecorder(  659): forcePersistLocked() writing for uid
V/NetworkStats(  659): performPollLocked() took 133ms
V/ActivityManager(  659): Broadcast: Intent { act=com.android.server.action.NETWORK_STATS_UPDATED flg=0x40000010 } ordered=false userid=-1 callerApp=ProcessRecord{41fb5680 659:system/1000}
D/PowerManagerNotifier(  659): onWakeLockReleased: flags=1, tag="NetworkStats", packageName=android, ownerUid=1000, ownerPid=659, workSource=null
V/NetworkPolicy(  659): ensureActiveMobilePolicyLocked()
I/PowerManagerService(  659): setBrightness mButtonLight, screenBrightness=102
D/NetdConnector(  659): SND -> {44681 bandwidth setglobalalert 2097152}
D/NetdConnector(  659): RCV <- {200 44681 Bandwidth command succeeeded}
D/NetdConnector(  659): RMV <- {200 44681 Bandwidth command succeeeded}
V/NetworkPolicy(  659): updateNetworkEnabledLocked()
V/NetworkPolicy(  659): updateNotificationsLocked()
D/NetdConnector(  659): RCV <- {601 limit alert globalAlert wlan0}
D/NetworkManagementService(  659): onEvent:601 limit alert globalAlert wlan0:5
D/PowerManagerNotifier(  659): onWakeLockAcquired: flags=1, tag="NetworkStats", packageName=android, ownerUid=1000, ownerPid=659, workSource=null
I/PowerManagerService(  659): setBrightness mButtonLight, screenBrightness=102
V/NetworkStats(  659): performPollLocked(flags=0x3)
D/NetdConnector(  659): SND -> {44682 bandwidth gettetherstats}
D/NetdConnector(  659): RCV <- {200 44682 Tethering stats list completed}
D/NetdConnector(  659): RMV <- {200 44682 Tethering stats list completed}
W/NetworkStatsRecorder(  659): unknown interfaces [lo, p2p0], ignoring those stats
W/NetworkStatsRecorder(  659): unknown interfaces [lo, p2p0], ignoring those stats
W/NetworkStatsRecorder(  659): unknown interfaces [lo, p2p0], ignoring those stats
W/NetworkStatsRecorder(  659): unknown interfaces [lo, p2p0], ignoring those stats
D/NetworkStatsRecorder(  659): forcePersistLocked() writing for dev
D/NetworkStatsRecorder(  659): forcePersistLocked() writing for xt
D/NetworkStatsRecorder(  659): forcePersistLocked() writing for uid
V/NetworkStats(  659): performPollLocked() took 81ms
V/ActivityManager(  659): Broadcast: Intent { act=com.android.server.action.NETWORK_STATS_UPDATED flg=0x40000010 } ordered=false userid=-1 callerApp=ProcessRecord{41fb5680 659:system/1000}
D/PowerManagerNotifier(  659): onWakeLockReleased: flags=1, tag="NetworkStats", packageName=android, ownerUid=1000, ownerPid=659, workSource=null
V/NetworkPolicy(  659): ensureActiveMobilePolicyLocked()
I/PowerManagerService(  659): setBrightness mButtonLight, screenBrightness=102
D/NetdConnector(  659): SND -> {44683 bandwidth setglobalalert 2097152}
D/NetdConnector(  659): RCV <- {200 44683 Bandwidth command succeeeded}
D/NetdConnector(  659): RMV <- {200 44683 Bandwidth command succeeeded}
V/NetworkPolicy(  659): updateNetworkEnabledLocked()
V/NetworkPolicy(  659): updateNotificationsLocked()
D/PowerManagerService(  659): checkScreenSaverTimeoutLocked come 240000 reason=userActivity
D/PowerManagerNotifier(  659): onUserActivity: event=1, uid=1000
I/PowerManagerService(  659): setBrightness mButtonLight, screenBrightness=102
D/NetdConnector(  659): RCV <- {601 limit alert globalAlert wlan0}
D/NetworkManagementService(  659): onEvent:601 limit alert globalAlert wlan0:5
D/PowerManagerNotifier(  659): onWakeLockAcquired: flags=1, tag="NetworkStats", packageName=android, ownerUid=1000, ownerPid=659, workSource=null
I/PowerManagerService(  659): setBrightness mButtonLight, screenBrightness=102
V/NetworkStats(  659): performPollLocked(flags=0x3)
D/NetdConnector(  659): SND -> {44684 bandwidth gettetherstats}
D/NetdConnector(  659): RCV <- {200 44684 Tethering stats list completed}
D/NetdConnector(  659): RMV <- {200 44684 Tethering stats list completed}
W/NetworkStatsRecorder(  659): unknown interfaces [lo, p2p0], ignoring those stats
W/NetworkStatsRecorder(  659): unknown interfaces [lo, p2p0], ignoring those stats
W/NetworkStatsRecorder(  659): unknown interfaces [lo, p2p0], ignoring those stats
W/NetworkStatsRecorder(  659): unknown interfaces [lo, p2p0], ignoring those stats
D/NetworkStatsRecorder(  659): forcePersistLocked() writing for dev
D/NetworkStatsRecorder(  659): forcePersistLocked() writing for xt
D/NetworkStatsRecorder(  659): forcePersistLocked() writing for uid
V/NetworkStats(  659): performPollLocked() took 302ms
V/ActivityManager(  659): Broadcast: Intent { act=com.android.server.action.NETWORK_STATS_UPDATED flg=0x40000010 } ordered=false userid=-1 callerApp=ProcessRecord{41fb5680 659:system/1000}
D/PowerManagerNotifier(  659): onWakeLockReleased: flags=1, tag="NetworkStats", packageName=android, ownerUid=1000, ownerPid=659, workSource=null
V/NetworkPolicy(  659): ensureActiveMobilePolicyLocked()
I/PowerManagerService(  659): setBrightness mButtonLight, screenBrightness=102
D/NetdConnector(  659): SND -> {44685 bandwidth setglobalalert 2097152}
D/NetdConnector(  659): RCV <- {200 44685 Bandwidth command succeeeded}
D/NetdConnector(  659): RMV <- {200 44685 Bandwidth command succeeeded}
V/NetworkPolicy(  659): updateNetworkEnabledLocked()
V/NetworkPolicy(  659): updateNotificationsLocked()
D/PowerManagerService(  659): checkScreenSaverTimeoutLocked come 240000 reason=userActivity
D/PowerManagerNotifier(  659): onUserActivity: event=1, uid=1000
I/PowerManagerService(  659): setBrightness mButtonLight, screenBrightness=102
V/SettingsProvider(  659): call(system:sound_effects_enabled) for 0
D/PowerManagerService(  659): checkScreenSaverTimeoutLocked come 240000 reason=userActivity
D/PowerManagerNotifier(  659): onUserActivity: event=0, uid=1000
I/PowerManagerService(  659): setBrightness mButtonLight, screenBrightness=102
D/PowerManagerNotifier(  659): onWakeLockReleased: flags=536870922, tag="WindowManager", packageName=android, ownerUid=1000, ownerPid=659, workSource=WorkSource{10466}
D/PowerManagerNotifier(  659): onUserActivity: event=0, uid=1000
I/PowerManagerService(  659): setBrightness mButtonLight, screenBrightness=102
D/PowerManagerService(  659): checkScreenSaverTimeoutLocked come 240000 reason=KEEP_SCREEN_ON wakelock false
D/PowerManagerNotifier(  659): onWakeLockReleased: flags=1, tag="AudioMix", packageName=media, ownerUid=1013, ownerPid=164, workSource=WorkSource{10466}
D/PowerManagerNotifier(  659): onWakeLockAcquired: flags=1, tag="AudioMix", packageName=media, ownerUid=1013, ownerPid=164, workSource=WorkSource{1000, 10466}
D/NetdConnector(  659): RCV <- {601 limit alert globalAlert wlan0}
D/NetworkManagementService(  659): onEvent:601 limit alert globalAlert wlan0:5
D/PowerManagerNotifier(  659): onWakeLockAcquired: flags=1, tag="NetworkStats", packageName=android, ownerUid=1000, ownerPid=659, workSource=null
I/PowerManagerService(  659): setBrightness mButtonLight, screenBrightness=102
V/NetworkStats(  659): performPollLocked(flags=0x3)
D/NetdConnector(  659): SND -> {44686 bandwidth gettetherstats}
--------- beginning of /dev/log/main
D/NativeCrypto(31410): ssl=0x69308c48 sslRead buf=0x446fce4f len=4615,timeo=8000
D/NativeCrypto(31410): ssl=0x69308c48 sslRead buf=0x43212b58 len=1500,timeo=8000
D/NativeCrypto(31410): ssl=0x69308c48 sslRead buf=0x446fe632 len=3881,timeo=8000
D/NativeCrypto(31410): ssl=0x69308c48 sslRead buf=0x43212b58 len=1500,timeo=8000
D/NativeCrypto(31410): ssl=0x69308c48 sslRead buf=0x446ffb37 len=3739,timeo=8000
D/NativeCrypto(31410): ssl=0x69308c48 sslRead buf=0x43212b58 len=1500,timeo=8000
D/NativeCrypto(31410): ssl=0x69308c48 sslRead buf=0x44700e4f len=5795,timeo=8000
D/NetdConnector(  659): RCV <- {200 44686 Tethering stats list completed}
D/NativeCrypto(31410): ssl=0x69308c48 sslRead buf=0x43212b58 len=1500,timeo=8000
D/NativeCrypto(31410): ssl=0x69308c48 sslRead buf=0x44702ace len=3805,timeo=8000
D/NativeCrypto(31410): ssl=0x69308c48 sslRead buf=0x43212b58 len=1500,timeo=8000
D/NativeCrypto(31410): ssl=0x69308c48 sslRead buf=0x44703f87 len=3454,timeo=8000
D/NativeCrypto(31410): ssl=0x69308c48 sslRead buf=0x43212b58 len=1500,timeo=8000
D/NativeCrypto(31410): ssl=0x69308c48 sslRead buf=0x44704e4f len=7550,timeo=8000
D/NetdConnector(  659): RMV <- {200 44686 Tethering stats list completed}
D/NativeCrypto(31410): ssl=0x69308c48 sslRead buf=0x43212b58 len=1500,timeo=8000
D/NativeCrypto(31410): ssl=0x69308c48 sslRead buf=0x447071a9 len=3553,timeo=8000
D/NativeCrypto(31410): ssl=0x69308c48 sslRead buf=0x43212b58 len=1500,timeo=8000
D/NativeCrypto(31410): ssl=0x69308c48 sslRead buf=0x44708566 len=3504,timeo=8000
D/NativeCrypto(31410): ssl=0x69308c48 sslRead buf=0x43212b58 len=1500,timeo=8000
W/NetworkStatsRecorder(  659): unknown interfaces [lo, p2p0], ignoring those stats
W/NetworkStatsRecorder(  659): unknown interfaces [lo, p2p0], ignoring those stats
D/NativeCrypto(31410): ssl=0x69308c48 sslRead buf=0x4470942b len=6946,timeo=8000
W/NetworkStatsRecorder(  659): unknown interfaces [lo, p2p0], ignoring those stats
D/NativeCrypto(31410): ssl=0x69308c48 sslRead buf=0x43212b58 len=1500,timeo=8000
W/NetworkStatsRecorder(  659): unknown interfaces [lo, p2p0], ignoring those stats
D/NetworkStatsRecorder(  659): forcePersistLocked() writing for dev
D/NativeCrypto(31410): ssl=0x69308c48 sslRead buf=0x4470b541 len=4009,timeo=8000
D/NativeCrypto(31410): ssl=0x69308c48 sslRead buf=0x43212b58 len=1500,timeo=8000
D/NativeCrypto(31410): ssl=0x69308c48 sslRead buf=0x4470cac6 len=3747,timeo=8000
D/NativeCrypto(31410): ssl=0x69308c48 sslRead buf=0x4470ce67 len=2818,timeo=8000
D/NativeCrypto(31410): ssl=0x69308c48 sslRead buf=0x43212b58 len=1500,timeo=8000
D/NativeCrypto(31410): ssl=0x69308c48 sslRead buf=0x4470df45 len=4063,timeo=8000
D/NativeCrypto(31410): ssl=0x69308c48 sslRead buf=0x43212b58 len=1500,timeo=8000
D/NativeCrypto(31410): ssl=0x69308c48 sslRead buf=0x4470f500 len=2815,timeo=8000
D/NativeCrypto(31410): ssl=0x69308c48 sslRead buf=0x43212b58 len=1500,timeo=8000
D/NativeCrypto(31410): ssl=0x69308c48 sslRead buf=0x447105db len=8971,timeo=8000
D/NativeCrypto(31410): ssl=0x69308c48 sslRead buf=0x44710e67 len=6783,timeo=8000
D/NativeCrypto(31410): ssl=0x69308c48 sslRead buf=0x43212b58 len=1500,timeo=8000
D/NativeCrypto(31410): ssl=0x69308c48 sslRead buf=0x44712ec2 len=4100,timeo=8000
D/NativeCrypto(31410): ssl=0x69308c48 sslRead buf=0x43212b58 len=1500,timeo=8000
D/NativeCrypto(31410): ssl=0x69308c48 sslRead buf=0x447144a2 len=7540,timeo=8000
D/NativeCrypto(31410): ssl=0x69308c48 sslRead buf=0x44714e67 len=5039,timeo=8000
D/NativeCrypto(31410): ssl=0x69308c48 sslRead buf=0x43212b58 len=1500,timeo=8000
D/NativeCrypto(31410): ssl=0x69308c48 sslRead buf=0x447167f2 len=3018,timeo=8000
D/NativeCrypto(31410): ssl=0x69308c48 sslRead buf=0x43212b58 len=1500,timeo=8000
D/NativeCrypto(31410): ssl=0x69308c48 sslRead buf=0x44717998 len=5544,timeo=8000
D/NativeCrypto(31410): ssl=0x69308c48 sslRead buf=0x43212b58 len=1500,timeo=8000
D/NativeCrypto(31410): ssl=0x69308c48 sslRead buf=0x43212b58 len=1500,timeo=8000
D/NativeCrypto(31410): ssl=0x69308c48 sslRead buf=0x44719a1f len=6585,timeo=8000
D/NativeCrypto(31410): ssl=0x69308c48 sslRead buf=0x4471b3f0 len=3522,timeo=8000
D/NativeCrypto(31410): ssl=0x69308c48 sslRead buf=0x43212b58 len=1500,timeo=8000
D/NativeCrypto(31410): ssl=0x69308c48 sslRead buf=0x4471c78e len=10105,timeo=8000
D/NativeCrypto(31410): ssl=0x69308c48 sslRead buf=0x4471ce7f len=8328,timeo=8000
D/NetworkStatsRecorder(  659): forcePersistLocked() writing for xt
D/NativeCrypto(31410): ssl=0x69308c48 sslRead buf=0x43212b58 len=1500,timeo=8000
D/NativeCrypto(31410): ssl=0x69308c48 sslRead buf=0x4471f4e3 len=3934,timeo=8000
D/NativeCrypto(31410): ssl=0x69308c48 sslRead buf=0x43212b58 len=1500,timeo=8000
D/NativeCrypto(31410): ssl=0x69308c48 sslRead buf=0x44720a1d len=6698,timeo=8000
D/NativeCrypto(31410): ssl=0x69308c48 sslRead buf=0x44720e7f len=5576,timeo=8000
D/NativeCrypto(31410): ssl=0x69308c48 sslRead buf=0x43212b58 len=1500,timeo=8000
D/NativeCrypto(31410): ssl=0x69308c48 sslRead buf=0x43212b58 len=1500,timeo=8000
D/NativeCrypto(31410): ssl=0x69308c48 sslRead buf=0x44722fff len=7758,timeo=8000
D/NativeCrypto(31410): ssl=0x69308c48 sslRead buf=0x43212b58 len=1500,timeo=8000
D/NativeCrypto(31410): ssl=0x69308c48 sslRead buf=0x43212b58 len=1500,timeo=8000
D/NativeCrypto(31410): ssl=0x69308c48 sslRead buf=0x43212b58 len=1500,timeo=8000
D/NativeCrypto(31410): ssl=0x69308c48 sslRead buf=0x44725a37 len=7963,timeo=8000
D/NativeCrypto(31410): ssl=0x69308c48 sslRead buf=0x43212b58 len=1500,timeo=8000
D/NativeCrypto(31410): ssl=0x69308c48 sslRead buf=0x44727f2e len=6495,timeo=8000
D/NativeCrypto(31410): ssl=0x69308c48 sslRead buf=0x44728e7f len=2574,timeo=8000
D/NativeCrypto(31410): ssl=0x69308c48 sslRead buf=0x43212b58 len=1500,timeo=8000
D/NativeCrypto(31410): ssl=0x69308c48 sslRead buf=0x44729e69 len=5511,timeo=8000
D/NativeCrypto(31410): ssl=0x69308c48 sslRead buf=0x4472b408 len=1945,timeo=8000
D/NativeCrypto(31410): ssl=0x69308c48 sslRead buf=0x43212b58 len=1500,timeo=8000
D/NativeCrypto(31410): ssl=0x69308c48 sslRead buf=0x4472c17d len=6242,timeo=8000
D/NativeCrypto(31410): ssl=0x69308c48 sslRead buf=0x4472ce97 len=2888,timeo=8000
D/PowerManagerNotifier(  659): onWakeLockReleased: flags=1, tag="AudioMix", packageName=media, ownerUid=1013, ownerPid=164, workSource=WorkSource{1000, 10466}
D/PowerManagerNotifier(  659): onWakeLockAcquired: flags=1, tag="AudioMix", packageName=media, ownerUid=1013, ownerPid=164, workSource=WorkSource{1000}
D/NativeCrypto(31410): ssl=0x69308c48 sslRead buf=0x43212b58 len=1500,timeo=8000
D/NativeCrypto(31410): ssl=0x69308c48 sslRead buf=0x4472dfbb len=7348,timeo=8000
D/NativeCrypto(31410): ssl=0x69308c48 sslRead buf=0x43212b58 len=1500,timeo=8000
D/NativeCrypto(31410): ssl=0x69308c48 sslRead buf=0x43212b58 len=1500,timeo=8000
D/NativeCrypto(31410): ssl=0x69308c48 sslRead buf=0x43212b58 len=1500,timeo=8000
D/NativeCrypto(31410): ssl=0x69308c48 sslRead buf=0x43212b58 len=1500,timeo=8000
D/NativeCrypto(31410): ssl=0x69308c48 sslRead buf=0x44730e97 len=5756,timeo=8000
D/NativeCrypto(31410): ssl=0x69308c48 sslRead buf=0x43212b58 len=1500,timeo=8000
D/NativeCrypto(31410): ssl=0x69308c48 sslRead buf=0x44732aef len=5410,timeo=8000
D/NativeCrypto(31410): ssl=0x69308c48 sslRead buf=0x43212b58 len=1500,timeo=8000
D/NativeCrypto(31410): ssl=0x69308c48 sslRead buf=0x43212b58 len=1500,timeo=8000
D/NativeCrypto(31410): ssl=0x69308c48 sslRead buf=0x44734bc9 len=5379,timeo=8000
D/NativeCrypto(31410): ssl=0x69308c48 sslRead buf=0x44734e97 len=4661,timeo=8000
D/NativeCrypto(31410): ssl=0x69308c48 sslRead buf=0x43212b58 len=1500,timeo=8000
D/NativeCrypto(31410): ssl=0x69308c48 sslRead buf=0x43212b58 len=1500,timeo=8000
D/NativeCrypto(31410): ssl=0x69308c48 sslRead buf=0x44736c84 len=5923,timeo=8000
D/NativeCrypto(31410): ssl=0x69308c48 sslRead buf=0x43212b58 len=1500,timeo=8000
D/NativeCrypto(31410): ssl=0x69308c48 sslRead buf=0x43212b58 len=1500,timeo=8000
D/NativeCrypto(31410): ssl=0x69308c48 sslRead buf=0x44738e97 len=4828,timeo=8000
D/NativeCrypto(31410): ssl=0x69308c48 sslRead buf=0x43212b58 len=1500,timeo=8000
D/NativeCrypto(31410): ssl=0x69308c48 sslRead buf=0x4473a74f len=3257,timeo=8000
D/NativeCrypto(31410): ssl=0x69308c48 sslRead buf=0x4473b420 len=2277,timeo=8000
D/NativeCrypto(31410): ssl=0x69308c48 sslRead buf=0x43212b58 len=1500,timeo=8000
D/NativeCrypto(31410): ssl=0x69308c48 sslRead buf=0x43212b58 len=1500,timeo=8000
D/NativeCrypto(31410): ssl=0x69308c48 sslRead buf=0x4473c8bd len=4167,timeo=8000
D/NativeCrypto(31410): ssl=0x69308c48 sslRead buf=0x4473ceaf len=2645,timeo=8000
D/NativeCrypto(31410): ssl=0x69308c48 sslRead buf=0x43212b58 len=1500,timeo=8000
D/NativeCrypto(31410): ssl=0x69308c48 sslRead buf=0x43212b58 len=1500,timeo=8000
D/NativeCrypto(31410): ssl=0x69308c48 sslRead buf=0x4473e4bc len=19731,timeo=8000
D/NativeCrypto(31410): ssl=0x69308c48 sslRead buf=0x44740eaf len=8992,timeo=8000
D/NetworkStatsRecorder(  659): forcePersistLocked() writing for uid
D/NativeCrypto(31410): ssl=0x69308c48 sslRead buf=0x43212b58 len=1500,timeo=8000
D/NativeCrypto(31410): ssl=0x69308c48 sslRead buf=0x447437ab len=5140,timeo=8000
D/NativeCrypto(31410): ssl=0x69308c48 sslRead buf=0x43212b58 len=1500,timeo=8000
D/NativeCrypto(31410): ssl=0x69308c48 sslRead buf=0x43212b58 len=1500,timeo=8000
D/NativeCrypto(31410): ssl=0x69308c48 sslRead buf=0x4474548b len=6730,timeo=8000
D/NativeCrypto(31410): ssl=0x69308c48 sslRead buf=0x43212b58 len=1500,timeo=8000
D/NativeCrypto(31410): ssl=0x69308c48 sslRead buf=0x43212b58 len=1500,timeo=8000
D/NativeCrypto(31410): ssl=0x69308c48 sslRead buf=0x44747a8d len=2422,timeo=8000
D/EventLogger(31410): loading [false]
V/NetworkStats(  659): performPollLocked() took 64ms
V/ActivityManager(  659): Broadcast: Intent { act=com.android.server.action.NETWORK_STATS_UPDATED flg=0x40000010 } ordered=false userid=-1 callerApp=ProcessRecord{41fb5680 659:system/1000}
D/PowerManagerNotifier(  659): onWakeLockReleased: flags=1, tag="NetworkStats", packageName=android, ownerUid=1000, ownerPid=659, workSource=null
V/NetworkPolicy(  659): ensureActiveMobilePolicyLocked()
I/PowerManagerService(  659): setBrightness mButtonLight, screenBrightness=102
D/PhoneInterfaceManagerEx(  878): [PhoneIntfMgrEx] hasIccCard  simId=0
D/NetdConnector(  659): SND -> {44687 bandwidth setglobalalert 2097152}
D/NetdConnector(  659): RCV <- {200 44687 Bandwidth command succeeeded}
D/PhoneInterfaceManager(  878): getSimState simId = 0prop = NOT_READY
V/NetworkPolicy(  659): updateNetworkEnabledLocked()
V/NetworkPolicy(  659): updateNotificationsLocked()
D/NetdConnector(  659): RMV <- {200 44687 Bandwidth command succeeeded}
D/ConnectivityService(  659): getActiveNetworkInfo:NetworkInfo: type: WIFI[], state: CONNECTED/CONNECTED, reason: (unspecified), extra: "Xiaomi_E405_5G", roaming: false, failover: false, isAvailable: true, isConnectedToProvisioningNetwork: false, simId: 0/1000
D/SQLiteDatabase(31153): beginTransaction()
D/SQLiteDatabase(31153): endTransaction()
D/MtkOmxCore(  164): ## CPU OPP MASK OFF (Video)
I/VDO_LOG (  164): eVideoVcodecSetCpuOppLimit (1565131102, 376896, 0)
D/WifiStateMachine(  659): ConnectedState{ when=-1ms what=131155 arg1=205 target=com.android.internal.util.StateMachine$SmHandler target=Handler (com.android.internal.util.StateMachine$SmHandler) {41e7e880} }
D/WifiStateMachine(  659): L2ConnectedState{ when=-1ms what=131155 arg1=205 target=com.android.internal.util.StateMachine$SmHandler target=Handler (com.android.internal.util.StateMachine$SmHandler) {41e7e880} }
W/WifiHW  (  659): enter -->wifi_send_command cmd=IFNAME=wlan0 SIGNAL_POLL
W/wpa_supplicant(  834): RX ctrl_iface - hexdump(len=11): 53 49 47 4e 41 4c 5f 50 4f 4c 4c
W/wpa_supplicant(  834): wlan0: Control interface command 'SIGNAL_POLL'
W/wpa_supplicant(  834): nl80211: survey data missing!
W/wpa_supplicant(  834): LB_DBG[wpa_supplicant_ctrl_iface_process:6391] reply=RSSI=-21
W/wpa_supplicant(  834): LINKSPEED=150
W/wpa_supplicant(  834): NOISE=9999
W/wpa_supplicant(  834): FREQUENCY=5180
W/wpa_supplicant(  834): ,reply_len=49
W/WifiHW  (  659): leave --> reply=RSSI=-21
W/WifiHW  (  659): LINKSPEED=150
W/WifiHW  (  659): NOISE=9999
W/WifiHW  (  659): FREQUENCY=5180
W/WifiHW  (  659): 
D/wifi    (  659): doStringCommand, buf IFNAME=wlan0 SIGNAL_POLL
I/WifiStateMachine(  659): fetchRssiAndLinkSpeedNative, newRssi:-21, newLinkSpeed:150, SSID:"Xiaomi_E405_5G"
W/MtkOmxVdec(  164): b7132ff0 ETB (0xB7164250) (0xB2309800) 4480000 (0x10) (637) (9 9) 
I/BufferQueue(  161): [com.liskovsoft.videomanager/com.liskovsoft.smartyoutubetv.flavors.exoplayer.SmartYouTubeTV4K](this:0xb75feab8,id:2937,api:1,p:31410,c:161) [queue] fps:1.65, dur:1214.33, max:974.93, min:239.39
W/PppoeConnector(  659): Communications error: java.io.IOException: No such file or directory
W/PppoeConnector(  659): Error in NativeDaemonConnector: java.io.IOException: No such file or directory
I/BufferQueue(  161): [com.liskovsoft.videomanager/com.liskovsoft.smartyoutubetv.flavors.exoplayer.SmartYouTubeTV4K](this:0xb75feab8,id:2937,api:1,p:31410,c:161) [release] fps:1.63, dur:1224.90, max:974.87, min:250.03
D/MDP     (  161): DpBlit: in: (1280, 736, 40960, 20480, C12), crop: (0, 0, 1280, 720)
D/MDP     (  161): DpBlit: out: (1920, 1080, 3840, 0, C5), misc: (R:0, F:0, S:1, D:0)
D/MDP     (  161): DpBlit: time 8 ms
D/AudioTrack(  659): audiotrack 0x638da4e8 stop done
D/PowerManagerNotifier(  659): onWakeLockReleased: flags=1, tag="AudioMix", packageName=media, ownerUid=1013, ownerPid=164, workSource=WorkSource{1000}
D/PowerManagerNotifier(  659): onWakeLockAcquired: flags=1, tag="AudioMix", packageName=media, ownerUid=1013, ownerPid=164, workSource=null
D/AudioFlinger(  164): Audio hardware entering standby, mixer 0xb32aa008, suspend count 0
D/AudioMTKHdmiStreamOut(  164): +standby[0]
D/AudioMTKHdmiStreamOut(  164): +outputStandby[0]
D/AudioMTKHdmiStreamOut(  164): setStreamRunning[0] enable = 0
D/AudioDigitalControl(  164): +SetinputConnection(), ConnectionState = 0, Input = 20, Output = 20
D/AudioInterConnection(  164): SetinputConnection ConnectionState = 0 Input = 20 Output = 20
D/AudioDigitalControl(  164): +SetinputConnection(), ConnectionState = 0, Input = 21, Output = 21
D/AudioInterConnection(  164): SetinputConnection ConnectionState = 0 Input = 21 Output = 21
D/AudioMTKHdmiStreamOut(  164): enableMcuIRQ[0] IRQ_mode = 4 Enable = 0
D/AudioDigitalControl(  164): +SetIrqMcuEnable(), Irqmode = 4, bEnable = 0
D/AudioDigitalControl(  164): +SetMemIfEnable(), InterfaceType 18, State 0
D/AudioDigitalControl(  164): state from 1 ==> 0
D/AudioDigitalControl(  164): +SetMemoryPathEnable(), InterfaceType = 18, bEnable = 0
D/AudioMTKHdmiStreamOut(  164): -outputStandby[0]
D/AudioMTKHdmiStreamOut(  164): -standby[0]
W/AudioFlinger(  164): exitPending(1) = 0
D/AudioFlinger(  164): releaseWakeLock_l() AudioOut_195B
D/PowerManagerNotifier(  659): onWakeLockReleased: flags=1, tag="AudioMix", packageName=media, ownerUid=1013, ownerPid=164, workSource=null
I/PowerManagerService(  659): setBrightness mButtonLight, screenBrightness=102
D/IPCThreadState(  659): [DN #5] BR_CLEAR_DEATH_NOTIFICATION_DONE cookie 0x655fcab0
W/AudioFlinger(  164): thread 0xb32aa008 type 0 TID 30683 going to sleep
I/BufferQueue(  161): [com.liskovsoft.videomanager/com.liskovsoft.smartyoutubetv.flavors.exoplayer.SmartYouTubeTV4K](this:0xb75feab8,id:2937,api:1,p:31410,c:161) [queue] fps:0.99, dur:1010.93, max:1010.93, min:1010.93
I/BufferQueue(  161): [com.liskovsoft.videomanager/com.liskovsoft.smartyoutubetv.flavors.exoplayer.SmartYouTubeTV4K](this:0xb75feab8,id:2937,api:1,p:31410,c:161) [release] fps:1.00, dur:1000.35, max:1000.35, min:1000.35
D/MDP     (  161): DpBlit: in: (1280, 736, 40960, 20480, C12), crop: (0, 0, 1280, 720)
D/MDP     (  161): DpBlit: out: (1920, 1080, 3840, 0, C5), misc: (R:0, F:0, S:1, D:0)
D/MDP     (  161): DpBlit: time 9 ms
D/WebViewCallback(31410): shouldInterceptRequest=https://www.youtube.com/api/stats/qoe?event=streamingstats&fmt=137&afmt=140&cpn=p9GQS2nwY4fUCDFw&ei=WQFKXaXVA4vByQXB2LjQAg&el=leanback&docid=uVWlOmBqd7s&ns=yt&fexp=23735274%2C23744176%2C23751767%2C23758225%2C23788875%2C23793834%2C23803139%2C23804281%2C23805410%2C23806014%2C23812325%2C23818122%2C23818585%2C23821232%2C23825157%2C23827174%2C23827783%2C23828061%2C23828083%2C23830019%2C23830086%2C23830173%2C23830397%2C23830574%2C23831150%2C23831713%2C23831757%2C23832303%2C23832308%2C23832381%2C23833277%2C23833277%2C9449243%2C9474356&cl=261848553&seq=2&c=TVHTML5&cver=6.20180913&cplayer=UNIPLAYER&cbrand=LG&cbr=Safari&cbrver&ctheme=CLASSIC&cmodel=42LA660S-ZA&cnetwork&cos&cosver&cplatform=TV&ctmp=loudness:4.291&cmt=6.278:2.000,6.450:3.000,10.006:4.000&vps=6.278:PL,6.450:PA&bwm=10.006:2779037:5.254&bwe=10.006:1353583&bh=10.006:0.000
I/Tab.WebViewClient(31410): should intercept1? https://www.youtube.com/api/stats/qoe?event=streamingstats&fmt=137&afmt=140&cpn=p9GQS2nwY4fUCDFw&ei=WQFKXaXVA4vByQXB2LjQAg&el=leanback&docid=uVWlOmBqd7s&ns=yt&fexp=23735274%2C23744176%2C23751767%2C23758225%2C23788875%2C23793834%2C23803139%2C23804281%2C23805410%2C23806014%2C23812325%2C23818122%2C23818585%2C23821232%2C23825157%2C23827174%2C23827783%2C23828061%2C23828083%2C23830019%2C23830086%2C23830173%2C23830397%2C23830574%2C23831150%2C23831713%2C23831757%2C23832303%2C23832308%2C23832381%2C23833277%2C23833277%2C9449243%2C9474356&cl=261848553&seq=2&c=TVHTML5&cver=6.20180913&cplayer=UNIPLAYER&cbrand=LG&cbr=Safari&cbrver&ctheme=CLASSIC&cmodel=42LA660S-ZA&cnetwork&cos&cosver&cplatform=TV&ctmp=loudness:4.291&cmt=6.278:2.000,6.450:3.000,10.006:4.000&vps=6.278:PL,6.450:PA&bwm=10.006:2779037:5.254&bwe=10.006:1353583&bh=10.006:0.000
D/SmartPreferences(31410): Is app just installed: false
D/SmartPreferences(31410): Is app just installed: false
I/System.out(  902): [CDS]close[49870]
D/WebViewCallback(31410): shouldInterceptRequest=https://www.youtube.com/api/stats/atr?ns=yt&el=leanback&cpn=p9GQS2nwY4fUCDFw&docid=uVWlOmBqd7s&ver=2&referrer=https%3A%2F%2Fwww.youtube.com%2Ftv&cmt=4&ei=WQFKXaXVA4vByQXB2LjQAg&fmt=137&fs=0&rt=10.879&of=tp_zx4OU8mAl5xWTiKPoxQ&euri=https%3A%2F%2Fwww.youtube.com%2Ftv%23%2Fwatch%2Fvideo%2Fidle%3Fv%3DuVWlOmBqd7s%26list%3DPLbl01QFpbBY3k5A8412DEqxwNuHBDudBz%26resume&lact=11456&cl=261848553&mos=0&vm=CAMQARgBKiBjMlBXdzB4WmJkbFVCVmRLT0hlQ3c5aHRrLXBfR3BOQg&volume=100&c=TVHTML5&cver=6.20180913&cplayer=UNIPLAYER&cbrand=LG&cbr=Safari&cbrver&ctheme=CLASSIC&cmodel=42LA660S-ZA&cnetwork&cos&cosver&cplatform=TV&hl=en_US&cr=UA&len=189&fexp=23735274%2C23744176%2C23751767%2C23758225%2C23788875%2C23793834%2C23803139%2C23804281%2C23805410%2C23806014%2C23812325%2C23818122%2C23818585%2C23821232%2C23825157%2C23827174%2C23827783%2C23828061%2C23828083%2C23830019%2C23830086%2C23830173%2C23830397%2C23830574%2C23831150%2C23831713%2C23831757%2C23832303%2C23832308%2C23832381%2C23833277%2C23833277%2C9449243%2C9474356&list=PLbl01QFpbBY3k5A8412DEqxwNuHBDudBz&afmt=140&conn=1
I/Tab.WebViewClient(31410): should intercept1? https://www.youtube.com/api/stats/atr?ns=yt&el=leanback&cpn=p9GQS2nwY4fUCDFw&docid=uVWlOmBqd7s&ver=2&referrer=https%3A%2F%2Fwww.youtube.com%2Ftv&cmt=4&ei=WQFKXaXVA4vByQXB2LjQAg&fmt=137&fs=0&rt=10.879&of=tp_zx4OU8mAl5xWTiKPoxQ&euri=https%3A%2F%2Fwww.youtube.com%2Ftv%23%2Fwatch%2Fvideo%2Fidle%3Fv%3DuVWlOmBqd7s%26list%3DPLbl01QFpbBY3k5A8412DEqxwNuHBDudBz%26resume&lact=11456&cl=261848553&mos=0&vm=CAMQARgBKiBjMlBXdzB4WmJkbFVCVmRLT0hlQ3c5aHRrLXBfR3BOQg&volume=100&c=TVHTML5&cver=6.20180913&cplayer=UNIPLAYER&cbrand=LG&cbr=Safari&cbrver&ctheme=CLASSIC&cmodel=42LA660S-ZA&cnetwork&cos&cosver&cplatform=TV&hl=en_US&cr=UA&len=189&fexp=23735274%2C23744176%2C23751767%2C23758225%2C23788875%2C23793834%2C23803139%2C23804281%2C23805410%2C23806014%2C23812325%2C23818122%2C23818585%2C23821232%2C23825157%2C23827174%2C23827783%2C23828061%2C23828083%2C23830019%2C23830086%2C23830173%2C23830397%2C23830574%2C23831150%2C23831713%2C23831757%2C23832303%2C23832308%2C23832381%2C23833277%2C23833277%2C9449243%2C9474356&list=PLbl01QFpbBY3k5A8412DEqxwNuHBDudBz&afmt=140&conn=1
D/SmartPreferences(31410): Is app just installed: false
D/SmartPreferences(31410): Is app just installed: false
I/BufferQueue(  161): [com.liskovsoft.videomanager/com.liskovsoft.smartyoutubetv.flavors.exoplayer.SmartYouTubeTV4K](this:0xb75feab8,id:2937,api:1,p:31410,c:161) [release] fps:1.00, dur:1000.11, max:1000.11, min:1000.11
D/MDP     (  161): DpBlit: in: (1280, 736, 40960, 20480, C12), crop: (0, 0, 1280, 720)
D/MDP     (  161): DpBlit: out: (1920, 1080, 3840, 0, C5), misc: (R:0, F:0, S:1, D:0)
D/MDP     (  161): DpBlit: time 9 ms
D/WebViewCallback(31410): shouldInterceptRequest=https://www.youtube.com/api/stats/watchtime?ns=yt&el=leanback&cpn=p9GQS2nwY4fUCDFw&docid=uVWlOmBqd7s&ver=2&referrer=https%3A%2F%2Fwww.youtube.com%2Ftv&cmt=4&ei=WQFKXaXVA4vByQXB2LjQAg&fmt=137&fs=0&rt=11.006&of=tp_zx4OU8mAl5xWTiKPoxQ&euri=https%3A%2F%2Fwww.youtube.com%2Ftv%23%2Fwatch%2Fvideo%2Fidle%3Fv%3DuVWlOmBqd7s%26list%3DPLbl01QFpbBY3k5A8412DEqxwNuHBDudBz%26resume&lact=11587&cl=261848553&state=paused&vm=CAMQARgBKiBjMlBXdzB4WmJkbFVCVmRLT0hlQ3c5aHRrLXBfR3BOQg&volume=100&c=TVHTML5&cver=6.20180913&cplayer=UNIPLAYER&cbrand=LG&cbr=Safari&cbrver&ctheme=CLASSIC&cmodel=42LA660S-ZA&cnetwork&cos&cosver&cplatform=TV&hl=en_US&cr=UA&len=189&rtn=21&list=PLbl01QFpbBY3k5A8412DEqxwNuHBDudBz&afmt=140&idpj=-6&ldpj=-33&rti=11&muted=0&st=0&et=4&conn=1
I/Tab.WebViewClient(31410): should intercept1? https://www.youtube.com/api/stats/watchtime?ns=yt&el=leanback&cpn=p9GQS2nwY4fUCDFw&docid=uVWlOmBqd7s&ver=2&referrer=https%3A%2F%2Fwww.youtube.com%2Ftv&cmt=4&ei=WQFKXaXVA4vByQXB2LjQAg&fmt=137&fs=0&rt=11.006&of=tp_zx4OU8mAl5xWTiKPoxQ&euri=https%3A%2F%2Fwww.youtube.com%2Ftv%23%2Fwatch%2Fvideo%2Fidle%3Fv%3DuVWlOmBqd7s%26list%3DPLbl01QFpbBY3k5A8412DEqxwNuHBDudBz%26resume&lact=11587&cl=261848553&state=paused&vm=CAMQARgBKiBjMlBXdzB4WmJkbFVCVmRLT0hlQ3c5aHRrLXBfR3BOQg&volume=100&c=TVHTML5&cver=6.20180913&cplayer=UNIPLAYER&cbrand=LG&cbr=Safari&cbrver&ctheme=CLASSIC&cmodel=42LA660S-ZA&cnetwork&cos&cosver&cplatform=TV&hl=en_US&cr=UA&len=189&rtn=21&list=PLbl01QFpbBY3k5A8412DEqxwNuHBDudBz&afmt=140&idpj=-6&ldpj=-33&rti=11&muted=0&st=0&et=4&conn=1
D/SmartPreferences(31410): Is app just installed: false
D/PlaybackStatsInterceptor(31410): Playback is working!!!
D/SmartPreferences(31410): Is app just installed: false
D/PlaybackStatsInterceptor(31410): Playback is working!!!
