D/YouTubeHistoryUpdater(31410): Start history updating: https://www.youtube.com/api/stats/watchtime?ns=yt&el=leanback&cpn=p9GQS2nwY4fUCDFw&docid=uVWlOmBqd7s&ver=2&referrer=https%3A%2F%2Fwww.youtube.com%2Ftv&cmt=4&ei=WQFKXaXVA4vByQXB2LjQAg&fmt=137&fs=0&rt=11.006&of=tp_zx4OU8mAl5xWTiKPoxQ&euri=https%3A%2F%2Fwww.youtube.com%2Ftv%23%2Fwatch%2Fvideo%2Fidle%3Fv%3DuVWlOmBqd7s%26list%3DPLbl01QFpbBY3k5A8412DEqxwNuHBDudBz%26resume&lact=11587&cl=261848553&state=paused&vm=CAMQARgBKiBjMlBXdzB4WmJkbFVCVmRLT0hlQ3c5aHRrLXBfR3BOQg&volume=100&c=TVHTML5&cver=6.20180913&cplayer=UNIPLAYER&cbrand=LG&cbr=Safari&cbrver&ctheme=CLASSIC&cmodel=42LA660S-ZA&cnetwork&cos&cosver&cplatform=TV&hl=en_US&cr=UA&len=189&rtn=21&list=PLbl01QFpbBY3k5A8412DEqxwNuHBDudBz&afmt=140&idpj=-6&ldpj=-33&rti=11&muted=0&st=0&et=4&conn=1, 0.0, 0.0
D/YouTubeHistoryUpdater(31410): Full tracking url: https://www.youtube.com/api/stats/watchtime?ns=yt&el=leanback&cpn=p9GQS2nwY4fUCDFw&docid=uVWlOmBqd7s&ver=2&referrer=https%3A%2F%2Fwww.youtube.com%2Ftv&cmt=189.0&ei=WQFKXaXVA4vByQXB2LjQAg&fmt=137&fs=0&rt=11.006&of=tp_zx4OU8mAl5xWTiKPoxQ&euri=https%3A%2F%2Fwww.youtube.com%2Ftv%23%2Fwatch%2Fvideo%2Fidle%3Fv%3DuVWlOmBqd7s%26list%3DPLbl01QFpbBY3k5A8412DEqxwNuHBDudBz%26resume&lact=11587&cl=261848553&state=paused&vm=CAMQARgBKiBjMlBXdzB4WmJkbFVCVmRLT0hlQ3c5aHRrLXBfR3BOQg&volume=100&c=TVHTML5&cver=6.20180913&cplayer=UNIPLAYER&cbrand=LG&cbr=Safari&cbrver&ctheme=CLASSIC&cmodel=42LA660S-ZA&cnetwork&cos&cosver&cplatform=TV&hl=en_US&cr=UA&len=189.0&rtn=21&list=PLbl01QFpbBY3k5A8412DEqxwNuHBDudBz&afmt=140&idpj=-6&ldpj=-33&rti=11&muted=0&st=189.0&et=189.0&conn=1
D/YouTubeHistoryUpdater(31410): Tracking headers: {X-YouTube-Utc-Offset=180, Accept-Language=en-us, X-YouTube-Ad-Signals=dt=1564772449513&flash=0&frm&u_tz=180&u_his=50&u_java=true&u_h=540&u_w=960&u_ah=540&u_aw=960&u_cd=32&u_nplug&u_nmime&bc=1&bih=540&biw=960&brdim=0%2C0%2C0%2C0%2C960%2C0%2C960%2C540%2C960%2C540&vis=1&wgl=true&ca_type=image, X-YouTube-Page-Label=youtube.ytfe.desktop_20190729_3_RC0, X-YouTube-Page-CL=260482851, X-YouTube-Client-Name=TVHTML5, Cookie=PREF=f1=50000000; YSC=jAKQDp1-3QM; yt-dev.tv-token-list-c=%7B%7D; VISITOR_INFO1_LIVE=Ernru0m41Q4; GPS=1; S=youtube_lounge_remote=qFEbPhH4dsAPucBm8aK2O6uT0d5CvZx9; yt-dev.storage-integrity=true; yt-dev.account-credentials-c=%7B%22102307470137119736718%22%3A%7B%22oAuthClientIdName%22%3A%22device%22%2C%22refreshToken%22%3A%221/9v58iLMtG234e5X09GHA9wa1zsTVvcL0NFSekqRE8q0%22%2C%22gaiaId%22%3A%22102307470137119736718%22%7D%7D; yt-dev.active-account-c=%7B%22gaiaId%22%3A%22102307470137119736718%22%2C%22delegateRelationship%22%3A0%2C%22ownerGaiaId%22%3A%22102307470137119736718%22%7D; yt-dev.token-time-c=%7B%22tv-token-list%22%3A1554056522947%2C%22account-credentials%22%3A1565130827916%2C%22active-account%22%3A1565130827963%7D, Authorization=Bearer ya29.Gl1dB6NoUzTJjDQ7cr0BPy8AWegKqJ-l-44MAyzOIcTTMfgwGf1POg0YPmsvBdSBu0eNtkBu4gB07SM9foPskGC7NZilrBgV0KqbpmiFGRqBrlBOZvEiEF2HST5ZY4w, Referer=https://www.youtube.com/tv, User-Agent=Mozilla/5.0 (Unknown; Linux armv7l) AppleWebKit/537.1+ (KHTML, like Gecko) Safari/537.1+ LG Browser/6.00.00(+mouse+3D+SCREEN+TUNER; LGE; 42LA660S-ZA; 04.25.05; 0x00000001;); LG NetCast.TV-2013 /04.25.05 (LG, 42LA660S-ZA, wired), X-YouTube-Client-Version=6.20180913}
V/OKPRFL_37zumc2_RQM(31410): GET
V/OKPRFL_37zumc2_RQU(31410): https://www.youtube.com/api/stats/watchtime?ns=yt&el=leanback&cpn=p9GQS2nwY4fUCDFw&docid=uVWlOmBqd7s&ver=2&referrer=https%3A%2F%2Fwww.youtube.com%2Ftv&cmt=189.0&ei=WQFKXaXVA4vByQXB2LjQAg&fmt=137&fs=0&rt=11.006&of=tp_zx4OU8mAl5xWTiKPoxQ&euri=https%3A%2F%2Fwww.youtube.com%2Ftv%23%2Fwatch%2Fvideo%2Fidle%3Fv%3DuVWlOmBqd7s%26list%3DPLbl01QFpbBY3k5A8412DEqxwNuHBDudBz%26resume&lact=11587&cl=261848553&state=paused&vm=CAMQARgBKiBjMlBXdzB4WmJkbFVCVmRLT0hlQ3c5aHRrLXBfR3BOQg&volume=100&c=TVHTML5&cver=6.20180913&cplayer=UNIPLAYER&cbrand=LG&cbr=Safari&cbrver&ctheme=CLASSIC&cmodel=42LA660S-ZA&cnetwork&cos&cosver&cplatform=TV&hl=en_US&cr=UA&len=189.0&rtn=21&list=PLbl01QFpbBY3k5A8412DEqxwNuHBDudBz&afmt=140&idpj=-6&ldpj=-33&rti=11&muted=0&st=189.0&et=189.0&conn=1
V/OKPRFL_37zumc2_RQT(31410): 1565131105427
V/OKPRFL_37zumc2_RQH(31410): Accept-Language: en-us
V/OKPRFL_37zumc2_RQH(31410): Authorization: Bearer ya29.Gl1dB6NoUzTJjDQ7cr0BPy8AWegKqJ-l-44MAyzOIcTTMfgwGf1POg0YPmsvBdSBu0eNtkBu4gB07SM9foPskGC7NZilrBgV0KqbpmiFGRqBrlBOZvEiEF2HST5ZY4w
V/OKPRFL_37zumc2_RQH(31410): Cookie: PREF=f1=50000000; YSC=jAKQDp1-3QM; yt-dev.tv-token-list-c=%7B%7D; VISITOR_INFO1_LIVE=Ernru0m41Q4; GPS=1; S=youtube_lounge_remote=qFEbPhH4dsAPucBm8aK2O6uT0d5CvZx9; yt-dev.storage-integrity=true; yt-dev.account-credentials-c=%7B%22102307470137119736718%22%3A%7B%22oAuthClientIdName%22%3A%22device%22%2C%22refreshToken%22%3A%221/9v58iLMtG234e5X09GHA9wa1zsTVvcL0NFSekqRE8q0%22%2C%22gaiaId%22%3A%22102307470137119736718%22%7D%7D; yt-dev.active-account-c=%7B%22gaiaId%22%3A%22102307470137119736718%22%2C%22delegateRelationship%22%3A0%2C%22ownerGaiaId%22%3A%22102307470137119736718%22%7D; yt-dev.token-time-c=%7B%22tv-token-list%22%3A1554056522947%2C%22account-credentials%22%3A1565130827916%2C%22active-account%22%3A1565130827963%7D
V/OKPRFL_37zumc2_RQH(31410): Referer: https://www.youtube.com/tv
V/OKPRFL_37zumc2_RQH(31410): User-Agent: Mozilla/5.0 (Unknown; Linux armv7l) AppleWebKit/537.1+ (KHTML, like Gecko) Safari/537.1+ LG Browser/6.00.00(+mouse+3D+SCREEN+TUNER; LGE; 42LA660S-ZA; 04.25.05; 0x00000001;); LG NetCast.TV-2013 /04.25.05 (LG, 42LA660S-ZA, wired)
V/OKPRFL_37zumc2_RQH(31410): X-YouTube-Ad-Signals: dt=1564772449513&flash=0&frm&u_tz=180&u_his=50&u_java=true&u_h=540&u_w=960&u_ah=540&u_aw=960&u_cd=32&u_nplug&u_nmime&bc=1&bih=540&biw=960&brdim=0%2C0%2C0%2C0%2C960%2C0%2C960%2C540%2C960%2C540&vis=1&wgl=true&ca_type=image
V/OKPRFL_37zumc2_RQH(31410): X-YouTube-Client-Name: TVHTML5
V/OKPRFL_37zumc2_RQH(31410): X-YouTube-Client-Version: 6.20180913
V/OKPRFL_37zumc2_RQH(31410): X-YouTube-Page-CL: 260482851
V/OKPRFL_37zumc2_RQH(31410): X-YouTube-Page-Label: youtube.ytfe.desktop_20190729_3_RC0
V/OKPRFL_37zumc2_RQH(31410): X-YouTube-Utc-Offset: 180
D/NativeCrypto(31410): ssl=0x6839f208 sslWrite buf=0x43046f10 len=2443 write_timeout_millis=0
D/NativeCrypto(31410): ssl=0x6839f208 sslRead buf=0x43046f10 len=8192,timeo=20000
V/OKPRFL_37zumc2_RSS(31410): 204
V/OKPRFL_37zumc2_RSH(31410): Alt-Svc:quic=":443"; ma=2592000; v="46,43,39"
V/OKPRFL_37zumc2_RSH(31410): Cache-Control:no-cache, must-revalidate
V/OKPRFL_37zumc2_RSH(31410): Content-Length:0
V/OKPRFL_37zumc2_RSH(31410): Content-Type:text/html; charset=UTF-8
V/OKPRFL_37zumc2_RSH(31410): Date:Tue, 06 Aug 2019 22:38:25 GMT
V/OKPRFL_37zumc2_RSH(31410): Expires:Fri, 01 Jan 1990 00:00:00 GMT
V/OKPRFL_37zumc2_RSH(31410): Pragma:no-cache
V/OKPRFL_37zumc2_RSH(31410): Server:Video Stats Server
V/OKPRFL_37zumc2_RSH(31410): X-Content-Type-Options:nosniff
V/OKPRFL_37zumc2_RSH(31410): X-Frame-Options:SAMEORIGIN
D/YouTubeHistoryUpdater(31410): Tracking response: Response{protocol=http/1.1, code=204, message=No Content, url=https://www.youtube.com/api/stats/watchtime?ns=yt&el=leanback&cpn=p9GQS2nwY4fUCDFw&docid=uVWlOmBqd7s&ver=2&referrer=https%3A%2F%2Fwww.youtube.com%2Ftv&cmt=189.0&ei=WQFKXaXVA4vByQXB2LjQAg&fmt=137&fs=0&rt=11.006&of=tp_zx4OU8mAl5xWTiKPoxQ&euri=https%3A%2F%2Fwww.youtube.com%2Ftv%23%2Fwatch%2Fvideo%2Fidle%3Fv%3DuVWlOmBqd7s%26list%3DPLbl01QFpbBY3k5A8412DEqxwNuHBDudBz%26resume&lact=11587&cl=261848553&state=paused&vm=CAMQARgBKiBjMlBXdzB4WmJkbFVCVmRLT0hlQ3c5aHRrLXBfR3BOQg&volume=100&c=TVHTML5&cver=6.20180913&cplayer=UNIPLAYER&cbrand=LG&cbr=Safari&cbrver&ctheme=CLASSIC&cmodel=42LA660S-ZA&cnetwork&cos&cosver&cplatform=TV&hl=en_US&cr=UA&len=189.0&rtn=21&list=PLbl01QFpbBY3k5A8412DEqxwNuHBDudBz&afmt=140&idpj=-6&ldpj=-33&rti=11&muted=0&st=189.0&et=189.0&conn=1}
V/OKPRFL_37zumc2_RSH(31410): X-XSS-Protection:0
V/OKPRFL_37zumc2_RST(31410): 58
V/OKPRFL_37zumc2_RSD(31410): -->
D/ConnectivityService(  659): getActiveNetworkInfo:NetworkInfo: type: WIFI[], state: CONNECTED/CONNECTED, reason: (unspecified), extra: "Xiaomi_E405_5G", roaming: false, failover: false, isAvailable: true, isConnectedToProvisioningNetwork: false, simId: 0/1000
D/WifiStateMachine(  659): ConnectedState{ when=-3ms what=131155 arg1=205 target=com.android.internal.util.StateMachine$SmHandler target=Handler (com.android.internal.util.StateMachine$SmHandler) {41e7e880} }
D/WifiStateMachine(  659): L2ConnectedState{ when=-3ms what=131155 arg1=205 target=com.android.internal.util.StateMachine$SmHandler target=Handler (com.android.internal.util.StateMachine$SmHandler) {41e7e880} }
W/WifiHW  (  659): enter -->wifi_send_command cmd=IFNAME=wlan0 SIGNAL_POLL
W/wpa_supplicant(  834): RX ctrl_iface - hexdump(len=11): 53 49 47 4e 41 4c 5f 50 4f 4c 4c
W/wpa_supplicant(  834): wlan0: Control interface command 'SIGNAL_POLL'
W/wpa_supplicant(  834): nl80211: survey data missing!
W/wpa_supplicant(  834): LB_DBG[wpa_supplicant_ctrl_iface_process:6391] reply=RSSI=-21
W/wpa_supplicant(  834): LINKSPEED=150
W/wpa_supplicant(  834): NOISE=9999
W/wpa_supplicant(  834): FREQUENCY=5180
W/wpa_supplicant(  834): ,reply_len=49
W/WifiHW  (  659): leave --> reply=RSSI=-21
W/WifiHW  (  659): LINKSPEED=150
W/WifiHW  (  659): NOISE=9999
W/WifiHW  (  659): FREQUENCY=5180
W/WifiHW  (  659): 
D/wifi    (  659): doStringCommand, buf IFNAME=wlan0 SIGNAL_POLL
I/WifiStateMachine(  659): fetchRssiAndLinkSpeedNative, newRssi:-21, newLinkSpeed:150, SSID:"Xiaomi_E405_5G"
I/BufferQueue(  161): [com.liskovsoft.videomanager/com.liskovsoft.smartyoutubetv.flavors.exoplayer.SmartYouTubeTV4K](this:0xb75feab8,id:2937,api:1,p:31410,c:161) [queue] fps:1.00, dur:1995.56, max:998.14, min:997.42
D/MDP     (  161): DpBlit: in: (1280, 736, 40960, 20480, C12), crop: (0, 0, 1280, 720)
D/MDP     (  161): DpBlit: out: (1920, 1080, 3840, 0, C5), misc: (R:0, F:0, S:1, D:0)
D/MDP     (  161): DpBlit: time 9 ms
D/TwoFragmentsManagerActivity(31410): opening player for intent=null
D/TwoFragmentsManagerActivity(31410): Moving fragment to top: ExoPlayerFragment
D/FragmentManagerActivity(31410): Pausing fragment: SmartYouTubeTV4KFragment
I/BaseBrowserFragment(31410): BrowserActivity.onPause: this=SmartYouTubeTV4KFragment{41cea6e0 #0 id=0x7f0a0060}
D/WebView (31410): onPause
W/AwContents(31410): onPause com.android.org.chromium.android_webview.AwContents@42a63330
D/AwPasswordHandler(31410): setViewInfo, awcontents = null
V/websync (31410): *** WebSyncManager stopSync ***, Ref count:1
D/WebViewTimersControl(31410): onBrowserActivityPause
D/WebViewTimersControl(31410): Pausing webview timers, view=com.liskovsoft.browser.addons.HeadersBrowserWebView{41d01388 VFEDHVC. ........ 0,0-1920,1080}
D/WebView (31410): pauseTimers
D/WebView (31410): onPause
I/BufferQueue(  161): [com.liskovsoft.videomanager/com.liskovsoft.smartyoutubetv.flavors.exoplayer.SmartYouTubeTV4K](this:0xb75feab8,id:2937,api:1,p:31410,c:161) [queue] fps:0.99, dur:1012.17, max:1012.17, min:1012.17
I/BufferQueue(  161): [com.liskovsoft.videomanager/com.liskovsoft.smartyoutubetv.flavors.exoplayer.SmartYouTubeTV4K](this:0xb75feab8,id:2937,api:1,p:31410,c:161) [release] fps:0.99, dur:2025.26, max:1025.65, min:999.61
D/MDP     (  161): DpBlit: in: (1280, 736, 40960, 20480, C12), crop: (0, 0, 1280, 720)
D/MDP     (  161): DpBlit: out: (1920, 1080, 3840, 0, C5), misc: (R:0, F:0, S:1, D:0)
D/MDP     (  161): DpBlit: time 12 ms
D/MDP     (  161): DpBlit: in: (1280, 736, 40960, 20480, C12), crop: (0, 0, 1280, 720)
D/MDP     (  161): DpBlit: out: (1920, 1080, 3840, 0, C5), misc: (R:0, F:0, S:1, D:0)
D/MDP     (  161): DpBlit: time 9 ms
V/BleRemoteControllerService(  741): mRunnable run
V/BleRemoteControllerService(  741): requestScan,RC size:1,hasInit:true,isBinded:false,mIsPair:false,Connecting:false
D/BluetoothAdapterService(1104162432)(  741): getState(): mAdapterProperties: com.android.bluetooth.btservice.AdapterProperties@41d04490
D/BluetoothAdapter(  741): 1104133408: getState(). Returning 12
D/BluetoothAdapterService(1104162432)(  741): Get Bonded Devices being called
D/BluetoothAdapterProperties(  741): getBondedDevices: length=2
V/BleRemoteControllerService(  741): hasRCBonded,bondedDevices size:2
D/BluetoothAdapterService(1104162432)(  741): getState(): mAdapterProperties: com.android.bluetooth.btservice.AdapterProperties@41d04490
D/BluetoothAdapter(  741): 1104133408: getState(). Returning 12
D/BluetoothDevice(  741): mAddress: 00:1B:59:8D:6D:CE
D/BluetoothDevice(  741): mAddress: 00:1B:59:8D:6D:CE
D/BluetoothDevice(  741): mAddress: 00:1B:59:8D:6D:CE
V/BleRemoteControllerService(  741): hasRCBonded,bluetooth:W660i,vid:0
D/BluetoothDevice(  741): mAddress: 00:1B:59:8D:6D:CE
E/BleRemoteControllerService(  741): compare name failed!
D/BluetoothAdapterService(1104162432)(  741): getState(): mAdapterProperties: com.android.bluetooth.btservice.AdapterProperties@41d04490
D/BluetoothAdapter(  741): 1104133408: getState(). Returning 12
D/BluetoothDevice(  741): mAddress: 8C:8B:83:58:DE:8D
D/BluetoothDevice(  741): mAddress: 8C:8B:83:58:DE:8D
D/BluetoothDevice(  741): mAddress: 8C:8B:83:58:DE:8D
V/BleRemoteControllerService(  741): hasRCBonded,bluetooth:,vid:10007
D/BluetoothAdapterService(1104162432)(  741): getState(): mAdapterProperties: com.android.bluetooth.btservice.AdapterProperties@41d04490
D/BluetoothAdapter(  741): 1104133408: getState(). Returning 12
D/BluetoothDevice(  741): mAddress: 8C:8B:83:58:DE:8D
D/BluetoothDevice(  741): mAddress: 8C:8B:83:58:DE:8D
V/BleRemoteControllerService(  741): hasRCBonded,BluetoothDevice pid:12800
V/BleRemoteControllerService(  741): hasRCBonded ,spend:42 ms,result:true
D/BluetoothAdapterService(1104162432)(  741): getState(): mAdapterProperties: com.android.bluetooth.btservice.AdapterProperties@41d04490
D/BluetoothAdapter(  741): 1104133408: getState(). Returning 12
D/BluetoothAdapterService(1104162432)(  741): Get Bonded Devices being called
D/BluetoothAdapterProperties(  741): getBondedDevices: length=2
V/BleRemoteControllerService(  741): hasRCBonded,bondedDevices size:2
D/BluetoothAdapterService(1104162432)(  741): getState(): mAdapterProperties: com.android.bluetooth.btservice.AdapterProperties@41d04490
D/BluetoothAdapter(  741): 1104133408: getState(). Returning 12
D/BluetoothDevice(  741): mAddress: 00:1B:59:8D:6D:CE
D/BluetoothDevice(  741): mAddress: 00:1B:59:8D:6D:CE
D/BluetoothDevice(  741): mAddress: 00:1B:59:8D:6D:CE
V/BleRemoteControllerService(  741): hasRCBonded,bluetooth:W660i,vid:0
D/BluetoothDevice(  741): mAddress: 00:1B:59:8D:6D:CE
E/BleRemoteControllerService(  741): compare name failed!
D/BluetoothAdapterService(1104162432)(  741): getState(): mAdapterProperties: com.android.bluetooth.btservice.AdapterProperties@41d04490
D/BluetoothAdapter(  741): 1104133408: getState(). Returning 12
D/BluetoothDevice(  741): mAddress: 8C:8B:83:58:DE:8D
D/BluetoothDevice(  741): mAddress: 8C:8B:83:58:DE:8D
D/BluetoothDevice(  741): mAddress: 8C:8B:83:58:DE:8D
V/BleRemoteControllerService(  741): hasRCBonded,bluetooth:,vid:10007
D/BluetoothAdapterService(1104162432)(  741): getState(): mAdapterProperties: com.android.bluetooth.btservice.AdapterProperties@41d04490
D/BluetoothAdapter(  741): 1104133408: getState(). Returning 12
D/BluetoothDevice(  741): mAddress: 8C:8B:83:58:DE:8D
D/BluetoothDevice(  741): mAddress: 8C:8B:83:58:DE:8D
V/BleRemoteControllerService(  741): hasRCBonded,BluetoothDevice pid:12800
V/BleRemoteControllerService(  741): hasRCBonded ,spend:20 ms,result:true
V/BleRemoteControllerService(  741): now has connected can stop scan
D/ConnectivityService(  659): getActiveNetworkInfo:NetworkInfo: type: WIFI[], state: CONNECTED/CONNECTED, reason: (unspecified), extra: "Xiaomi_E405_5G", roaming: false, failover: false, isAvailable: true, isConnectedToProvisioningNetwork: false, simId: 0/1000
D/SQLiteDatabase(31153): beginTransaction()
D/SQLiteDatabase(31153): endTransaction()
E/battery_warning(  169): error opening file
W/PppoeConnector(  659): Communications error: java.io.IOException: No such file or directory
W/PppoeConnector(  659): Error in NativeDaemonConnector: java.io.IOException: No such file or directory
I/BufferQueue(  161): [com.liskovsoft.videomanager/com.liskovsoft.smartyoutubetv.flavors.exoplayer.SmartYouTubeTV4K](this:0xb75feab8,id:2937,api:1,p:31410,c:161) [queue] fps:1.92, dur:1040.36, max:1000.08, min:40.28
I/BufferQueue(  161): [com.liskovsoft.videomanager/com.liskovsoft.smartyoutubetv.flavors.exoplayer.SmartYouTubeTV4K](this:0xb75feab8,id:2937,api:1,p:31410,c:161) [release] fps:1.95, dur:1025.18, max:999.89, min:25.29
D/MDP     (  161): DpBlit: in: (1280, 736, 40960, 20480, C12), crop: (0, 0, 1280, 720)
D/MDP     (  161): DpBlit: out: (1920, 1080, 3840, 0, C5), misc: (R:0, F:0, S:1, D:0)
D/MDP     (  161): DpBlit: time 10 ms
D/ConnectivityService(  659): getActiveNetworkInfo:NetworkInfo: type: WIFI[], state: CONNECTED/CONNECTED, reason: (unspecified), extra: "Xiaomi_E405_5G", roaming: false, failover: false, isAvailable: true, isConnectedToProvisioningNetwork: false, simId: 0/1000
D/WifiStateMachine(  659): ConnectedState{ when=-3ms what=131155 arg1=205 target=com.android.internal.util.StateMachine$SmHandler target=Handler (com.android.internal.util.StateMachine$SmHandler) {41e7e880} }
D/WifiStateMachine(  659): L2ConnectedState{ when=-4ms what=131155 arg1=205 target=com.android.internal.util.StateMachine$SmHandler target=Handler (com.android.internal.util.StateMachine$SmHandler) {41e7e880} }
W/WifiHW  (  659): enter -->wifi_send_command cmd=IFNAME=wlan0 SIGNAL_POLL
W/wpa_supplicant(  834): RX ctrl_iface - hexdump(len=11): 53 49 47 4e 41 4c 5f 50 4f 4c 4c
W/wpa_supplicant(  834): wlan0: Control interface command 'SIGNAL_POLL'
W/wpa_supplicant(  834): nl80211: survey data missing!
W/wpa_supplicant(  834): LB_DBG[wpa_supplicant_ctrl_iface_process:6391] reply=RSSI=-21
W/wpa_supplicant(  834): LINKSPEED=150
W/wpa_supplicant(  834): NOISE=9999
W/wpa_supplicant(  834): FREQUENCY=5180
W/wpa_supplicant(  834): ,reply_len=49
W/WifiHW  (  659): leave --> reply=RSSI=-21
W/WifiHW  (  659): LINKSPEED=150
W/WifiHW  (  659): NOISE=9999
W/WifiHW  (  659): FREQUENCY=5180
W/WifiHW  (  659): 
D/wifi    (  659): doStringCommand, buf IFNAME=wlan0 SIGNAL_POLL
I/WifiStateMachine(  659): fetchRssiAndLinkSpeedNative, newRssi:-21, newLinkSpeed:150, SSID:"Xiaomi_E405_5G"
I/BufferQueue(  161): [com.liskovsoft.videomanager/com.liskovsoft.smartyoutubetv.flavors.exoplayer.SmartYouTubeTV4K](this:0xb75feab8,id:2937,api:1,p:31410,c:161) [queue] fps:1.00, dur:1000.05, max:1000.05, min:1000.05
D/MDP     (  161): DpBlit: in: (1280, 736, 40960, 20480, C12), crop: (0, 0, 1280, 720)
D/MDP     (  161): DpBlit: out: (1920, 1080, 3840, 0, C5), misc: (R:0, F:0, S:1, D:0)
D/MDP     (  161): DpBlit: time 11 ms
D/BluetoothManagerService(  659): Message: 400
E/BluetoothManagerService(  659): MESSAGE_FORCE_BLUETOOTH_STATE_ONfalse
D/BluetoothAdapterService(1104162432)(  741): getState(): mAdapterProperties: com.android.bluetooth.btservice.AdapterProperties@41d04490
D/BluetoothAdapter(  659): 1109682960: getState(). Returning 12
I/System.out(  902): [CDS]close[49870]
D/LightsService(  659): setLight_native: light=2, colorARGB=0x0, flashMode=0, onMS=0, offMS=0, brightnessMode=0
D/lights  (  659): write_int open fd=-1
I/PowerManagerService(  659): setBrightness mButtonLight 0.
I/BufferQueue(  161): [com.liskovsoft.videomanager/com.liskovsoft.smartyoutubetv.flavors.exoplayer.SmartYouTubeTV4K](this:0xb75feab8,id:2937,api:1,p:31410,c:161) [release] fps:1.00, dur:1999.32, max:999.72, min:999.60
D/MDP     (  161): DpBlit: in: (1280, 736, 40960, 20480, C12), crop: (0, 0, 1280, 720)
D/MDP     (  161): DpBlit: out: (1920, 1080, 3840, 0, C5), misc: (R:0, F:0, S:1, D:0)
D/MDP     (  161): DpBlit: time 10 ms
D/AES     (  659): AEEIOCTL_RT_MON_Kick IOCTL,lParam=0. 
D/InputReader(  659): InputReader::monitor: lock
D/InputReader(  659): InputReader::monitor: wait 
D/EventHub(  659): epoll_wait()  end--
D/EventHub(  659): getEvents mPendingEventIndex 0,mPendingEventCount 1 
D/EventHub(  659): In EventHub::getEvents(): read0  begin--
D/EventHub(  659): In EventHub::getEvents(): read0  end--
D/EventHub(  659): EventHub::getEvents   end---------- because of event count: 0,
D/InputReader(  659): got Events from EventHub 0
D/EventHub(  659): EventHub::getEvents   begin----------
D/EventHub(  659): getEvents mPendingEventIndex 1,mPendingEventCount 1 
D/EventHub(  659): epoll_wait()  begin--
D/InputReader(  659): InputReader::monitor: unlock
D/InputReader(  659): InputReader::monitor: done
I/BufferQueue(  161): [com.liskovsoft.videomanager/com.liskovsoft.smartyoutubetv.flavors.exoplayer.SmartYouTubeTV4K](this:0xb75feab8,id:2937,api:1,p:31410,c:161) [queue] fps:1.00, dur:2003.84, max:1004.50, min:999.35
I/BufferQueue(  161): [com.liskovsoft.videomanager/com.liskovsoft.smartyoutubetv.flavors.exoplayer.SmartYouTubeTV4K](this:0xb75feab8,id:2937,api:1,p:31410,c:161) [release] fps:1.00, dur:1000.76, max:1000.76, min:1000.76
D/MDP     (  161): DpBlit: in: (1280, 736, 40960, 20480, C12), crop: (0, 0, 1280, 720)
D/MDP     (  161): DpBlit: out: (1920, 1080, 3840, 0, C5), misc: (R:0, F:0, S:1, D:0)
D/MDP     (  161): DpBlit: time 13 ms
D/WifiStateMachine(  659): ConnectedState{ when=-3ms what=131155 arg1=205 target=com.android.internal.util.StateMachine$SmHandler target=Handler (com.android.internal.util.StateMachine$SmHandler) {41e7e880} }
D/WifiStateMachine(  659): L2ConnectedState{ when=-4ms what=131155 arg1=205 target=com.android.internal.util.StateMachine$SmHandler target=Handler (com.android.internal.util.StateMachine$SmHandler) {41e7e880} }
W/WifiHW  (  659): enter -->wifi_send_command cmd=IFNAME=wlan0 SIGNAL_POLL
W/wpa_supplicant(  834): RX ctrl_iface - hexdump(len=11): 53 49 47 4e 41 4c 5f 50 4f 4c 4c
W/wpa_supplicant(  834): wlan0: Control interface command 'SIGNAL_POLL'
W/wpa_supplicant(  834): nl80211: survey data missing!
W/wpa_supplicant(  834): LB_DBG[wpa_supplicant_ctrl_iface_process:6391] reply=RSSI=-21
W/wpa_supplicant(  834): LINKSPEED=150
W/wpa_supplicant(  834): NOISE=9999
W/wpa_supplicant(  834): FREQUENCY=5180
W/wpa_supplicant(  834): ,reply_len=49
W/WifiHW  (  659): leave --> reply=RSSI=-21
W/WifiHW  (  659): LINKSPEED=150
W/WifiHW  (  659): NOISE=9999
W/WifiHW  (  659): FREQUENCY=5180
W/WifiHW  (  659): 
D/wifi    (  659): doStringCommand, buf IFNAME=wlan0 SIGNAL_POLL
I/WifiStateMachine(  659): fetchRssiAndLinkSpeedNative, newRssi:-21, newLinkSpeed:150, SSID:"Xiaomi_E405_5G"
I/BufferQueue(  161): [com.liskovsoft.videomanager/com.liskovsoft.smartyoutubetv.flavors.exoplayer.SmartYouTubeTV4K](this:0xb75feab8,id:2937,api:1,p:31410,c:161) [release] fps:1.00, dur:1000.00, max:1000.00, min:1000.00
D/MDP     (  161): DpBlit: in: (1280, 736, 40960, 20480, C12), crop: (0, 0, 1280, 720)
D/MDP     (  161): DpBlit: out: (1920, 1080, 3840, 0, C5), misc: (R:0, F:0, S:1, D:0)
D/MDP     (  161): DpBlit: time 13 ms
D/ConnectivityService(  659): getActiveNetworkInfo:NetworkInfo: type: WIFI[], state: CONNECTED/CONNECTED, reason: (unspecified), extra: "Xiaomi_E405_5G", roaming: false, failover: false, isAvailable: true, isConnectedToProvisioningNetwork: false, simId: 0/1000
D/SQLiteDatabase(31153): beginTransaction()
D/SQLiteDatabase(31153): endTransaction()
W/PppoeConnector(  659): Communications error: java.io.IOException: No such file or directory
W/PppoeConnector(  659): Error in NativeDaemonConnector: java.io.IOException: No such file or directory
I/BufferQueue(  161): [com.liskovsoft.videomanager/com.liskovsoft.smartyoutubetv.flavors.exoplayer.SmartYouTubeTV4K](this:0xb75feab8,id:2937,api:1,p:31410,c:161) [queue] fps:1.00, dur:1999.47, max:999.97, min:999.50
I/BufferQueue(  161): [com.liskovsoft.videomanager/com.liskovsoft.smartyoutubetv.flavors.exoplayer.SmartYouTubeTV4K](this:0xb75feab8,id:2937,api:1,p:31410,c:161) [release] fps:1.00, dur:1000.04, max:1000.04, min:1000.04
D/MDP     (  161): DpBlit: in: (1280, 736, 40960, 20480, C12), crop: (0, 0, 1280, 720)
D/MDP     (  161): DpBlit: out: (1920, 1080, 3840, 0, C5), misc: (R:0, F:0, S:1, D:0)
D/MDP     (  161): DpBlit: time 13 ms
D/bt-att  (  741): gatt_get_ch_state: ch_state=4
D/bt-btif (  741): bta_hh_co_write:ev.u.input.data[0]=2,current interval=20
D/bt-btif (  741): bta_hh_co_write:ev.u.input.data[1]=0,current interval=20
D/bt-btif (  741): bta_hh_co_write:ev.u.input.data[2]=0,current interval=20
D/bt-btif (  741): bta_hh_co_write:ev.u.input.data[3]=241,current interval=20
D/bt-btif (  741): bta_hh_co_write:ev.u.input.data[4]=0,current interval=20
D/bt-btif (  741): bta_hh_co_write:ev.u.input.data[5]=0,current interval=20
D/bt-btif (  741): bta_hh_co_write:ev.u.input.data[6]=0,current interval=20
D/bt-btif (  741): bta_hh_co_write:ev.u.input.data[7]=0,current interval=20
D/bt-btif (  741): bta_hh_co_write:ev.u.input.data[8]=0,current interval=20
D/EventHub(  659): epoll_wait()  end--
D/EventHub(  659): getEvents mPendingEventIndex 0,mPendingEventCount 1 
D/EventHub(  659): In EventHub::getEvents(): read1  begin--
D/EventHub(  659): In EventHub::getEvents(): read1  end--
D/EventHub(  659): EventHub::getEvents   end---------- because of event count: 3,
D/InputReader(  659): got Events from EventHub 3
D/InputReader(  659): BatchSize: 3 Count: 3
D/InputReader(  659): Input event: device=52 type=0x0004 code=0x0004 value=0x000700f1 when=1057247814923000
D/InputReader(  659): Input event: device=52 type=0x0001 code=0x009e value=0x00000001 when=1057247814932000
D/InputReader(  659): Input event: device=52 type=0x0000 code=0x0000 value=0x00000000 when=1057247814938000
D/WindowManager(  659): interceptKeyTq keycode=4 screenIsOn=true keyguardActive=false policyFlags = #2000002 down =true canceled = false isWakeKey=true mVolumeDownKeyTriggered =false mVolumeUpKeyTriggered =false
D/EventHub(  659): EventHub::getEvents   begin----------
D/PowerManagerService(  659): checkScreenSaverTimeoutLocked come 240000 reason=userActivity
D/PowerManagerNotifier(  659): onUserActivity: event=1, uid=1000
D/LightsService(  659): setLight_native: light=2, colorARGB=0xff666666, flashMode=0, onMS=0, offMS=0, brightnessMode=0
D/lights  (  659): write_int open fd=-1
I/PowerManagerService(  659): setBrightness mButtonLight, screenBrightness=102
D/EventHub(  659): getEvents mPendingEventIndex 1,mPendingEventCount 1 
D/EventHub(  659): epoll_wait()  begin--
D/KeyguardViewMediator(  728): isInputRestricted: showing=false, needReshow=false, provisioned=true
D/WindowManager(  659): interceptKeyTi keyCode=4 down=true repeatCount=0 keyguardOn=false mHomePressed=false canceled=false metaState:0
D/FragmentManagerActivity(31410): Dispatching event: KeyEvent { action=ACTION_DOWN, keyCode=KEYCODE_BACK, scanCode=158, metaState=0, flags=0x8, repeatCount=0, eventTime=1057247814, downTime=1057247814, deviceId=52, source=0x301 }, on fragment: ExoPlayerFragment
D/KeyTranslator(31410): No need to translate: KeyEvent { action=ACTION_DOWN, keyCode=KEYCODE_BACK, scanCode=158, metaState=0, flags=0x8, repeatCount=0, eventTime=1057247814, downTime=1057247814, deviceId=52, source=0x301 }
D/bt-att  (  741): gatt_get_ch_state: ch_state=4
D/bt-btif (  741): bta_hh_co_write:ev.u.input.data[0]=2,current interval=20
D/bt-btif (  741): bta_hh_co_write:ev.u.input.data[1]=0,current interval=20
D/bt-btif (  741): bta_hh_co_write:ev.u.input.data[2]=0,current interval=20
D/bt-btif (  741): bta_hh_co_write:ev.u.input.data[3]=0,current interval=20
D/bt-btif (  741): bta_hh_co_write:ev.u.input.data[4]=0,current interval=20
D/bt-btif (  741): bta_hh_co_write:ev.u.input.data[5]=0,current interval=20
D/bt-btif (  741): bta_hh_co_write:ev.u.input.data[6]=0,current interval=20
D/bt-btif (  741): bta_hh_co_write:ev.u.input.data[7]=0,current interval=20
D/bt-btif (  741): bta_hh_co_write:ev.u.input.data[8]=0,current interval=20
D/EventHub(  659): epoll_wait()  end--
D/EventHub(  659): getEvents mPendingEventIndex 0,mPendingEventCount 1 
D/EventHub(  659): In EventHub::getEvents(): read1  begin--
D/EventHub(  659): In EventHub::getEvents(): read1  end--
D/EventHub(  659): EventHub::getEvents   end---------- because of event count: 3,
D/InputReader(  659): got Events from EventHub 3
D/InputReader(  659): BatchSize: 3 Count: 3
D/InputReader(  659): Input event: device=52 type=0x0004 code=0x0004 value=0x000700f1 when=1057247972154000
D/InputReader(  659): Input event: device=52 type=0x0001 code=0x009e value=0x00000000 when=1057247972162000
D/InputReader(  659): Input event: device=52 type=0x0000 code=0x0000 value=0x00000000 when=1057247972167000
D/WindowManager(  659): interceptKeyTq keycode=4 screenIsOn=true keyguardActive=false policyFlags = #2000000 down =false canceled = false isWakeKey=false mVolumeDownKeyTriggered =false mVolumeUpKeyTriggered =false
D/KeyguardViewMediator(  728): isInputRestricted: showing=false, needReshow=false, provisioned=true
D/WindowManager(  659): interceptKeyTi keyCode=4 down=false repeatCount=0 keyguardOn=false mHomePressed=false canceled=false metaState:0
D/EventHub(  659): EventHub::getEvents   begin----------
D/EventHub(  659): getEvents mPendingEventIndex 1,mPendingEventCount 1 
D/EventHub(  659): epoll_wait()  begin--
D/FragmentManagerActivity(31410): Dispatching event: KeyEvent { action=ACTION_UP, keyCode=KEYCODE_BACK, scanCode=158, metaState=0, flags=0x8, repeatCount=0, eventTime=1057247972, downTime=1057247814, deviceId=52, source=0x301 }, on fragment: ExoPlayerFragment
D/KeyTranslator(31410): No need to translate: KeyEvent { action=ACTION_UP, keyCode=KEYCODE_BACK, scanCode=158, metaState=0, flags=0x8, repeatCount=0, eventTime=1057247972, downTime=1057247814, deviceId=52, source=0x301 }
W/AwContents(31410): onDraw
W/AwContents(31410): onDraw mClearViewActive = false
V/InputMethodManager(31410): START INPUT: com.liskovsoft.browser.addons.HeadersBrowserWebView{41d01388 VFEDHVC. .F...... 0,0-1920,1080} ic=com.android.org.chromium.content.browser.input.AdapterInputConnection@43666900 tba=android.view.inputmethod.EditorInfo@436668b8 controlFlags=#100
D/MDP     (  161): DpBlit: in: (1280, 736, 40960, 20480, C12), crop: (0, 0, 1280, 720)
D/MDP     (  161): DpBlit: out: (1920, 1080, 3840, 0, C5), misc: (R:0, F:0, S:1, D:0)
D/MDP     (  161): DpBlit: time 9 ms
D/bt-att  (  741): gatt_get_ch_state: ch_state=4
D/bt-btif (  741): bta_hh_co_write:ev.u.input.data[0]=2,current interval=20
D/bt-btif (  741): bta_hh_co_write:ev.u.input.data[1]=0,current interval=20
D/bt-btif (  741): bta_hh_co_write:ev.u.input.data[2]=0,current interval=20
D/bt-btif (  741): bta_hh_co_write:ev.u.input.data[3]=241,current interval=20
D/bt-btif (  741): bta_hh_co_write:ev.u.input.data[4]=0,current interval=20
D/bt-btif (  741): bta_hh_co_write:ev.u.input.data[5]=0,current interval=20
D/bt-btif (  741): bta_hh_co_write:ev.u.input.data[6]=0,current interval=20
D/bt-btif (  741): bta_hh_co_write:ev.u.input.data[7]=0,current interval=20
D/bt-btif (  741): bta_hh_co_write:ev.u.input.data[8]=0,current interval=20
D/EventHub(  659): epoll_wait()  end--
D/EventHub(  659): getEvents mPendingEventIndex 0,mPendingEventCount 1 
D/EventHub(  659): In EventHub::getEvents(): read1  begin--
D/EventHub(  659): In EventHub::getEvents(): read1  end--
D/EventHub(  659): EventHub::getEvents   end---------- because of event count: 3,
D/InputReader(  659): got Events from EventHub 3
D/InputReader(  659): BatchSize: 3 Count: 3
D/InputReader(  659): Input event: device=52 type=0x0004 code=0x0004 value=0x000700f1 when=1057248291443000
D/InputReader(  659): Input event: device=52 type=0x0001 code=0x009e value=0x00000001 when=1057248292171000
D/InputReader(  659): Input event: device=52 type=0x0000 code=0x0000 value=0x00000000 when=1057248292179000
D/WindowManager(  659): interceptKeyTq keycode=4 screenIsOn=true keyguardActive=false policyFlags = #2000002 down =true canceled = false isWakeKey=true mVolumeDownKeyTriggered =false mVolumeUpKeyTriggered =false
D/EventHub(  659): EventHub::getEvents   begin----------
D/KeyguardViewMediator(  728): isInputRestricted: showing=false, needReshow=false, provisioned=true
D/WindowManager(  659): interceptKeyTi keyCode=4 down=true repeatCount=0 keyguardOn=false mHomePressed=false canceled=false metaState:0
D/EventHub(  659): getEvents mPendingEventIndex 1,mPendingEventCount 1 
D/EventHub(  659): epoll_wait()  begin--
D/FragmentManagerActivity(31410): Dispatching event: KeyEvent { action=ACTION_DOWN, keyCode=KEYCODE_BACK, scanCode=158, metaState=0, flags=0x8, repeatCount=0, eventTime=1057248292, downTime=1057248292, deviceId=52, source=0x301 }, on fragment: ExoPlayerFragment
D/KeyTranslator(31410): No need to translate: KeyEvent { action=ACTION_DOWN, keyCode=KEYCODE_BACK, scanCode=158, metaState=0, flags=0x8, repeatCount=0, eventTime=1057248292, downTime=1057248292, deviceId=52, source=0x301 }
D/bt-att  (  741): gatt_get_ch_state: ch_state=4
D/bt-btif (  741): bta_hh_co_write:ev.u.input.data[0]=2,current interval=20
D/bt-btif (  741): bta_hh_co_write:ev.u.input.data[1]=0,current interval=20
D/bt-btif (  741): bta_hh_co_write:ev.u.input.data[2]=0,current interval=20
D/bt-btif (  741): bta_hh_co_write:ev.u.input.data[3]=0,current interval=20
D/bt-btif (  741): bta_hh_co_write:ev.u.input.data[4]=0,current interval=20
D/bt-btif (  741): bta_hh_co_write:ev.u.input.data[5]=0,current interval=20
D/bt-btif (  741): bta_hh_co_write:ev.u.input.data[6]=0,current interval=20
D/bt-btif (  741): bta_hh_co_write:ev.u.input.data[7]=0,current interval=20
D/bt-btif (  741): bta_hh_co_write:ev.u.input.data[8]=0,current interval=20
D/EventHub(  659): epoll_wait()  end--
D/EventHub(  659): getEvents mPendingEventIndex 0,mPendingEventCount 1 
D/EventHub(  659): In EventHub::getEvents(): read1  begin--
D/EventHub(  659): In EventHub::getEvents(): read1  end--
D/EventHub(  659): EventHub::getEvents   end---------- because of event count: 3,
D/InputReader(  659): got Events from EventHub 3
D/InputReader(  659): BatchSize: 3 Count: 3
D/InputReader(  659): Input event: device=52 type=0x0004 code=0x0004 value=0x000700f1 when=1057248452125000
D/InputReader(  659): Input event: device=52 type=0x0001 code=0x009e value=0x00000000 when=1057248452133000
D/InputReader(  659): Input event: device=52 type=0x0000 code=0x0000 value=0x00000000 when=1057248452138000
D/WindowManager(  659): interceptKeyTq keycode=4 screenIsOn=true keyguardActive=false policyFlags = #2000000 down =false canceled = false isWakeKey=false mVolumeDownKeyTriggered =false mVolumeUpKeyTriggered =false
D/EventHub(  659): EventHub::getEvents   begin----------
D/PowerManagerService(  659): checkScreenSaverTimeoutLocked come 240000 reason=userActivity
D/PowerManagerNotifier(  659): onUserActivity: event=1, uid=1000
I/PowerManagerService(  659): setBrightness mButtonLight, screenBrightness=102
D/EventHub(  659): getEvents mPendingEventIndex 1,mPendingEventCount 1 
D/EventHub(  659): epoll_wait()  begin--
D/KeyguardViewMediator(  728): isInputRestricted: showing=false, needReshow=false, provisioned=true
D/WindowManager(  659): interceptKeyTi keyCode=4 down=false repeatCount=0 keyguardOn=false mHomePressed=false canceled=false metaState:0
D/FragmentManagerActivity(31410): Dispatching event: KeyEvent { action=ACTION_UP, keyCode=KEYCODE_BACK, scanCode=158, metaState=0, flags=0x8, repeatCount=0, eventTime=1057248452, downTime=1057248292, deviceId=52, source=0x301 }, on fragment: ExoPlayerFragment
D/KeyTranslator(31410): No need to translate: KeyEvent { action=ACTION_UP, keyCode=KEYCODE_BACK, scanCode=158, metaState=0, flags=0x8, repeatCount=0, eventTime=1057248452, downTime=1057248292, deviceId=52, source=0x301 }
D/TwoFragmentsManagerActivity(31410): on receive player action: Intent { (has extras) }
D/TwoFragmentsManagerActivity(31410): Moving fragment to top: SmartYouTubeTV4KFragment
D/FragmentManagerActivity(31410): Pausing fragment: ExoPlayerFragment
D/AutoFrameRateManager(31410): restoreOriginalState: autoframerate not enabled... exiting...
I/ExoPlayerImpl(31410): Release 42da7a98 [ExoPlayerLib/2.10.3] [forrestgump, MiBOX_mini, Xiaomi, 19] [goog.exo.core, goog.exo.ui, goog.exo.dash]
I/MediaCodec(31410): [flush] :IN
W/MtkOmxVdec(  164): MtkOmxVdec::SendCommand cmd=OMX_CommandFlush
W/MtkOmxVdec(  164): # Got general command (OMX_CommandFlush)
W/MtkOmxVdec(  164): MtkOmxVdec::HandleFlush nPortIndex(0xFFFFFFFF)
W/MtkOmxVdec(  164): @@ mNumPendingInput(10), mNumPendingOutput(6)
W/MtkOmxVdec(  164): +FlushInputPort
W/MtkOmxVdec(  164): --- ETBQ: 
W/MtkOmxVdec(  164): [0] - pBuffHead(0xB7112E80)
W/MtkOmxVdec(  164): [9] - pBuffHead(0xB7163BC0)
W/MtkOmxVdec(  164): [8] - pBuffHead(0xB712BCE8)
W/MtkOmxVdec(  164): [7] - pBuffHead(0xB726C2C0)
W/MtkOmxVdec(  164): [5] - pBuffHead(0xB71E0B00)
W/MtkOmxVdec(  164): [4] - pBuffHead(0xB712BDC8)
W/MtkOmxVdec(  164): [3] - pBuffHead(0xB726C3C8)
W/MtkOmxVdec(  164): [2] - pBuffHead(0xB71DFDA8)
W/MtkOmxVdec(  164): [1] - pBuffHead(0xB7162770)
W/MtkOmxVdec(  164): [6] - pBuffHead(0xB7164250)
W/MtkOmxVdec(  164): +MtkOmxVdec::FlushDecoder
E/VDO_LOG (  164): pu4RefIdx[0] (3) < (pH264_Slice_Hdr_DataInst->u4NumRefIdxL0ActiveMinus1+1)(4) (3) (3)
E/VDO_LOG (  164): pu4RefIdx[0] (3) < (pH264_Slice_Hdr_DataInst->u4NumRefIdxL0ActiveMinus1+1)(4) (0) (3)
W/MtkOmxVdec(  164): RemoveForInputPTS ++, TSIn -> 2, TSInEx -> 0, DisplayTSArray[0] -> 4080000
W/MtkOmxVdec(  164): b7132ff0 FBD (0xB70F4768) (0xB0470000) 4080000 (1413120)
W/MtkOmxVdec(  164): RemoveForInputPTS ++, TSIn -> 1, TSInEx -> 0, DisplayTSArray[0] -> 4200000
W/MtkOmxVdec(  164): b7132ff0 FBD (0xB7164638) (0xAD930000) 4200000 (1413120)
W/MtkOmxVdec(  164): GetFreeBuffer = 0xb70f4768
W/MtkOmxVdec(  164): GetFreeBuffer = 0xb70f38a0
W/MtkOmxVdec(  164): GetFreeBuffer = 0xb7164638
W/MtkOmxVdec(  164): GetFreeBuffer = 0xb71548a0
W/MtkOmxVdec(  164): No Hang
I/PPFramework(  164):  flushAllBufQ
I/PPFramework(  164):  SetParameter nParamIndex = 5
I/PPFramework(  164): SetParameter mMode TO 16
I/PPFramework(  164):  PP_Module::flush()
I/PPFramework(  164): PP_Module::handleFlush() mode = 16
I/PPFramework(  164):  handleDispQBuffers
W/MtkOmxVdec(  164): b7132ff0 FBD (0xB726C4F0) (0xB175C000) 11720000 (0)
W/MtkOmxVdec(  164): b7132ff0 FBD (0xB7163FE0) (0xB14A8000) -5251945280097453847 (0)
W/MtkOmxVdec(  164): b7132ff0 FBD (0xB7113BC8) (0xB11F4000) 28429479461388389 (0)
W/MtkOmxVdec(  164): b7132ff0 FBD (0xB726C480) (0xB1A10000) 11240000 (0)
I/PPFramework(  164):  SetParameter nParamIndex = 5
I/PPFramework(  164): SetParameter mMode TO 0
I/PPFramework(  164):  handleDispQBuffers
W/MtkOmxVdec(  164): -MtkOmxVdec::FlushDecoder
W/MtkOmxVdec(  164): FlushInputPort -> mNumPendingInput(0)
W/MtkOmxVdec(  164): -FlushInputPort
W/MtkOmxVdec(  164): +FlushOutputPort
W/MtkOmxVdec(  164): --- FTBQ: 
W/MtkOmxVdec(  164): +MtkOmxVdec::FlushDecoder
W/MtkOmxVdec(  164): No Hang
I/PPFramework(  164):  flushAllBufQ
I/PPFramework(  164):  SetParameter nParamIndex = 5
I/PPFramework(  164): SetParameter mMode TO 16
I/PPFramework(  164):  PP_Module::flush()
I/PPFramework(  164): PP_Module::handleFlush() mode = 16
I/PPFramework(  164):  handleDispQBuffers
I/PPFramework(  164):  SetParameter nParamIndex = 5
I/PPFramework(  164): SetParameter mMode TO 0
W/MtkOmxVdec(  164): -MtkOmxVdec::FlushDecoder
W/MtkOmxVdec(  164): -FlushOutputPort -> mNumPendingOutput(0)
I/MediaCodec(31410): [onMessageReceived][msg='AMessage(what = 'codc', target = 7) = {
I/MediaCodec(31410):   int32_t what = 1717792621
I/MediaCodec(31410): }' ][what=kWhatShutdownCompleted][mState=7]:IN
W/MtkOmxVdec(  164): b7132ff0 FTB (0xB726C480) (0xB1A10000) (1415040) (0x0) (0 0)
W/MtkOmxVdec(  164): 0xb7132ff0 ETB empty
I/MediaCodec(31410): [flush] :IN
I/MediaCodec(31410): [onMessageReceived][msg='AMessage(what = 'codc', target = 5) = {
I/MediaCodec(31410):   int32_t what = 1717792621
I/MediaCodec(31410): }' ][what=kWhatShutdownCompleted][mState=7]:IN
W/MtkOmxVdec(  164): MtkOmxVdec::SendCommand cmd=OMX_CommandStateSet
W/MtkOmxVdec(  164): set MTK_OMX_VDEC_IDLE_PENDING
W/MtkOmxVdec(  164): 0xb7132ff0 ETB empty
W/MtkOmxVdec(  164): b7132ff0 FTB (0xB726C4F0) (0xB175C000) (1415040) (0x0) (1 0)
W/AudioFlinger(  164): thread 0xb32aa008 type 0 TID 30683 waking up
D/PowerManagerNotifier(  659): onWakeLockAcquired: flags=1, tag="AudioMix", packageName=media, ownerUid=1013, ownerPid=164, workSource=null
I/PowerManagerService(  659): setBrightness mButtonLight, screenBrightness=102
W/MtkOmxVdec(  164): 0xb7132ff0 ETB empty
D/AudioTrack(31410): ~audioTrack 0x6c6dd130
D/AudioTrackCenter(31410): removeTrack, trackPtr:0x6c6dd130
W/MtkOmxVdec(  164): 0xb7132ff0 ETB empty
W/MtkOmxVdec(  164): b7132ff0 FTB (0xB7163FE0) (0xB14A8000) (1415040) (0x0) (2 0)
W/MtkOmxVdec(  164): 0xb7132ff0 ETB empty
D/IPCThreadState(31410): [DN #5] BR_CLEAR_DEATH_NOTIFICATION_DONE cookie 0x695441e8
D/AudioMTKBoxMixer(  164): AudioMTKBoxMixer::unprepareTrackForLRMixing(2)
D/AudioMTKBoxMixer(  164):  nothing to do, no lrMixing to delete
D/AudioFlinger(  164): removeClient_l() pid 31410, calling pid 164
W/MtkOmxVdec(  164): 0xb7132ff0 ETB empty
W/MtkOmxVdec(  164): b7132ff0 FTB (0xB7113BC8) (0xB11F4000) (1415040) (0x0) (3 0)
W/MtkOmxVdec(  164): 0xb7132ff0 ETB empty
W/MtkOmxVdec(  164): 0xb7132ff0 ETB empty
W/MtkOmxVdec(  164): b7132ff0 FTB (0xB71548A0) (0xB0F40000) (1415040) (0x0) (4 0)
W/MtkOmxVdec(  164): 0xb7132ff0 ETB empty
W/MtkOmxVdec(  164): 0xb7132ff0 ETB empty
W/MtkOmxVdec(  164): b7132ff0 FTB (0xB72739A0) (0xB0C8C000) (1415040) (0x0) (5 1)
W/MtkOmxVdec(  164): 0xb7132ff0 ETB empty
W/MtkOmxVdec(  164): 0xb7132ff0 ETB empty
W/MtkOmxVdec(  164): b7132ff0 FTB (0xB712C0C0) (0xB09D8000) (1415040) (0x0) (6 2)
W/MtkOmxVdec(  164): 0xb7132ff0 ETB empty
W/MtkOmxVdec(  164): 0xb7132ff0 ETB empty
W/MtkOmxVdec(  164): b7132ff0 FTB (0xB7273D38) (0xB0724000) (1415040) (0x0) (7 3)
I/ACodec  (31410): check Flushing, mInputEOSResult 0, 50000, 1, 5000000
W/MtkOmxVdec(  164): 0xb7132ff0 ETB empty
W/MtkOmxVdec(  164): 0xb7132ff0 ETB empty
W/MtkOmxVdec(  164): b7132ff0 FTB (0xB70F4768) (0xB0470000) (1415040) (0x0) (8 4)
W/MtkOmxVdec(  164): 0xb7132ff0 ETB empty
W/MtkOmxVdec(  164): 0xb7132ff0 ETB empty
W/MtkOmxVdec(  164): b7132ff0 FTB (0xB7182B80) (0xB01BC000) (1415040) (0x0) (9 5)
W/MtkOmxVdec(  164): 0xb7132ff0 ETB empty
W/MtkOmxVdec(  164): 0xb7132ff0 ETB empty
W/MtkOmxVdec(  164): b7132ff0 FTB (0xB7115320) (0xAFF08000) (1415040) (0x0) (10 6)
W/MtkOmxVdec(  164): 0xb7132ff0 ETB empty
W/MtkOmxVdec(  164): 0xb7132ff0 ETB empty
W/MtkOmxVdec(  164): b7132ff0 FTB (0xB7114EE8) (0xAFC54000) (1415040) (0x0) (11 7)
W/MtkOmxVdec(  164): 0xb7132ff0 ETB empty
W/MtkOmxVdec(  164): 0xb7132ff0 ETB empty
W/MtkOmxVdec(  164): b7132ff0 FTB (0xB71D5718) (0xAF9A0000) (1415040) (0x0) (12 8)
W/MtkOmxVdec(  164): 0xb7132ff0 ETB empty
W/MtkOmxVdec(  164): 0xb7132ff0 ETB empty
W/MtkOmxVdec(  164): b7132ff0 FTB (0xB715E408) (0xAF6EC000) (1415040) (0x0) (13 9)
W/MtkOmxVdec(  164): 0xb7132ff0 ETB empty
W/MtkOmxVdec(  164): 0xb7132ff0 ETB empty
W/MtkOmxVdec(  164): b7132ff0 FTB (0xB71B14C0) (0xAF438000) (1415040) (0x0) (14 10)
W/MtkOmxVdec(  164): 0xb7132ff0 ETB empty
W/MtkOmxVdec(  164): 0xb7132ff0 ETB empty
W/MtkOmxVdec(  164): b7132ff0 FTB (0xB7138E70) (0xAF184000) (1415040) (0x0) (15 11)
W/MtkOmxVdec(  164): 0xb7132ff0 ETB empty
W/MtkOmxVdec(  164): 0xb7132ff0 ETB empty
W/MtkOmxVdec(  164): b7132ff0 FTB (0xB712E4D0) (0xAEED0000) (1415040) (0x0) (16 12)
W/MtkOmxVdec(  164): 0xb7132ff0 ETB empty
W/MtkOmxVdec(  164): 0xb7132ff0 ETB empty
W/MtkOmxVdec(  164): b7132ff0 FTB (0xB70F3A38) (0xAEC1C000) (1415040) (0x0) (17 13)
W/MtkOmxVdec(  164): 0xb7132ff0 ETB empty
W/MtkOmxVdec(  164): 0xb7132ff0 ETB empty
W/MtkOmxVdec(  164): b7132ff0 FTB (0xB712D610) (0xAE968000) (1415040) (0x0) (18 14)
W/MtkOmxVdec(  164): 0xb7132ff0 ETB empty
W/MtkOmxVdec(  164): 0xb7132ff0 ETB empty
W/MtkOmxVdec(  164): b7132ff0 FTB (0xB7113DB8) (0xAE6B4000) (1415040) (0x0) (19 15)
W/MtkOmxVdec(  164): 0xb7132ff0 ETB empty
W/MtkOmxVdec(  164): 0xb7132ff0 ETB empty
W/MtkOmxVdec(  164): b7132ff0 FTB (0xB7139378) (0xAE400000) (1415040) (0x0) (20 16)
W/MtkOmxVdec(  164): 0xb7132ff0 ETB empty
W/MtkOmxVdec(  164): 0xb7132ff0 ETB empty
W/MtkOmxVdec(  164): b7132ff0 FTB (0xB70F38A0) (0xAE14C000) (1415040) (0x0) (21 17)
W/MtkOmxVdec(  164): 0xb7132ff0 ETB empty
W/MtkOmxVdec(  164): 0xb7132ff0 ETB empty
W/MtkOmxVdec(  164): b7132ff0 FTB (0xB71B1050) (0xADE98000) (1415040) (0x0) (22 18)
W/MtkOmxVdec(  164): 0xb7132ff0 ETB empty
W/MtkOmxVdec(  164): 0xb7132ff0 ETB empty
W/MtkOmxVdec(  164): b7132ff0 FTB (0xB7164638) (0xAD930000) (1415040) (0x0) (23 19)
W/MtkOmxVdec(  164): 0xb7132ff0 ETB empty
W/MtkOmxVdec(  164): 0xb7132ff0 ETB empty
W/MtkOmxVdec(  164): b7132ff0 FTB (0xB7164758) (0xAD67C000) (1415040) (0x0) (24 20)
W/MtkOmxVdec(  164): 0xb7132ff0 ETB empty
W/MtkOmxVdec(  164): 0xb7132ff0 ETB empty
W/MtkOmxVdec(  164): b7132ff0 FTB (0xB726B720) (0xAD3C8000) (1415040) (0x0) (25 21)
W/MtkOmxVdec(  164): 0xb7132ff0 ETB empty
W/MtkOmxVdec(  164): 0xb7132ff0 ETB empty
W/MtkOmxVdec(  164): # Got general command (OMX_CommandStateSet)
W/MtkOmxVdec(  164): Request [OMX_StateExecuting]-> [OMX_StateIdle]
W/MtkOmxVdec(  164): +FlushInputPort
W/MtkOmxVdec(  164): --- ETBQ: 
W/MtkOmxVdec(  164): +MtkOmxVdec::FlushDecoder
W/MtkOmxVdec(  164): No Hang
I/PPFramework(  164):  flushAllBufQ
I/PPFramework(  164):  SetParameter nParamIndex = 5
I/PPFramework(  164): SetParameter mMode TO 16
I/PPFramework(  164):  PP_Module::flush()
I/PPFramework(  164): PP_Module::handleFlush() mode = 16
I/PPFramework(  164):  handleDispQBuffers
W/MtkOmxVdec(  164): b7132ff0 FBD (0xB726C480) (0xB1A10000) 11240000 (0)
W/MtkOmxVdec(  164): b7132ff0 FBD (0xB726C4F0) (0xB175C000) 11720000 (0)
W/MtkOmxVdec(  164): b7132ff0 FBD (0xB7163FE0) (0xB14A8000) -5251945280097453847 (0)
W/MtkOmxVdec(  164): b7132ff0 FBD (0xB7113BC8) (0xB11F4000) 28429479461388389 (0)
I/PPFramework(  164):  SetParameter nParamIndex = 5
I/PPFramework(  164): SetParameter mMode TO 0
I/PPFramework(  164):  handleDispQBuffers
W/MtkOmxVdec(  164): -MtkOmxVdec::FlushDecoder
W/MtkOmxVdec(  164): FlushInputPort -> mNumPendingInput(0)
W/MtkOmxVdec(  164): -FlushInputPort
W/MtkOmxVdec(  164): +FlushOutputPort
W/MtkOmxVdec(  164): --- FTBQ: 
W/MtkOmxVdec(  164): [19] - pBuffHead(0xB7113DB8)
W/MtkOmxVdec(  164): [14] - pBuffHead(0xB71B14C0)
W/MtkOmxVdec(  164): [5] - pBuffHead(0xB72739A0)
W/MtkOmxVdec(  164): [20] - pBuffHead(0xB7139378)
W/MtkOmxVdec(  164): [11] - pBuffHead(0xB7114EE8)
W/MtkOmxVdec(  164): [15] - pBuffHead(0xB7138E70)
W/MtkOmxVdec(  164): [21] - pBuffHead(0xB70F38A0)
W/MtkOmxVdec(  164): [7] - pBuffHead(0xB7273D38)
W/MtkOmxVdec(  164): [9] - pBuffHead(0xB7182B80)
W/MtkOmxVdec(  164): [22] - pBuffHead(0xB71B1050)
W/MtkOmxVdec(  164): [16] - pBuffHead(0xB712E4D0)
W/MtkOmxVdec(  164): [12] - pBuffHead(0xB71D5718)
W/MtkOmxVdec(  164): [24] - pBuffHead(0xB7164638)
W/MtkOmxVdec(  164): [6] - pBuffHead(0xB712C0C0)
W/MtkOmxVdec(  164): [17] - pBuffHead(0xB70F3A38)
W/MtkOmxVdec(  164): [25] - pBuffHead(0xB7164758)
W/MtkOmxVdec(  164): [4] - pBuffHead(0xB71548A0)
W/MtkOmxVdec(  164): [13] - pBuffHead(0xB715E408)
W/MtkOmxVdec(  164): [26] - pBuffHead(0xB726B720)
W/MtkOmxVdec(  164): [18] - pBuffHead(0xB712D610)
W/MtkOmxVdec(  164): [10] - pBuffHead(0xB7115320)
W/MtkOmxVdec(  164): [8] - pBuffHead(0xB70F4768)
W/MtkOmxVdec(  164): +MtkOmxVdec::FlushDecoder
W/MtkOmxVdec(  164): No Hang
I/PPFramework(  164):  flushAllBufQ
I/PPFramework(  164):  SetParameter nParamIndex = 5
I/PPFramework(  164): SetParameter mMode TO 16
I/PPFramework(  164):  PP_Module::flush()
I/PPFramework(  164): PP_Module::handleFlush() mode = 16
I/PPFramework(  164):  handleDispQBuffers
I/PPFramework(  164):  SetParameter nParamIndex = 5
I/PPFramework(  164): SetParameter mMode TO 0
W/MtkOmxVdec(  164): -MtkOmxVdec::FlushDecoder
W/MtkOmxVdec(  164): -FlushOutputPort -> mNumPendingOutput(0)
W/MtkOmxVdec(  164): +DeInitVideoDecodeHW
I/VDO_LOG (  164): [M4U][eVideoMemFree] pvMemVa = 0xb71e6000, pvAlignMemVa = 0xb71e6000, pvMemPa = 0x9140000, pvAlignMemPa = 0x9140000, MemSize = 32768
I/VDO_LOG (  164): [M4U][eVideoMemFree] pvMemVa = 0xb7275000, pvAlignMemVa = 0xb7275000, pvMemPa = 0x9180000, pvAlignMemPa = 0x9180000, MemSize = 235520
I/VDO_LOG (  164): [M4U][eVideoMemFree] pvMemVa = 0xb7204000, pvAlignMemVa = 0xb7204000, pvMemPa = 0x91c0000, pvAlignMemPa = 0x91c0000, MemSize = 235520
I/VDO_LOG (  164): [M4U][eVideoMemFree] pvMemVa = 0xb3506000, pvAlignMemVa = 0xb3506000, pvMemPa = 0x9200000, pvAlignMemPa = 0x9200000, MemSize = 235520
I/VDO_LOG (  164): [M4U][eVideoMemFree] pvMemVa = 0xb3270000, pvAlignMemVa = 0xb3270000, pvMemPa = 0x9240000, pvAlignMemPa = 0x9240000, MemSize = 235520
I/VDO_LOG (  164): [M4U][eVideoMemFree] pvMemVa = 0xb1d81000, pvAlignMemVa = 0xb1d81000, pvMemPa = 0x9280000, pvAlignMemPa = 0x9280000, MemSize = 235520
I/VDO_LOG (  164): [M4U][eVideoMemFree] pvMemVa = 0xb1d46000, pvAlignMemVa = 0xb1d46000, pvMemPa = 0x92c0000, pvAlignMemPa = 0x92c0000, MemSize = 235520
I/VDO_LOG (  164): [M4U][eVideoMemFree] pvMemVa = 0xb1d0b000, pvAlignMemVa = 0xb1d0b000, pvMemPa = 0x9300000, pvAlignMemPa = 0x9300000, MemSize = 235520
I/VDO_LOG (  164): [M4U][eVideoMemFree] pvMemVa = 0xb1cd0000, pvAlignMemVa = 0xb1cd0000, pvMemPa = 0x9340000, pvAlignMemPa = 0x9340000, MemSize = 235520
I/VDO_LOG (  164): [M4U][eVideoMemFree] pvMemVa = 0xb1c95000, pvAlignMemVa = 0xb1c95000, pvMemPa = 0x9380000, pvAlignMemPa = 0x9380000, MemSize = 235520
