D/MDP     (  161): DpBlit: out: (1920, 1080, 3840, 0, C5), misc: (R:0, F:0, S:1, D:0)
D/MDP     (  161): DpBlit: time 9 ms
D/MDP     (  161): DpBlit: in: (1280, 736, 40960, 20480, C12), crop: (0, 0, 1280, 720)
D/MDP     (  161): DpBlit: out: (1920, 1080, 3840, 0, C5), misc: (R:0, F:0, S:1, D:0)
D/MDP     (  161): DpBlit: time 10 ms
D/MDP     (  161): DpBlit: in: (1280, 736, 40960, 20480, C12), crop: (0, 0, 1280, 720)
D/MDP     (  161): DpBlit: out: (1920, 1080, 3840, 0, C5), misc: (R:0, F:0, S:1, D:0)
D/MDP     (  161): DpBlit: time 9 ms
D/MDP     (  161): DpBlit: in: (1280, 736, 40960, 20480, C12), crop: (0, 0, 1280, 720)
D/MDP     (  161): DpBlit: out: (1920, 1080, 3840, 0, C5), misc: (R:0, F:0, S:1, D:0)
D/MDP     (  161): DpBlit: time 10 ms
D/MDP     (  161): DpBlit: in: (1280, 736, 40960, 20480, C12), crop: (0, 0, 1280, 720)
D/MDP     (  161): DpBlit: out: (1920, 1080, 3840, 0, C5), misc: (R:0, F:0, S:1, D:0)
D/MDP     (  161): DpBlit: time 9 ms
D/MDP     (  161): DpBlit: in: (1280, 736, 40960, 20480, C12), crop: (0, 0, 1280, 720)
D/MDP     (  161): DpBlit: out: (1920, 1080, 3840, 0, C5), misc: (R:0, F:0, S:1, D:0)
D/MDP     (  161): DpBlit: time 10 ms
D/MDP     (  161): DpBlit: in: (1280, 736, 40960, 20480, C12), crop: (0, 0, 1280, 720)
D/MDP     (  161): DpBlit: out: (1920, 1080, 3840, 0, C5), misc: (R:0, F:0, S:1, D:0)
D/MDP     (  161): DpBlit: time 9 ms
I/BufferQueue(  161): [com.liskovsoft.videomanager/com.liskovsoft.smartyoutubetv.flavors.exoplayer.SmartYouTubeTV4K](this:0xb75feab8,id:2937,api:1,p:31410,c:161) [release] fps:39.05, dur:1024.38, max:49.99, min:23.91
D/MDP     (  161): DpBlit: in: (1280, 736, 40960, 20480, C12), crop: (0, 0, 1280, 720)
D/MDP     (  161): DpBlit: out: (1920, 1080, 3840, 0, C5), misc: (R:0, F:0, S:1, D:0)
D/MDP     (  161): DpBlit: time 10 ms
I/BufferQueue(  161): [com.liskovsoft.videomanager/com.liskovsoft.smartyoutubetv.flavors.exoplayer.SmartYouTubeTV4K](this:0xb75feab8,id:2937,api:1,p:31410,c:161) [queue] fps:38.98, dur:1000.48, max:76.62, min:12.83
D/MDP     (  161): DpBlit: in: (1280, 736, 40960, 20480, C12), crop: (0, 0, 1280, 720)
D/MDP     (  161): DpBlit: out: (1920, 1080, 3840, 0, C5), misc: (R:0, F:0, S:1, D:0)
D/MDP     (  161): DpBlit: time 9 ms
D/MDP     (  161): DpBlit: in: (1280, 736, 40960, 20480, C12), crop: (0, 0, 1280, 720)
D/MDP     (  161): DpBlit: out: (1920, 1080, 3840, 0, C5), misc: (R:0, F:0, S:1, D:0)
D/MDP     (  161): DpBlit: time 9 ms
D/MDP     (  161): DpBlit: in: (1280, 736, 40960, 20480, C12), crop: (0, 0, 1280, 720)
D/MDP     (  161): DpBlit: out: (1920, 1080, 3840, 0, C5), misc: (R:0, F:0, S:1, D:0)
D/MDP     (  161): DpBlit: time 9 ms
D/MDP     (  161): DpBlit: in: (1280, 736, 40960, 20480, C12), crop: (0, 0, 1280, 720)
D/MDP     (  161): DpBlit: out: (1920, 1080, 3840, 0, C5), misc: (R:0, F:0, S:1, D:0)
D/MDP     (  161): DpBlit: time 10 ms
D/MDP     (  161): DpBlit: in: (1280, 736, 40960, 20480, C12), crop: (0, 0, 1280, 720)
D/MDP     (  161): DpBlit: out: (1920, 1080, 3840, 0, C5), misc: (R:0, F:0, S:1, D:0)
D/MDP     (  161): DpBlit: time 10 ms
D/MDP     (  161): DpBlit: in: (1280, 736, 40960, 20480, C12), crop: (0, 0, 1280, 720)
D/MDP     (  161): DpBlit: out: (1920, 1080, 3840, 0, C5), misc: (R:0, F:0, S:1, D:0)
D/MDP     (  161): DpBlit: time 10 ms
D/MDP     (  161): DpBlit: in: (1280, 736, 40960, 20480, C12), crop: (0, 0, 1280, 720)
D/MDP     (  161): DpBlit: out: (1920, 1080, 3840, 0, C5), misc: (R:0, F:0, S:1, D:0)
D/MDP     (  161): DpBlit: time 9 ms
D/WifiStateMachine(  659): ConnectedState{ when=-3ms what=131155 arg1=205 target=com.android.internal.util.StateMachine$SmHandler target=Handler (com.android.internal.util.StateMachine$SmHandler) {41e7e880} }
D/WifiStateMachine(  659): L2ConnectedState{ when=-4ms what=131155 arg1=205 target=com.android.internal.util.StateMachine$SmHandler target=Handler (com.android.internal.util.StateMachine$SmHandler) {41e7e880} }
W/WifiHW  (  659): enter -->wifi_send_command cmd=IFNAME=wlan0 SIGNAL_POLL
W/wpa_supplicant(  834): RX ctrl_iface - hexdump(len=11): 53 49 47 4e 41 4c 5f 50 4f 4c 4c
W/wpa_supplicant(  834): wlan0: Control interface command 'SIGNAL_POLL'
W/wpa_supplicant(  834): nl80211: survey data missing!
W/wpa_supplicant(  834): LB_DBG[wpa_supplicant_ctrl_iface_process:6391] reply=RSSI=-21
W/wpa_supplicant(  834): LINKSPEED=150
W/wpa_supplicant(  834): NOISE=9999
W/wpa_supplicant(  834): FREQUENCY=5180
W/wpa_supplicant(  834): ,reply_len=49
W/WifiHW  (  659): leave --> reply=RSSI=-21
W/WifiHW  (  659): LINKSPEED=150
W/WifiHW  (  659): NOISE=9999
W/WifiHW  (  659): FREQUENCY=5180
W/WifiHW  (  659): 
D/wifi    (  659): doStringCommand, buf IFNAME=wlan0 SIGNAL_POLL
I/WifiStateMachine(  659): fetchRssiAndLinkSpeedNative, newRssi:-21, newLinkSpeed:150, SSID:"Xiaomi_E405_5G"
D/MDP     (  161): DpBlit: in: (1280, 736, 40960, 20480, C12), crop: (0, 0, 1280, 720)
D/MDP     (  161): DpBlit: out: (1920, 1080, 3840, 0, C5), misc: (R:0, F:0, S:1, D:0)
D/MDP     (  161): DpBlit: time 10 ms
D/MDP     (  161): DpBlit: in: (1280, 736, 40960, 20480, C12), crop: (0, 0, 1280, 720)
D/MDP     (  161): DpBlit: out: (1920, 1080, 3840, 0, C5), misc: (R:0, F:0, S:1, D:0)
D/MDP     (  161): DpBlit: time 10 ms
D/MDP     (  161): DpBlit: in: (1280, 736, 40960, 20480, C12), crop: (0, 0, 1280, 720)
D/MDP     (  161): DpBlit: out: (1920, 1080, 3840, 0, C5), misc: (R:0, F:0, S:1, D:0)
D/MDP     (  161): DpBlit: time 10 ms
D/MDP     (  161): DpBlit: in: (1280, 736, 40960, 20480, C12), crop: (0, 0, 1280, 720)
D/MDP     (  161): DpBlit: out: (1920, 1080, 3840, 0, C5), misc: (R:0, F:0, S:1, D:0)
D/MDP     (  161): DpBlit: time 10 ms
D/MDP     (  161): DpBlit: in: (1280, 736, 40960, 20480, C12), crop: (0, 0, 1280, 720)
D/MDP     (  161): DpBlit: out: (1920, 1080, 3840, 0, C5), misc: (R:0, F:0, S:1, D:0)
D/MDP     (  161): DpBlit: time 10 ms
D/MDP     (  161): DpBlit: in: (1280, 736, 40960, 20480, C12), crop: (0, 0, 1280, 720)
D/MDP     (  161): DpBlit: out: (1920, 1080, 3840, 0, C5), misc: (R:0, F:0, S:1, D:0)
D/MDP     (  161): DpBlit: time 10 ms
D/MDP     (  161): DpBlit: in: (1280, 736, 40960, 20480, C12), crop: (0, 0, 1280, 720)
D/MDP     (  161): DpBlit: out: (1920, 1080, 3840, 0, C5), misc: (R:0, F:0, S:1, D:0)
D/MDP     (  161): DpBlit: time 11 ms
D/MDP     (  161): DpBlit: in: (1280, 736, 40960, 20480, C12), crop: (0, 0, 1280, 720)
D/MDP     (  161): DpBlit: out: (1920, 1080, 3840, 0, C5), misc: (R:0, F:0, S:1, D:0)
D/MDP     (  161): DpBlit: time 9 ms
D/MDP     (  161): DpBlit: in: (1280, 736, 40960, 20480, C12), crop: (0, 0, 1280, 720)
D/MDP     (  161): DpBlit: out: (1920, 1080, 3840, 0, C5), misc: (R:0, F:0, S:1, D:0)
D/MDP     (  161): DpBlit: time 11 ms
D/MDP     (  161): DpBlit: in: (1280, 736, 40960, 20480, C12), crop: (0, 0, 1280, 720)
D/MDP     (  161): DpBlit: out: (1920, 1080, 3840, 0, C5), misc: (R:0, F:0, S:1, D:0)
D/MDP     (  161): DpBlit: time 11 ms
D/MDP     (  161): DpBlit: in: (1280, 736, 40960, 20480, C12), crop: (0, 0, 1280, 720)
D/MDP     (  161): DpBlit: out: (1920, 1080, 3840, 0, C5), misc: (R:0, F:0, S:1, D:0)
D/MDP     (  161): DpBlit: time 11 ms
D/MDP     (  161): DpBlit: in: (1280, 736, 40960, 20480, C12), crop: (0, 0, 1280, 720)
D/MDP     (  161): DpBlit: out: (1920, 1080, 3840, 0, C5), misc: (R:0, F:0, S:1, D:0)
D/MDP     (  161): DpBlit: time 14 ms
D/MDP     (  161): DpBlit: in: (1280, 736, 40960, 20480, C12), crop: (0, 0, 1280, 720)
D/MDP     (  161): DpBlit: out: (1920, 1080, 3840, 0, C5), misc: (R:0, F:0, S:1, D:0)
D/MDP     (  161): DpBlit: time 9 ms
D/MDP     (  161): DpBlit: in: (1280, 736, 40960, 20480, C12), crop: (0, 0, 1280, 720)
D/MDP     (  161): DpBlit: out: (1920, 1080, 3840, 0, C5), misc: (R:0, F:0, S:1, D:0)
D/MDP     (  161): DpBlit: time 9 ms
D/MDP     (  161): DpBlit: in: (1280, 736, 40960, 20480, C12), crop: (0, 0, 1280, 720)
D/MDP     (  161): DpBlit: out: (1920, 1080, 3840, 0, C5), misc: (R:0, F:0, S:1, D:0)
D/MDP     (  161): DpBlit: time 9 ms
D/MDP     (  161): DpBlit: in: (1280, 736, 40960, 20480, C12), crop: (0, 0, 1280, 720)
D/MDP     (  161): DpBlit: out: (1920, 1080, 3840, 0, C5), misc: (R:0, F:0, S:1, D:0)
D/MDP     (  161): DpBlit: time 9 ms
D/MDP     (  161): DpBlit: in: (1280, 736, 40960, 20480, C12), crop: (0, 0, 1280, 720)
D/MDP     (  161): DpBlit: out: (1920, 1080, 3840, 0, C5), misc: (R:0, F:0, S:1, D:0)
D/MDP     (  161): DpBlit: time 10 ms
D/MDP     (  161): DpBlit: in: (1280, 736, 40960, 20480, C12), crop: (0, 0, 1280, 720)
D/MDP     (  161): DpBlit: out: (1920, 1080, 3840, 0, C5), misc: (R:0, F:0, S:1, D:0)
D/MDP     (  161): DpBlit: time 9 ms
D/MDP     (  161): DpBlit: in: (1280, 736, 40960, 20480, C12), crop: (0, 0, 1280, 720)
D/MDP     (  161): DpBlit: out: (1920, 1080, 3840, 0, C5), misc: (R:0, F:0, S:1, D:0)
D/MDP     (  161): DpBlit: time 11 ms
D/MDP     (  161): DpBlit: in: (1280, 736, 40960, 20480, C12), crop: (0, 0, 1280, 720)
D/MDP     (  161): DpBlit: out: (1920, 1080, 3840, 0, C5), misc: (R:0, F:0, S:1, D:0)
D/MDP     (  161): DpBlit: time 9 ms
D/MDP     (  161): DpBlit: in: (1280, 736, 40960, 20480, C12), crop: (0, 0, 1280, 720)
D/MDP     (  161): DpBlit: out: (1920, 1080, 3840, 0, C5), misc: (R:0, F:0, S:1, D:0)
D/MDP     (  161): DpBlit: time 14 ms
D/MDP     (  161): DpBlit: in: (1280, 736, 40960, 20480, C12), crop: (0, 0, 1280, 720)
D/MDP     (  161): DpBlit: out: (1920, 1080, 3840, 0, C5), misc: (R:0, F:0, S:1, D:0)
D/MDP     (  161): DpBlit: time 10 ms
D/MDP     (  161): DpBlit: in: (1280, 736, 40960, 20480, C12), crop: (0, 0, 1280, 720)
D/MDP     (  161): DpBlit: out: (1920, 1080, 3840, 0, C5), misc: (R:0, F:0, S:1, D:0)
D/MDP     (  161): DpBlit: time 9 ms
D/MDP     (  161): DpBlit: in: (1280, 736, 40960, 20480, C12), crop: (0, 0, 1280, 720)
D/MDP     (  161): DpBlit: out: (1920, 1080, 3840, 0, C5), misc: (R:0, F:0, S:1, D:0)
D/MDP     (  161): DpBlit: time 9 ms
D/MDP     (  161): DpBlit: in: (1280, 736, 40960, 20480, C12), crop: (0, 0, 1280, 720)
D/MDP     (  161): DpBlit: out: (1920, 1080, 3840, 0, C5), misc: (R:0, F:0, S:1, D:0)
D/MDP     (  161): DpBlit: time 10 ms
D/MDP     (  161): DpBlit: in: (1280, 736, 40960, 20480, C12), crop: (0, 0, 1280, 720)
D/MDP     (  161): DpBlit: out: (1920, 1080, 3840, 0, C5), misc: (R:0, F:0, S:1, D:0)
D/MDP     (  161): DpBlit: time 9 ms
D/MDP     (  161): DpBlit: in: (1280, 736, 40960, 20480, C12), crop: (0, 0, 1280, 720)
D/MDP     (  161): DpBlit: out: (1920, 1080, 3840, 0, C5), misc: (R:0, F:0, S:1, D:0)
D/MDP     (  161): DpBlit: time 9 ms
D/MDP     (  161): DpBlit: in: (1280, 736, 40960, 20480, C12), crop: (0, 0, 1280, 720)
D/MDP     (  161): DpBlit: out: (1920, 1080, 3840, 0, C5), misc: (R:0, F:0, S:1, D:0)
D/MDP     (  161): DpBlit: time 9 ms
D/MDP     (  161): DpBlit: in: (1280, 736, 40960, 20480, C12), crop: (0, 0, 1280, 720)
D/MDP     (  161): DpBlit: out: (1920, 1080, 3840, 0, C5), misc: (R:0, F:0, S:1, D:0)
D/MDP     (  161): DpBlit: time 10 ms
D/MDP     (  161): DpBlit: in: (1280, 736, 40960, 20480, C12), crop: (0, 0, 1280, 720)
D/MDP     (  161): DpBlit: out: (1920, 1080, 3840, 0, C5), misc: (R:0, F:0, S:1, D:0)
D/MDP     (  161): DpBlit: time 9 ms
D/MDP     (  161): DpBlit: in: (1280, 736, 40960, 20480, C12), crop: (0, 0, 1280, 720)
D/MDP     (  161): DpBlit: out: (1920, 1080, 3840, 0, C5), misc: (R:0, F:0, S:1, D:0)
D/MDP     (  161): DpBlit: time 10 ms
D/MDP     (  161): DpBlit: in: (1280, 736, 40960, 20480, C12), crop: (0, 0, 1280, 720)
D/MDP     (  161): DpBlit: out: (1920, 1080, 3840, 0, C5), misc: (R:0, F:0, S:1, D:0)
D/MDP     (  161): DpBlit: time 10 ms
D/MDP     (  161): DpBlit: in: (1280, 736, 40960, 20480, C12), crop: (0, 0, 1280, 720)
D/MDP     (  161): DpBlit: out: (1920, 1080, 3840, 0, C5), misc: (R:0, F:0, S:1, D:0)
D/MDP     (  161): DpBlit: time 10 ms
I/BufferQueue(  161): [com.liskovsoft.videomanager/com.liskovsoft.smartyoutubetv.flavors.exoplayer.SmartYouTubeTV4K](this:0xb75feab8,id:2937,api:1,p:31410,c:161) [release] fps:40.02, dur:1024.60, max:25.69, min:24.29
D/MDP     (  161): DpBlit: in: (1280, 736, 40960, 20480, C12), crop: (0, 0, 1280, 720)
D/MDP     (  161): DpBlit: out: (1920, 1080, 3840, 0, C5), misc: (R:0, F:0, S:1, D:0)
I/BufferQueue(  161): [com.liskovsoft.videomanager/com.liskovsoft.smartyoutubetv.flavors.exoplayer.SmartYouTubeTV4K](this:0xb75feab8,id:2937,api:1,p:31410,c:161) [queue] fps:40.16, dur:1020.89, max:32.07, min:16.15
D/MDP     (  161): DpBlit: time 9 ms
D/MDP     (  161): DpBlit: in: (1280, 736, 40960, 20480, C12), crop: (0, 0, 1280, 720)
D/MDP     (  161): DpBlit: out: (1920, 1080, 3840, 0, C5), misc: (R:0, F:0, S:1, D:0)
D/MDP     (  161): DpBlit: time 9 ms
D/LightsService(  659): setLight_native: light=2, colorARGB=0x0, flashMode=0, onMS=0, offMS=0, brightnessMode=0
D/lights  (  659): write_int open fd=-1
I/PowerManagerService(  659): setBrightness mButtonLight 0.
D/MDP     (  161): DpBlit: in: (1280, 736, 40960, 20480, C12), crop: (0, 0, 1280, 720)
D/MDP     (  161): DpBlit: out: (1920, 1080, 3840, 0, C5), misc: (R:0, F:0, S:1, D:0)
D/MDP     (  161): DpBlit: time 9 ms
D/MDP     (  161): DpBlit: in: (1280, 736, 40960, 20480, C12), crop: (0, 0, 1280, 720)
D/MDP     (  161): DpBlit: out: (1920, 1080, 3840, 0, C5), misc: (R:0, F:0, S:1, D:0)
D/MDP     (  161): DpBlit: time 10 ms
D/MDP     (  161): DpBlit: in: (1280, 736, 40960, 20480, C12), crop: (0, 0, 1280, 720)
D/MDP     (  161): DpBlit: out: (1920, 1080, 3840, 0, C5), misc: (R:0, F:0, S:1, D:0)
D/MDP     (  161): DpBlit: time 10 ms
D/MDP     (  161): DpBlit: in: (1280, 736, 40960, 20480, C12), crop: (0, 0, 1280, 720)
D/MDP     (  161): DpBlit: out: (1920, 1080, 3840, 0, C5), misc: (R:0, F:0, S:1, D:0)
D/MDP     (  161): DpBlit: time 11 ms
D/MDP     (  161): DpBlit: in: (1280, 736, 40960, 20480, C12), crop: (0, 0, 1280, 720)
D/MDP     (  161): DpBlit: out: (1920, 1080, 3840, 0, C5), misc: (R:0, F:0, S:1, D:0)
D/MDP     (  161): DpBlit: time 10 ms
D/MDP     (  161): DpBlit: in: (1280, 736, 40960, 20480, C12), crop: (0, 0, 1280, 720)
D/MDP     (  161): DpBlit: out: (1920, 1080, 3840, 0, C5), misc: (R:0, F:0, S:1, D:0)
D/MDP     (  161): DpBlit: time 10 ms
I/System.out(  902): [CDS]close[49870]
D/MDP     (  161): DpBlit: in: (1280, 736, 40960, 20480, C12), crop: (0, 0, 1280, 720)
D/MDP     (  161): DpBlit: out: (1920, 1080, 3840, 0, C5), misc: (R:0, F:0, S:1, D:0)
D/MDP     (  161): DpBlit: time 10 ms
D/MDP     (  161): DpBlit: in: (1280, 736, 40960, 20480, C12), crop: (0, 0, 1280, 720)
D/MDP     (  161): DpBlit: out: (1920, 1080, 3840, 0, C5), misc: (R:0, F:0, S:1, D:0)
D/MDP     (  161): DpBlit: time 10 ms
D/MDP     (  161): DpBlit: in: (1280, 736, 40960, 20480, C12), crop: (0, 0, 1280, 720)
D/MDP     (  161): DpBlit: out: (1920, 1080, 3840, 0, C5), misc: (R:0, F:0, S:1, D:0)
D/MDP     (  161): DpBlit: time 10 ms
D/bt-att  (  741): gatt_get_ch_state: ch_state=4
D/bt-btif (  741): bta_hh_co_write:ev.u.input.data[0]=2,current interval=20
D/bt-btif (  741): bta_hh_co_write:ev.u.input.data[1]=0,current interval=20
D/bt-btif (  741): bta_hh_co_write:ev.u.input.data[2]=0,current interval=20
D/bt-btif (  741): bta_hh_co_write:ev.u.input.data[3]=40,current interval=20
D/bt-btif (  741): bta_hh_co_write:ev.u.input.data[4]=0,current interval=20
D/bt-btif (  741): bta_hh_co_write:ev.u.input.data[5]=0,current interval=20
D/bt-btif (  741): bta_hh_co_write:ev.u.input.data[6]=0,current interval=20
D/bt-btif (  741): bta_hh_co_write:ev.u.input.data[7]=0,current interval=20
D/bt-btif (  741): bta_hh_co_write:ev.u.input.data[8]=0,current interval=20
D/EventHub(  659): epoll_wait()  end--
D/EventHub(  659): getEvents mPendingEventIndex 0,mPendingEventCount 1 
D/EventHub(  659): In EventHub::getEvents(): read1  begin--
D/EventHub(  659): In EventHub::getEvents(): read1  end--
D/EventHub(  659): EventHub::getEvents   end---------- because of event count: 3,
D/InputReader(  659): got Events from EventHub 3
D/InputReader(  659): BatchSize: 3 Count: 3
D/InputReader(  659): Input event: device=52 type=0x0004 code=0x0004 value=0x00070028 when=1057259211963000
D/InputReader(  659): Input event: device=52 type=0x0001 code=0x001c value=0x00000001 when=1057259211973000
D/InputReader(  659): Input event: device=52 type=0x0000 code=0x0000 value=0x00000000 when=1057259211979000
D/MDP     (  161): DpBlit: in: (1280, 736, 40960, 20480, C12), crop: (0, 0, 1280, 720)
D/MDP     (  161): DpBlit: out: (1920, 1080, 3840, 0, C5), misc: (R:0, F:0, S:1, D:0)
D/WindowManager(  659): interceptKeyTq keycode=66 screenIsOn=true keyguardActive=false policyFlags = #2000002 down =true canceled = false isWakeKey=true mVolumeDownKeyTriggered =false mVolumeUpKeyTriggered =false
D/EventHub(  659): EventHub::getEvents   begin----------
D/EventHub(  659): getEvents mPendingEventIndex 1,mPendingEventCount 1 
D/EventHub(  659): epoll_wait()  begin--
D/PowerManagerService(  659): checkScreenSaverTimeoutLocked come 240000 reason=userActivity
D/PowerManagerNotifier(  659): onUserActivity: event=1, uid=1000
D/LightsService(  659): setLight_native: light=2, colorARGB=0xff666666, flashMode=0, onMS=0, offMS=0, brightnessMode=0
D/lights  (  659): write_int open fd=-1
I/PowerManagerService(  659): setBrightness mButtonLight, screenBrightness=102
D/KeyguardViewMediator(  728): isInputRestricted: showing=false, needReshow=false, provisioned=true
D/WindowManager(  659): interceptKeyTi keyCode=66 down=true repeatCount=0 keyguardOn=false mHomePressed=false canceled=false metaState:0
D/MDP     (  161): DpBlit: time 9 ms
D/MDP     (  161): DpBlit: in: (1280, 736, 40960, 20480, C12), crop: (0, 0, 1280, 720)
D/MDP     (  161): DpBlit: out: (1920, 1080, 3840, 0, C5), misc: (R:0, F:0, S:1, D:0)
D/FragmentManagerActivity(31410): Dispatching event: KeyEvent { action=ACTION_DOWN, keyCode=KEYCODE_ENTER, scanCode=28, metaState=0, flags=0x8, repeatCount=0, eventTime=1057259211, downTime=1057259211, deviceId=52, source=0x301 }, on fragment: SmartYouTubeTV4KFragment
D/KeyTranslator(31410): No need to translate: KeyEvent { action=ACTION_DOWN, keyCode=KEYCODE_ENTER, scanCode=28, metaState=0, flags=0x8, repeatCount=0, eventTime=1057259211, downTime=1057259211, deviceId=52, source=0x301 }
D/WebViewCallback(31410): shouldOverrideKeyEvent
D/MDP     (  161): DpBlit: time 12 ms
D/MDP     (  161): DpBlit: in: (1280, 736, 40960, 20480, C12), crop: (0, 0, 1280, 720)
D/MDP     (  161): DpBlit: out: (1920, 1080, 3840, 0, C5), misc: (R:0, F:0, S:1, D:0)
D/MDP     (  161): DpBlit: time 10 ms
D/MDP     (  161): DpBlit: in: (1280, 736, 40960, 20480, C12), crop: (0, 0, 1280, 720)
D/MDP     (  161): DpBlit: out: (1920, 1080, 3840, 0, C5), misc: (R:0, F:0, S:1, D:0)
D/MDP     (  161): DpBlit: time 9 ms
D/WebViewCallback(31410): onConsoleMessage
I/Tab     (31410): Console: EventUtils: Add event listener: focus function () { [native code] } https://www.youtube.com/s/tv/html5/loader/live.js:176
D/MDP     (  161): DpBlit: in: (1280, 736, 40960, 20480, C12), crop: (0, 0, 1280, 720)
D/MDP     (  161): DpBlit: out: (1920, 1080, 3840, 0, C5), misc: (R:0, F:0, S:1, D:0)
D/MDP     (  161): DpBlit: time 9 ms
D/WebViewCallback(31410): shouldInterceptRequest=https://www.youtube.com/api/stats/watchtime?ns=yt&el=leanback&cpn=p9GQS2nwY4fUCDFw&docid=uVWlOmBqd7s&ver=2&referrer=https%3A%2F%2Fwww.youtube.com%2Ftv&cmt=4&ei=WQFKXaXVA4vByQXB2LjQAg&fmt=137&fs=0&rt=30.994&of=tp_zx4OU8mAl5xWTiKPoxQ&euri=https%3A%2F%2Fwww.youtube.com%2Ftv%23%2Fwatch%2Fvideo%2Fidle%3Fv%3DuVWlOmBqd7s%26list%3DPLbl01QFpbBY3k5A8412DEqxwNuHBDudBz%26resume&lact=79&cl=261848553&state=paused&vm=CAMQARgBKiBjMlBXdzB4WmJkbFVCVmRLT0hlQ3c5aHRrLXBfR3BOQg&volume=100&c=TVHTML5&cver=6.20180913&cplayer=UNIPLAYER&cbrand=LG&cbr=Safari&cbrver&ctheme=CLASSIC&cmodel=42LA660S-ZA&cnetwork&cos&cosver&cplatform=TV&final=1&hl=en_US&cr=UA&len=189&list=PLbl01QFpbBY3k5A8412DEqxwNuHBDudBz&afmt=140&idpj=-6&ldpj=-33&muted=0&st=4&et=4&conn=1
I/Tab.WebViewClient(31410): should intercept1? https://www.youtube.com/api/stats/watchtime?ns=yt&el=leanback&cpn=p9GQS2nwY4fUCDFw&docid=uVWlOmBqd7s&ver=2&referrer=https%3A%2F%2Fwww.youtube.com%2Ftv&cmt=4&ei=WQFKXaXVA4vByQXB2LjQAg&fmt=137&fs=0&rt=30.994&of=tp_zx4OU8mAl5xWTiKPoxQ&euri=https%3A%2F%2Fwww.youtube.com%2Ftv%23%2Fwatch%2Fvideo%2Fidle%3Fv%3DuVWlOmBqd7s%26list%3DPLbl01QFpbBY3k5A8412DEqxwNuHBDudBz%26resume&lact=79&cl=261848553&state=paused&vm=CAMQARgBKiBjMlBXdzB4WmJkbFVCVmRLT0hlQ3c5aHRrLXBfR3BOQg&volume=100&c=TVHTML5&cver=6.20180913&cplayer=UNIPLAYER&cbrand=LG&cbr=Safari&cbrver&ctheme=CLASSIC&cmodel=42LA660S-ZA&cnetwork&cos&cosver&cplatform=TV&final=1&hl=en_US&cr=UA&len=189&list=PLbl01QFpbBY3k5A8412DEqxwNuHBDudBz&afmt=140&idpj=-6&ldpj=-33&muted=0&st=4&et=4&conn=1
D/SmartPreferences(31410): Is app just installed: false
D/MDP     (  161): DpBlit: in: (1280, 736, 40960, 20480, C12), crop: (0, 0, 1280, 720)
D/MDP     (  161): DpBlit: out: (1920, 1080, 3840, 0, C5), misc: (R:0, F:0, S:1, D:0)
D/SmartPreferences(31410): Is app just installed: false
D/YouTubeHistoryUpdater(31410): Start history updating: https://www.youtube.com/api/stats/watchtime?ns=yt&el=leanback&cpn=p9GQS2nwY4fUCDFw&docid=uVWlOmBqd7s&ver=2&referrer=https%3A%2F%2Fwww.youtube.com%2Ftv&cmt=4&ei=WQFKXaXVA4vByQXB2LjQAg&fmt=137&fs=0&rt=30.994&of=tp_zx4OU8mAl5xWTiKPoxQ&euri=https%3A%2F%2Fwww.youtube.com%2Ftv%23%2Fwatch%2Fvideo%2Fidle%3Fv%3DuVWlOmBqd7s%26list%3DPLbl01QFpbBY3k5A8412DEqxwNuHBDudBz%26resume&lact=79&cl=261848553&state=paused&vm=CAMQARgBKiBjMlBXdzB4WmJkbFVCVmRLT0hlQ3c5aHRrLXBfR3BOQg&volume=100&c=TVHTML5&cver=6.20180913&cplayer=UNIPLAYER&cbrand=LG&cbr=Safari&cbrver&ctheme=CLASSIC&cmodel=42LA660S-ZA&cnetwork&cos&cosver&cplatform=TV&final=1&hl=en_US&cr=UA&len=189&list=PLbl01QFpbBY3k5A8412DEqxwNuHBDudBz&afmt=140&idpj=-6&ldpj=-33&muted=0&st=4&et=4&conn=1, 3.227, 0.0
D/YouTubeHistoryUpdater(31410): Full tracking url: https://www.youtube.com/api/stats/watchtime?ns=yt&el=leanback&cpn=p9GQS2nwY4fUCDFw&docid=uVWlOmBqd7s&ver=2&referrer=https%3A%2F%2Fwww.youtube.com%2Ftv&cmt=3.227&ei=WQFKXaXVA4vByQXB2LjQAg&fmt=137&fs=0&rt=30.994&of=tp_zx4OU8mAl5xWTiKPoxQ&euri=https%3A%2F%2Fwww.youtube.com%2Ftv%23%2Fwatch%2Fvideo%2Fidle%3Fv%3DuVWlOmBqd7s%26list%3DPLbl01QFpbBY3k5A8412DEqxwNuHBDudBz%26resume&lact=79&cl=261848553&state=paused&vm=CAMQARgBKiBjMlBXdzB4WmJkbFVCVmRLT0hlQ3c5aHRrLXBfR3BOQg&volume=100&c=TVHTML5&cver=6.20180913&cplayer=UNIPLAYER&cbrand=LG&cbr=Safari&cbrver&ctheme=CLASSIC&cmodel=42LA660S-ZA&cnetwork&cos&cosver&cplatform=TV&final=1&hl=en_US&cr=UA&len=189.0&list=PLbl01QFpbBY3k5A8412DEqxwNuHBDudBz&afmt=140&idpj=-6&ldpj=-33&muted=0&st=3.227&et=3.227&conn=1
D/MDP     (  161): DpBlit: time 9 ms
D/YouTubeHistoryUpdater(31410): Tracking headers: {X-YouTube-Utc-Offset=180, Accept-Language=en-us, X-YouTube-Ad-Signals=dt=1564772449513&flash=0&frm&u_tz=180&u_his=50&u_java=true&u_h=540&u_w=960&u_ah=540&u_aw=960&u_cd=32&u_nplug&u_nmime&bc=1&bih=540&biw=960&brdim=0%2C0%2C0%2C0%2C960%2C0%2C960%2C540%2C960%2C540&vis=1&wgl=true&ca_type=image, X-YouTube-Page-Label=youtube.ytfe.desktop_20190729_3_RC0, X-YouTube-Page-CL=260482851, X-YouTube-Client-Name=TVHTML5, Cookie=PREF=f1=50000000; YSC=jAKQDp1-3QM; yt-dev.tv-token-list-c=%7B%7D; VISITOR_INFO1_LIVE=Ernru0m41Q4; GPS=1; S=youtube_lounge_remote=qFEbPhH4dsAPucBm8aK2O6uT0d5CvZx9; yt-dev.storage-integrity=true; yt-dev.account-credentials-c=%7B%22102307470137119736718%22%3A%7B%22oAuthClientIdName%22%3A%22device%22%2C%22refreshToken%22%3A%221/9v58iLMtG234e5X09GHA9wa1zsTVvcL0NFSekqRE8q0%22%2C%22gaiaId%22%3A%22102307470137119736718%22%7D%7D; yt-dev.active-account-c=%7B%22gaiaId%22%3A%22102307470137119736718%22%2C%22delegateRelationship%22%3A0%2C%22ownerGaiaId%22%3A%22102307470137119736718%22%7D; yt-dev.token-time-c=%7B%22tv-token-list%22%3A1554056522947%2C%22account-credentials%22%3A1565130827916%2C%22active-account%22%3A1565130827963%7D, Authorization=Bearer ya29.Gl1dB6NoUzTJjDQ7cr0BPy8AWegKqJ-l-44MAyzOIcTTMfgwGf1POg0YPmsvBdSBu0eNtkBu4gB07SM9foPskGC7NZilrBgV0KqbpmiFGRqBrlBOZvEiEF2HST5ZY4w, Referer=https://www.youtube.com/tv, User-Agent=Mozilla/5.0 (Unknown; Linux armv7l) AppleWebKit/537.1+ (KHTML, like Gecko) Safari/537.1+ LG Browser/6.00.00(+mouse+3D+SCREEN+TUNER; LGE; 42LA660S-ZA; 04.25.05; 0x00000001;); LG NetCast.TV-2013 /04.25.05 (LG, 42LA660S-ZA, wired), X-YouTube-Client-Version=6.20180913}
V/OKPRFL_37zv1ra_RQM(31410): GET
V/OKPRFL_37zv1ra_RQU(31410): https://www.youtube.com/api/stats/watchtime?ns=yt&el=leanback&cpn=p9GQS2nwY4fUCDFw&docid=uVWlOmBqd7s&ver=2&referrer=https%3A%2F%2Fwww.youtube.com%2Ftv&cmt=3.227&ei=WQFKXaXVA4vByQXB2LjQAg&fmt=137&fs=0&rt=30.994&of=tp_zx4OU8mAl5xWTiKPoxQ&euri=https%3A%2F%2Fwww.youtube.com%2Ftv%23%2Fwatch%2Fvideo%2Fidle%3Fv%3DuVWlOmBqd7s%26list%3DPLbl01QFpbBY3k5A8412DEqxwNuHBDudBz%26resume&lact=79&cl=261848553&state=paused&vm=CAMQARgBKiBjMlBXdzB4WmJkbFVCVmRLT0hlQ3c5aHRrLXBfR3BOQg&volume=100&c=TVHTML5&cver=6.20180913&cplayer=UNIPLAYER&cbrand=LG&cbr=Safari&cbrver&ctheme=CLASSIC&cmodel=42LA660S-ZA&cnetwork&cos&cosver&cplatform=TV&final=1&hl=en_US&cr=UA&len=189.0&list=PLbl01QFpbBY3k5A8412DEqxwNuHBDudBz&afmt=140&idpj=-6&ldpj=-33&muted=0&st=3.227&et=3.227&conn=1
V/OKPRFL_37zv1ra_RQT(31410): 1565131125415
V/OKPRFL_37zv1ra_RQH(31410): Accept-Language: en-us
V/OKPRFL_37zv1ra_RQH(31410): Authorization: Bearer ya29.Gl1dB6NoUzTJjDQ7cr0BPy8AWegKqJ-l-44MAyzOIcTTMfgwGf1POg0YPmsvBdSBu0eNtkBu4gB07SM9foPskGC7NZilrBgV0KqbpmiFGRqBrlBOZvEiEF2HST5ZY4w
V/OKPRFL_37zv1ra_RQH(31410): Cookie: PREF=f1=50000000; YSC=jAKQDp1-3QM; yt-dev.tv-token-list-c=%7B%7D; VISITOR_INFO1_LIVE=Ernru0m41Q4; GPS=1; S=youtube_lounge_remote=qFEbPhH4dsAPucBm8aK2O6uT0d5CvZx9; yt-dev.storage-integrity=true; yt-dev.account-credentials-c=%7B%22102307470137119736718%22%3A%7B%22oAuthClientIdName%22%3A%22device%22%2C%22refreshToken%22%3A%221/9v58iLMtG234e5X09GHA9wa1zsTVvcL0NFSekqRE8q0%22%2C%22gaiaId%22%3A%22102307470137119736718%22%7D%7D; yt-dev.active-account-c=%7B%22gaiaId%22%3A%22102307470137119736718%22%2C%22delegateRelationship%22%3A0%2C%22ownerGaiaId%22%3A%22102307470137119736718%22%7D; yt-dev.token-time-c=%7B%22tv-token-list%22%3A1554056522947%2C%22account-credentials%22%3A1565130827916%2C%22active-account%22%3A1565130827963%7D
V/OKPRFL_37zv1ra_RQH(31410): Referer: https://www.youtube.com/tv
V/OKPRFL_37zv1ra_RQH(31410): User-Agent: Mozilla/5.0 (Unknown; Linux armv7l) AppleWebKit/537.1+ (KHTML, like Gecko) Safari/537.1+ LG Browser/6.00.00(+mouse+3D+SCREEN+TUNER; LGE; 42LA660S-ZA; 04.25.05; 0x00000001;); LG NetCast.TV-2013 /04.25.05 (LG, 42LA660S-ZA, wired)
V/OKPRFL_37zv1ra_RQH(31410): X-YouTube-Ad-Signals: dt=1564772449513&flash=0&frm&u_tz=180&u_his=50&u_java=true&u_h=540&u_w=960&u_ah=540&u_aw=960&u_cd=32&u_nplug&u_nmime&bc=1&bih=540&biw=960&brdim=0%2C0%2C0%2C0%2C960%2C0%2C960%2C540%2C960%2C540&vis=1&wgl=true&ca_type=image
D/MDP     (  161): DpBlit: in: (1280, 736, 40960, 20480, C12), crop: (0, 0, 1280, 720)
D/MDP     (  161): DpBlit: out: (1920, 1080, 3840, 0, C5), misc: (R:0, F:0, S:1, D:0)
V/OKPRFL_37zv1ra_RQH(31410): X-YouTube-Client-Name: TVHTML5
V/OKPRFL_37zv1ra_RQH(31410): X-YouTube-Client-Version: 6.20180913
V/OKPRFL_37zv1ra_RQH(31410): X-YouTube-Page-CL: 260482851
V/OKPRFL_37zv1ra_RQH(31410): X-YouTube-Page-Label: youtube.ytfe.desktop_20190729_3_RC0
V/OKPRFL_37zv1ra_RQH(31410): X-YouTube-Utc-Offset: 180
D/NativeCrypto(31410): ssl=0x6839f208 sslWrite buf=0x43046f10 len=2434 write_timeout_millis=0
D/NativeCrypto(31410): ssl=0x6839f208 sslRead buf=0x43046f10 len=8192,timeo=20000
D/bt-att  (  741): gatt_get_ch_state: ch_state=4
D/bt-btif (  741): bta_hh_co_write:ev.u.input.data[0]=2,current interval=20
D/bt-btif (  741): bta_hh_co_write:ev.u.input.data[1]=0,current interval=20
D/bt-btif (  741): bta_hh_co_write:ev.u.input.data[2]=0,current interval=20
D/bt-btif (  741): bta_hh_co_write:ev.u.input.data[3]=0,current interval=20
D/bt-btif (  741): bta_hh_co_write:ev.u.input.data[4]=0,current interval=20
D/bt-btif (  741): bta_hh_co_write:ev.u.input.data[5]=0,current interval=20
D/bt-btif (  741): bta_hh_co_write:ev.u.input.data[6]=0,current interval=20
D/bt-btif (  741): bta_hh_co_write:ev.u.input.data[7]=0,current interval=20
D/bt-btif (  741): bta_hh_co_write:ev.u.input.data[8]=0,current interval=20
D/EventHub(  659): epoll_wait()  end--
D/EventHub(  659): getEvents mPendingEventIndex 0,mPendingEventCount 1 
D/EventHub(  659): In EventHub::getEvents(): read1  begin--
D/EventHub(  659): In EventHub::getEvents(): read1  end--
D/EventHub(  659): EventHub::getEvents   end---------- because of event count: 3,
D/InputReader(  659): got Events from EventHub 3
D/InputReader(  659): BatchSize: 3 Count: 3
D/InputReader(  659): Input event: device=52 type=0x0004 code=0x0004 value=0x00070028 when=1057259367776000
D/InputReader(  659): Input event: device=52 type=0x0001 code=0x001c value=0x00000000 when=1057259367783000
D/InputReader(  659): Input event: device=52 type=0x0000 code=0x0000 value=0x00000000 when=1057259367786000
D/WindowManager(  659): interceptKeyTq keycode=66 screenIsOn=true keyguardActive=false policyFlags = #2000000 down =false canceled = false isWakeKey=false mVolumeDownKeyTriggered =false mVolumeUpKeyTriggered =false
V/WindowManager(  659): ######## Clear factory key sequence ########
D/EventHub(  659): EventHub::getEvents   begin----------
D/EventHub(  659): getEvents mPendingEventIndex 1,mPendingEventCount 1 
D/EventHub(  659): epoll_wait()  begin--
D/MDP     (  161): DpBlit: time 10 ms
D/KeyguardViewMediator(  728): isInputRestricted: showing=false, needReshow=false, provisioned=true
D/WindowManager(  659): interceptKeyTi keyCode=66 down=false repeatCount=0 keyguardOn=false mHomePressed=false canceled=false metaState:0
D/WebViewCallback(31410): shouldInterceptRequest=https://www.youtube.com/api/stats/qoe?event=streamingstats&fmt=137&afmt=140&cpn=p9GQS2nwY4fUCDFw&ei=WQFKXaXVA4vByQXB2LjQAg&el=leanback&docid=uVWlOmBqd7s&ns=yt&fexp=23735274%2C23744176%2C23751767%2C23758225%2C23788875%2C23793834%2C23803139%2C23804281%2C23805410%2C23806014%2C23812325%2C23818122%2C23818585%2C23821232%2C23825157%2C23827174%2C23827783%2C23828061%2C23828083%2C23830019%2C23830086%2C23830173%2C23830397%2C23830574%2C23831150%2C23831713%2C23831757%2C23832303%2C23832308%2C23832381%2C23833277%2C23833277%2C9449243%2C9474356&cl=261848553&seq=3&c=TVHTML5&cver=6.20180913&cplayer=UNIPLAYER&cbrand=LG&cbr=Safari&cbrver&ctheme=CLASSIC&cmodel=42LA660S-ZA&cnetwork&cos&cosver&cplatform=TV&cmt=30.967:4.000,31.006:4.000&vps=30.967:N,31.006:N&bh=31.006:0.000
I/Tab.WebViewClient(31410): should intercept1? https://www.youtube.com/api/stats/qoe?event=streamingstats&fmt=137&afmt=140&cpn=p9GQS2nwY4fUCDFw&ei=WQFKXaXVA4vByQXB2LjQAg&el=leanback&docid=uVWlOmBqd7s&ns=yt&fexp=23735274%2C23744176%2C23751767%2C23758225%2C23788875%2C23793834%2C23803139%2C23804281%2C23805410%2C23806014%2C23812325%2C23818122%2C23818585%2C23821232%2C23825157%2C23827174%2C23827783%2C23828061%2C23828083%2C23830019%2C23830086%2C23830173%2C23830397%2C23830574%2C23831150%2C23831713%2C23831757%2C23832303%2C23832308%2C23832381%2C23833277%2C23833277%2C9449243%2C9474356&cl=261848553&seq=3&c=TVHTML5&cver=6.20180913&cplayer=UNIPLAYER&cbrand=LG&cbr=Safari&cbrver&ctheme=CLASSIC&cmodel=42LA660S-ZA&cnetwork&cos&cosver&cplatform=TV&cmt=30.967:4.000,31.006:4.000&vps=30.967:N,31.006:N&bh=31.006:0.000
D/SmartPreferences(31410): Is app just installed: false
D/SmartPreferences(31410): Is app just installed: false
D/FragmentManagerActivity(31410): Dispatching event: KeyEvent { action=ACTION_UP, keyCode=KEYCODE_ENTER, scanCode=28, metaState=0, flags=0x8, repeatCount=0, eventTime=1057259367, downTime=1057259211, deviceId=52, source=0x301 }, on fragment: SmartYouTubeTV4KFragment
D/KeyTranslator(31410): No need to translate: KeyEvent { action=ACTION_UP, keyCode=KEYCODE_ENTER, scanCode=28, metaState=0, flags=0x8, repeatCount=0, eventTime=1057259367, downTime=1057259211, deviceId=52, source=0x301 }
D/WebViewCallback(31410): shouldOverrideKeyEvent
D/MDP     (  161): DpBlit: in: (1280, 736, 40960, 20480, C12), crop: (0, 0, 1280, 720)
D/MDP     (  161): DpBlit: out: (1920, 1080, 3840, 0, C5), misc: (R:0, F:0, S:1, D:0)
D/MDP     (  161): DpBlit: time 9 ms
D/MDP     (  161): DpBlit: in: (1280, 736, 40960, 20480, C12), crop: (0, 0, 1280, 720)
D/MDP     (  161): DpBlit: out: (1920, 1080, 3840, 0, C5), misc: (R:0, F:0, S:1, D:0)
D/MDP     (  161): DpBlit: time 9 ms
D/YouTubeHistoryUpdater(31410): Tracking response: Response{protocol=http/1.1, code=204, message=No Content, url=https://www.youtube.com/api/stats/watchtime?ns=yt&el=leanback&cpn=p9GQS2nwY4fUCDFw&docid=uVWlOmBqd7s&ver=2&referrer=https%3A%2F%2Fwww.youtube.com%2Ftv&cmt=3.227&ei=WQFKXaXVA4vByQXB2LjQAg&fmt=137&fs=0&rt=30.994&of=tp_zx4OU8mAl5xWTiKPoxQ&euri=https%3A%2F%2Fwww.youtube.com%2Ftv%23%2Fwatch%2Fvideo%2Fidle%3Fv%3DuVWlOmBqd7s%26list%3DPLbl01QFpbBY3k5A8412DEqxwNuHBDudBz%26resume&lact=79&cl=261848553&state=paused&vm=CAMQARgBKiBjMlBXdzB4WmJkbFVCVmRLT0hlQ3c5aHRrLXBfR3BOQg&volume=100&c=TVHTML5&cver=6.20180913&cplayer=UNIPLAYER&cbrand=LG&cbr=Safari&cbrver&ctheme=CLASSIC&cmodel=42LA660S-ZA&cnetwork&cos&cosver&cplatform=TV&final=1&hl=en_US&cr=UA&len=189.0&list=PLbl01QFpbBY3k5A8412DEqxwNuHBDudBz&afmt=140&idpj=-6&ldpj=-33&muted=0&st=3.227&et=3.227&conn=1}
V/OKPRFL_37zv1ra_RSS(31410): 204
V/OKPRFL_37zv1ra_RSH(31410): Alt-Svc:quic=":443"; ma=2592000; v="46,43,39"
V/OKPRFL_37zv1ra_RSH(31410): Cache-Control:no-cache, must-revalidate
V/OKPRFL_37zv1ra_RSH(31410): Content-Length:0
V/OKPRFL_37zv1ra_RSH(31410): Content-Type:text/html; charset=UTF-8
V/OKPRFL_37zv1ra_RSH(31410): Date:Tue, 06 Aug 2019 22:38:45 GMT
V/OKPRFL_37zv1ra_RSH(31410): Expires:Fri, 01 Jan 1990 00:00:00 GMT
V/OKPRFL_37zv1ra_RSH(31410): Pragma:no-cache
V/OKPRFL_37zv1ra_RSH(31410): Server:Video Stats Server
V/OKPRFL_37zv1ra_RSH(31410): X-Content-Type-Options:nosniff
V/OKPRFL_37zv1ra_RSH(31410): X-Frame-Options:SAMEORIGIN
V/OKPRFL_37zv1ra_RSH(31410): X-XSS-Protection:0
V/OKPRFL_37zv1ra_RST(31410): 68
V/OKPRFL_37zv1ra_RSD(31410): -->
D/MDP     (  161): DpBlit: in: (1280, 736, 40960, 20480, C12), crop: (0, 0, 1280, 720)
D/MDP     (  161): DpBlit: out: (1920, 1080, 3840, 0, C5), misc: (R:0, F:0, S:1, D:0)
D/MDP     (  161): DpBlit: time 9 ms
D/MDP     (  161): DpBlit: in: (1280, 736, 40960, 20480, C12), crop: (0, 0, 1280, 720)
D/MDP     (  161): DpBlit: out: (1920, 1080, 3840, 0, C5), misc: (R:0, F:0, S:1, D:0)
D/MDP     (  161): DpBlit: time 10 ms
D/MDP     (  161): DpBlit: in: (1280, 736, 40960, 20480, C12), crop: (0, 0, 1280, 720)
D/MDP     (  161): DpBlit: out: (1920, 1080, 3840, 0, C5), misc: (R:0, F:0, S:1, D:0)
D/MDP     (  161): DpBlit: time 9 ms
D/MDP     (  161): DpBlit: in: (1280, 736, 40960, 20480, C12), crop: (0, 0, 1280, 720)
D/MDP     (  161): DpBlit: out: (1920, 1080, 3840, 0, C5), misc: (R:0, F:0, S:1, D:0)
D/MDP     (  161): DpBlit: time 10 ms
D/WebViewCallback(31410): doUpdateVisitedHistory=https://www.youtube.com/tv#/watch/video/idle?v=uVWlOmBqd7s&list=PLbl01QFpbBY3k5A8412DEqxwNuHBDudBz&resume reload=false
W/chromium(31410): [WARNING:password_handler.cc(60)] DidNavigateAnyFrame can_save = 0
D/AwPasswordHandler(31410): getSavePassword true
W/chromium(31410): [WARNING:aw_password_handler_delegate_impl.cc(201)] IsSavePasswordEnabled ret is 
W/chromium(31410): [WARNING:password_handler.cc(83)] DidNavigateAnyFrame password is not submitted!!
D/WebViewCallback(31410): onReceivedTitle
D/WebViewCallback(31410): onPageFinished=https://www.youtube.com/tv#/watch/video/idle?v=uVWlOmBqd7s&list=PLbl01QFpbBY3k5A8412DEqxwNuHBDudBz&resume
I/Tab.WebViewClient(31410): logPageFinishedLoading: https://www.youtube.com/tv#/watch/video/idle?v=uVWlOmBqd7s&list=PLbl01QFpbBY3k5A8412DEqxwNuHBDudBz&resume 48239
D/MDP     (  161): DpBlit: in: (1280, 736, 40960, 20480, C12), crop: (0, 0, 1280, 720)
D/MDP     (  161): DpBlit: out: (1920, 1080, 3840, 0, C5), misc: (R:0, F:0, S:1, D:0)
D/MDP     (  161): DpBlit: time 9 ms
D/MDP     (  161): DpBlit: in: (1280, 736, 40960, 20480, C12), crop: (0, 0, 1280, 720)
D/MDP     (  161): DpBlit: out: (1920, 1080, 3840, 0, C5), misc: (R:0, F:0, S:1, D:0)
D/MDP     (  161): DpBlit: time 9 ms
D/MDP     (  161): DpBlit: in: (1280, 736, 40960, 20480, C12), crop: (0, 0, 1280, 720)
D/MDP     (  161): DpBlit: out: (1920, 1080, 3840, 0, C5), misc: (R:0, F:0, S:1, D:0)
D/MDP     (  161): DpBlit: time 9 ms
D/MDP     (  161): DpBlit: in: (1280, 736, 40960, 20480, C12), crop: (0, 0, 1280, 720)
D/MDP     (  161): DpBlit: out: (1920, 1080, 3840, 0, C5), misc: (R:0, F:0, S:1, D:0)
D/MDP     (  161): DpBlit: time 9 ms
D/MDP     (  161): DpBlit: in: (1280, 736, 40960, 20480, C12), crop: (0, 0, 1280, 720)
D/MDP     (  161): DpBlit: out: (1920, 1080, 3840, 0, C5), misc: (R:0, F:0, S:1, D:0)
D/WebViewCallback(31410): onConsoleMessage
D/MDP     (  161): DpBlit: time 10 ms
W/Tab     (31410): Console: The page at https://www.youtube.com/tv#/watch/video/idle?v=uVWlOmBqd7s&list=PLbl01QFpbBY3k5A8412DEqxwNuHBDudBz&resume displayed insecure content from android-webview:default_video_poster/-3604142158762336310.
W/Tab     (31410):  https://www.youtube.com/tv#/watch/video/idle?v=uVWlOmBqd7s&list=PLbl01QFpbBY3k5A8412DEqxwNuHBDudBz&resume:0
D/MDP     (  161): DpBlit: in: (1280, 736, 40960, 20480, C12), crop: (0, 0, 1280, 720)
D/MDP     (  161): DpBlit: out: (1920, 1080, 3840, 0, C5), misc: (R:0, F:0, S:1, D:0)
D/MDP     (  161): DpBlit: time 9 ms
D/MDP     (  161): DpBlit: in: (1280, 736, 40960, 20480, C12), crop: (0, 0, 1280, 720)
D/MDP     (  161): DpBlit: out: (1920, 1080, 3840, 0, C5), misc: (R:0, F:0, S:1, D:0)
D/MDP     (  161): DpBlit: time 9 ms
D/MDP     (  161): DpBlit: in: (1280, 736, 40960, 20480, C12), crop: (0, 0, 1280, 720)
D/MDP     (  161): DpBlit: out: (1920, 1080, 3840, 0, C5), misc: (R:0, F:0, S:1, D:0)
D/MDP     (  161): DpBlit: time 9 ms
D/MDP     (  161): DpBlit: in: (1280, 736, 40960, 20480, C12), crop: (0, 0, 1280, 720)
D/MDP     (  161): DpBlit: out: (1920, 1080, 3840, 0, C5), misc: (R:0, F:0, S:1, D:0)
D/MDP     (  161): DpBlit: time 9 ms
D/WebViewCallback(31410): onConsoleMessage
I/Tab     (31410): Console: ListenerUtil: Running pending handlers... 2 https://www.youtube.com/s/tv/html5/loader/live.js:176
D/WebViewCallback(31410): onConsoleMessage
I/Tab     (31410): Console: ListenerUtil: Trying to add_handler to the #search-keyboard https://www.youtube.com/s/tv/html5/loader/live.js:176
D/WebViewCallback(31410): onConsoleMessage
I/Tab     (31410): Console: ListenerUtil: Can't add_handler: element #search-keyboard not initialized... waiting... https://www.youtube.com/s/tv/html5/loader/live.js:176
D/WebViewCallback(31410): onConsoleMessage
I/Tab     (31410): Console: ListenerUtil: Trying to add_handler to the #search-suggestions https://www.youtube.com/s/tv/html5/loader/live.js:176
D/WebViewCallback(31410): onConsoleMessage
I/Tab     (31410): Console: ListenerUtil: Can't add_handler: element #search-suggestions not initialized... waiting... https://www.youtube.com/s/tv/html5/loader/live.js:176
D/MDP     (  161): DpBlit: in: (1280, 736, 40960, 20480, C12), crop: (0, 0, 1280, 720)
D/MDP     (  161): DpBlit: out: (1920, 1080, 3840, 0, C5), misc: (R:0, F:0, S:1, D:0)
D/MDP     (  161): DpBlit: time 10 ms
D/MDP     (  161): DpBlit: in: (1280, 736, 40960, 20480, C12), crop: (0, 0, 1280, 720)
D/MDP     (  161): DpBlit: out: (1920, 1080, 3840, 0, C5), misc: (R:0, F:0, S:1, D:0)
D/MDP     (  161): DpBlit: time 9 ms
D/MDP     (  161): DpBlit: in: (1280, 736, 40960, 20480, C12), crop: (0, 0, 1280, 720)
D/MDP     (  161): DpBlit: out: (1920, 1080, 3840, 0, C5), misc: (R:0, F:0, S:1, D:0)
D/MDP     (  161): DpBlit: time 9 ms
D/MDP     (  161): DpBlit: in: (1280, 736, 40960, 20480, C12), crop: (0, 0, 1280, 720)
D/MDP     (  161): DpBlit: out: (1920, 1080, 3840, 0, C5), misc: (R:0, F:0, S:1, D:0)
D/MDP     (  161): DpBlit: time 9 ms
D/MDP     (  161): DpBlit: in: (1280, 736, 40960, 20480, C12), crop: (0, 0, 1280, 720)
D/MDP     (  161): DpBlit: out: (1920, 1080, 3840, 0, C5), misc: (R:0, F:0, S:1, D:0)
D/MDP     (  161): DpBlit: time 9 ms
D/MDP     (  161): DpBlit: in: (1280, 736, 40960, 20480, C12), crop: (0, 0, 1280, 720)
D/MDP     (  161): DpBlit: out: (1920, 1080, 3840, 0, C5), misc: (R:0, F:0, S:1, D:0)
D/MDP     (  161): DpBlit: time 9 ms
D/MDP     (  161): DpBlit: in: (1280, 736, 40960, 20480, C12), crop: (0, 0, 1280, 720)
D/MDP     (  161): DpBlit: out: (1920, 1080, 3840, 0, C5), misc: (R:0, F:0, S:1, D:0)
D/MDP     (  161): DpBlit: time 9 ms
I/BufferQueue(  161): [com.liskovsoft.videomanager/com.liskovsoft.smartyoutubetv.flavors.exoplayer.SmartYouTubeTV4K](this:0xb75feab8,id:2937,api:1,p:31410,c:161) [release] fps:40.00, dur:1000.00, max:26.27, min:23.93
D/MDP     (  161): DpBlit: in: (1280, 736, 40960, 20480, C12), crop: (0, 0, 1280, 720)
D/MDP     (  161): DpBlit: out: (1920, 1080, 3840, 0, C5), misc: (R:0, F:0, S:1, D:0)
I/BufferQueue(  161): [com.liskovsoft.videomanager/com.liskovsoft.smartyoutubetv.flavors.exoplayer.SmartYouTubeTV4K](this:0xb75feab8,id:2937,api:1,p:31410,c:161) [queue] fps:39.98, dur:1000.40, max:43.92, min:10.38
D/MDP     (  161): DpBlit: time 9 ms
D/MDP     (  161): DpBlit: in: (1280, 736, 40960, 20480, C12), crop: (0, 0, 1280, 720)
D/MDP     (  161): DpBlit: out: (1920, 1080, 3840, 0, C5), misc: (R:0, F:0, S:1, D:0)
D/WebViewCallback(31410): shouldInterceptRequest=https://www.youtube.com/api/lounge/bc/bind?device=LOUNGE_SCREEN&id=ec89dcfd-c3bf-40da-8a57-626958117f70&name=YouTube%20on%20TV&app=lb-v4&theme=cl&capabilities=dsp&mdxVersion=2&loungeIdToken=AGdO5p9zUtbFjcSnNm2nwoVS950tayzvLcEtUXesRVpg_ZKcKoyei-GtS6ypsc7ZdaFOZMUadgnJxZB3qLeWRXxIMJCGIowIB_XX92AYfwvve1ssH6K1mHo&VER=8&v=2&SID=597D167417CD52A4&RID=99869&AID=5&gsessionid=n_oppjkqyIsAap2kr3ZUrekGZ5eHzHMD&zx=b9311irqmao0&t=1
D/MDP     (  161): DpBlit: time 10 ms
I/Tab.WebViewClient(31410): should intercept1? https://www.youtube.com/api/lounge/bc/bind?device=LOUNGE_SCREEN&id=ec89dcfd-c3bf-40da-8a57-626958117f70&name=YouTube%20on%20TV&app=lb-v4&theme=cl&capabilities=dsp&mdxVersion=2&loungeIdToken=AGdO5p9zUtbFjcSnNm2nwoVS950tayzvLcEtUXesRVpg_ZKcKoyei-GtS6ypsc7ZdaFOZMUadgnJxZB3qLeWRXxIMJCGIowIB_XX92AYfwvve1ssH6K1mHo&VER=8&v=2&SID=597D167417CD52A4&RID=99869&AID=5&gsessionid=n_oppjkqyIsAap2kr3ZUrekGZ5eHzHMD&zx=b9311irqmao0&t=1
D/SmartPreferences(31410): Is app just installed: false
D/WebViewCallback(31410): onLoadResource=https://www.youtube.com/api/lounge/bc/bind?device=LOUNGE_SCREEN&id=ec89dcfd-c3bf-40da-8a57-626958117f70&name=YouTube%20on%20TV&app=lb-v4&theme=cl&capabilities=dsp&mdxVersion=2&loungeIdToken=AGdO5p9zUtbFjcSnNm2nwoVS950tayzvLcEtUXesRVpg_ZKcKoyei-GtS6ypsc7ZdaFOZMUadgnJxZB3qLeWRXxIMJCGIowIB_XX92AYfwvve1ssH6K1mHo&VER=8&v=2&SID=597D167417CD52A4&RID=99869&AID=5&gsessionid=n_oppjkqyIsAap2kr3ZUrekGZ5eHzHMD&zx=b9311irqmao0&t=1
D/MDP     (  161): DpBlit: in: (1280, 736, 40960, 20480, C12), crop: (0, 0, 1280, 720)
D/MDP     (  161): DpBlit: out: (1920, 1080, 3840, 0, C5), misc: (R:0, F:0, S:1, D:0)
D/MDP     (  161): DpBlit: time 9 ms
D/MDP     (  161): DpBlit: in: (1280, 736, 40960, 20480, C12), crop: (0, 0, 1280, 720)
D/MDP     (  161): DpBlit: out: (1920, 1080, 3840, 0, C5), misc: (R:0, F:0, S:1, D:0)
D/MDP     (  161): DpBlit: time 9 ms
D/WebViewCallback(31410): onConsoleMessage
W/Tab     (31410): Console: The page at https://www.youtube.com/tv#/watch/video/idle?v=uVWlOmBqd7s&list=PLbl01QFpbBY3k5A8412DEqxwNuHBDudBz&resume displayed insecure content from android-webview:default_video_poster/-3604142158762336310.
W/Tab     (31410):  https://www.youtube.com/tv#/watch/video/idle?v=uVWlOmBqd7s&list=PLbl01QFpbBY3k5A8412DEqxwNuHBDudBz&resume:0
D/WebViewCallback(31410): shouldInterceptRequest=https://www.youtube.com/get_video_info?html5=1&video_id=uVWlOmBqd7s&cpn=3O67d1F_TcCPD_yY&eurl=https%3A%2F%2Fwww.youtube.com%2Ftv%23%2Fwatch%2Fvideo%2Fidle%3Fv%3DuVWlOmBqd7s%26list%3DPLbl01QFpbBY3k5A8412DEqxwNuHBDudBz%26resume&ps=leanback&el=leanback&hl=en_US&list=PLbl01QFpbBY3k5A8412DEqxwNuHBDudBz&sts=18114&lact=773&c=TVHTML5&cver=6.20180913&cplayer=UNIPLAYER&cbrand=LG&cbr=Safari&cbrver&ctheme=CLASSIC&cmodel=42LA660S-ZA&cnetwork&cos&cosver&cplatform=TV&access_token=ya29.Gl1dB6NoUzTJjDQ7cr0BPy8AWegKqJ-l-44MAyzOIcTTMfgwGf1POg0YPmsvBdSBu0eNtkBu4gB07SM9foPskGC7NZilrBgV0KqbpmiFGRqBrlBOZvEiEF2HST5ZY4w&itct=CHUQljUYACITCLXVhten7-MCFQI1sgodfpwNPDIHZy10b3BpY1oPRkV3aGF0X3RvX3dhdGNo&width=960&height=540&ei=SgFKXbHpJK2c7ASbk4iICg
I/Tab.WebViewClient(31410): should intercept1? https://www.youtube.com/get_video_info?html5=1&video_id=uVWlOmBqd7s&cpn=3O67d1F_TcCPD_yY&eurl=https%3A%2F%2Fwww.youtube.com%2Ftv%23%2Fwatch%2Fvideo%2Fidle%3Fv%3DuVWlOmBqd7s%26list%3DPLbl01QFpbBY3k5A8412DEqxwNuHBDudBz%26resume&ps=leanback&el=leanback&hl=en_US&list=PLbl01QFpbBY3k5A8412DEqxwNuHBDudBz&sts=18114&lact=773&c=TVHTML5&cver=6.20180913&cplayer=UNIPLAYER&cbrand=LG&cbr=Safari&cbrver&ctheme=CLASSIC&cmodel=42LA660S-ZA&cnetwork&cos&cosver&cplatform=TV&access_token=ya29.Gl1dB6NoUzTJjDQ7cr0BPy8AWegKqJ-l-44MAyzOIcTTMfgwGf1POg0YPmsvBdSBu0eNtkBu4gB07SM9foPskGC7NZilrBgV0KqbpmiFGRqBrlBOZvEiEF2HST5ZY4w&itct=CHUQljUYACITCLXVhten7-MCFQI1sgodfpwNPDIHZy10b3BpY1oPRkV3aGF0X3RvX3dhdGNo&width=960&height=540&ei=SgFKXbHpJK2c7ASbk4iICg
D/SmartPreferences(31410): Is app just installed: false
D/SmartPreferences(31410): Is app just installed: false
D/MDP     (  161): DpBlit: in: (1280, 736, 40960, 20480, C12), crop: (0, 0, 1280, 720)
D/MDP     (  161): DpBlit: out: (1920, 1080, 3840, 0, C5), misc: (R:0, F:0, S:1, D:0)
D/ExoInterceptor(31410): Video intercepted: https://www.youtube.com/get_video_info?html5=1&video_id=uVWlOmBqd7s&cpn=3O67d1F_TcCPD_yY&eurl=https%3A%2F%2Fwww.youtube.com%2Ftv%23%2Fwatch%2Fvideo%2Fidle%3Fv%3DuVWlOmBqd7s%26list%3DPLbl01QFpbBY3k5A8412DEqxwNuHBDudBz%26resume&ps=leanback&el=leanback&hl=en_US&list=PLbl01QFpbBY3k5A8412DEqxwNuHBDudBz&sts=18114&lact=773&c=TVHTML5&cver=6.20180913&cplayer=UNIPLAYER&cbrand=LG&cbr=Safari&cbrver&ctheme=CLASSIC&cmodel=42LA660S-ZA&cnetwork&cos&cosver&cplatform=TV&access_token=ya29.Gl1dB6NoUzTJjDQ7cr0BPy8AWegKqJ-l-44MAyzOIcTTMfgwGf1POg0YPmsvBdSBu0eNtkBu4gB07SM9foPskGC7NZilrBgV0KqbpmiFGRqBrlBOZvEiEF2HST5ZY4w&itct=CHUQljUYACITCLXVhten7-MCFQI1sgodfpwNPDIHZy10b3BpY1oPRkV3aGF0X3RvX3dhdGNo&width=960&height=540&ei=SgFKXbHpJK2c7ASbk4iICg
D/BackgroundActionManager(31410): Video closed ms ago: 11236
D/MDP     (  161): DpBlit: time 9 ms
V/OKPRFL_37zv2ah_RQM(31410): POST
V/OKPRFL_37zv2ah_RQU(31410): https://www.youtube.com/youtubei/v1/next
V/OKPRFL_37zv2ah_RQT(31410): 1565131126106
V/OKPRFL_37zv2ah_RQH(31410): Content-Type: application/json; charset=utf-8
V/OKPRFL_37zv2ah_RQH(31410): Content-Length: 594
V/OKPRFL_37zv2ah_RQH(31410): Accept-Language: en-us
V/OKPRFL_37zv2ah_RQH(31410): Authorization: Bearer ya29.Gl1dB6NoUzTJjDQ7cr0BPy8AWegKqJ-l-44MAyzOIcTTMfgwGf1POg0YPmsvBdSBu0eNtkBu4gB07SM9foPskGC7NZilrBgV0KqbpmiFGRqBrlBOZvEiEF2HST5ZY4w
V/OKPRFL_37zv2ah_RQH(31410): Cookie: PREF=f1=50000000; YSC=jAKQDp1-3QM; yt-dev.tv-token-list-c=%7B%7D; VISITOR_INFO1_LIVE=Ernru0m41Q4; GPS=1; S=youtube_lounge_remote=qFEbPhH4dsAPucBm8aK2O6uT0d5CvZx9; yt-dev.storage-integrity=true; yt-dev.account-credentials-c=%7B%22102307470137119736718%22%3A%7B%22oAuthClientIdName%22%3A%22device%22%2C%22refreshToken%22%3A%221/9v58iLMtG234e5X09GHA9wa1zsTVvcL0NFSekqRE8q0%22%2C%22gaiaId%22%3A%22102307470137119736718%22%7D%7D; yt-dev.active-account-c=%7B%22gaiaId%22%3A%22102307470137119736718%22%2C%22delegateRelationship%22%3A0%2C%22ownerGaiaId%22%3A%22102307470137119736718%22%7D; yt-dev.token-time-c=%7B%22tv-token-list%22%3A1554056522947%2C%22account-credentials%22%3A1565130827916%2C%22active-account%22%3A1565130827963%7D
V/OKPRFL_37zv2ah_RQH(31410): Referer: https://www.youtube.com/tv
V/OKPRFL_37zv2ah_RQH(31410): User-Agent: Mozilla/5.0 (Unknown; Linux armv7l) AppleWebKit/537.1+ (KHTML, like Gecko) Safari/537.1+ LG Browser/6.00.00(+mouse+3D+SCREEN+TUNER; LGE; 42LA660S-ZA; 04.25.05; 0x00000001;); LG NetCast.TV-2013 /04.25.05 (LG, 42LA660S-ZA, wired)
V/OKPRFL_37zv2ah_RQH(31410): X-YouTube-Ad-Signals: dt=1564772449513&flash=0&frm&u_tz=180&u_his=50&u_java=true&u_h=540&u_w=960&u_ah=540&u_aw=960&u_cd=32&u_nplug&u_nmime&bc=1&bih=540&biw=960&brdim=0%2C0%2C0%2C0%2C960%2C0%2C960%2C540%2C960%2C540&vis=1&wgl=true&ca_type=image
V/OKPRFL_37zv2ah_RQH(31410): X-YouTube-Client-Name: TVHTML5
V/OKPRFL_37zv2ah_RQH(31410): X-YouTube-Client-Version: 6.20180913
V/OKPRFL_37zv2ah_RQH(31410): X-YouTube-Page-CL: 260482851
V/OKPRFL_37zv2ah_RQH(31410): X-YouTube-Page-Label: youtube.ytfe.desktop_20190729_3_RC0
V/OKPRFL_37zv2ah_RQH(31410): X-YouTube-Utc-Offset: 180
V/OKPRFL_37zv2ah_RQB(31410): {"context":{"client":{"clientName":"TVHTML5","clientVersion":"6.20180913","screenWidthPoints":1280,"screenHeightPoints":720,"screenPixelDensity":1,"theme":"CLASSIC","utcOffsetMinutes":180,"webpSupport":false,"animatedWebpSupport":false,"tvAppInfo":{"appQuality":"TV_APP_QUALITY_LIMITED_ANIMATION"},"acceptRegion":"UA","deviceMake":"LG","deviceModel":"42LA660S-ZA","platform":"TV","acceptLanguage":"en-us"},"request":{"consistencyTokenJars":[]},"user":{"enableSafetyMode":false}},"videoId":"uVWlOmBqd7s","playlistId":"PLbl01QFpbBY3k5A8412DEqxwNuHBDudBz","racyCheckOk":true,"contentCheckOk":true}
D/NativeCrypto(31410): ssl=0x6839f208 sslRead buf=0x43046f10 len=8192,timeo=10
D/TwoFragmentsManagerActivity(31410): opening player for intent=null
D/TwoFragmentsManagerActivity(31410): Moving fragment to top: ExoPlayerFragment
D/FragmentManagerActivity(31410): Resuming fragment: ExoPlayerFragment
D/MDP     (  161): DpBlit: in: (1280, 736, 40960, 20480, C12), crop: (0, 0, 1280, 720)
D/MDP     (  161): DpBlit: out: (1920, 1080, 3840, 0, C5), misc: (R:0, F:0, S:1, D:0)
D/NativeCrypto(31410): ssl=0x6839f208 sslWrite buf=0x4304ef70 len=2391 write_timeout_millis=0
